2026-05-25 16:02:27 [INFO] <- S2C_LOBBY_INFO seq=0 data={'online': ['alice'], 'online_count': 1, 'queue_size': 0, 'active_rooms': []}
2026-05-25 16:02:29 [INFO] -> C2S_RANK_LIST seq=2 data={'limit': 10}
2026-05-25 16:02:29 [INFO] <- S2C_RANK_LIST seq=2 data={'items': [{'rank': 1, 'username': 'alice', 'score': 1090, 'total': 21, 'win': 12}, {'rank': 2, 'username': 'cathy', 'score': 1000, 'total': 6, 'win': 3}, {'rank': 3, 'username': 'kevin', 'score': 970, 'total': 1, 'win': 0}, {'rank': 4, 'username': 'lili', 'score': 970, 'total': 1, 'win': 0}, {'rank': 5, 'username': 'bob', 'score': 790, 'total': 13, 'win': 3}]}
2026-05-25 16:04:05 [INFO] <- S2C_LOBBY_INFO seq=0 data={'online': ['alice', 'bob'], 'online_count': 2, 'queue_size': 0, 'active_rooms': []}
2026-05-25 16:04:16 [INFO] <- S2C_LOBBY_INFO seq=0 data={'online': ['alice', 'bob'], 'online_count': 2, 'queue_size': 1, 'active_rooms': []}
2026-05-25 16:04:27 [INFO] -> C2S_MATCH_START seq=3 data={}
2026-05-25 16:04:27 [INFO] <- S2C_MATCH_OK seq=0 data={'room_id': 5, 'board_size': 15, 'you': 'alice', 'opponent': {'username': 'bob', 'score': 790}, 'your_color': 1, 'turn_color': 1}
2026-05-25 16:04:36 [INFO] -> C2S_CHAT seq=4 data={'text': '在线'}
2026-05-25 16:04:36 [INFO] <- S2C_CHAT_BCAST seq=0 data={'from': 'alice', 'text': '在线'}
2026-05-25 16:04:36 [INFO] <- S2C_CHAT_BCAST seq=0 data={'from': 'bob', 'text': '1'}
2026-05-25 16:04:45 [INFO] -> C2S_MOVE seq=5 data={'row': 7, 'col': 7}
2026-05-25 16:04:45 [INFO] <- S2C_MOVE_RESULT seq=0 data={'ok': True, 'row': 7, 'col': 7, 'color': 1, 'next_turn': 2, 'winner': 0}
2026-05-25 16:04:53 [INFO] -> C2S_CHAT seq=6 data={'text': '忘记退了'}
2026-05-25 16:04:53 [INFO] <- S2C_CHAT_BCAST seq=0 data={'from': 'alice', 'text': '忘记退了'}
2026-05-25 16:04:58 [INFO] <- S2C_MOVE_RESULT seq=0 data={'ok': True, 'row': 6, 'col': 8, 'color': 2, 'next_turn': 1, 'winner': 0}
2026-05-25 16:05:00 [INFO] -> C2S_MOVE seq=7 data={'row': 5, 'col': 9}
2026-05-25 16:05:00 [INFO] <- S2C_MOVE_RESULT seq=0 data={'ok': True, 'row': 5, 'col': 9, 'color': 1, 'next_turn': 2, 'winner': 0}
2026-05-25 16:05:06 [INFO] <- S2C_CHAT_BCAST seq=0 data={'from': 'bob', 'text': '那就没问题'}
2026-05-25 16:05:09 [INFO] <- S2C_MOVE_RESULT seq=0 data={'ok': True, 'row': 6, 'col': 7, 'color': 2, 'next_turn': 1, 'winner': 0}
2026-05-25 16:05:11 [INFO] -> C2S_MOVE seq=8 data={'row': 6, 'col': 6}
2026-05-25 16:05:11 [INFO] <- S2C_MOVE_RESULT seq=0 data={'ok': True, 'row': 6, 'col': 6, 'color': 1, 'next_turn': 2, 'winner': 0}
2026-05-25 16:05:13 [INFO] <- S2C_MOVE_RESULT seq=0 data={'ok': True, 'row': 5, 'col': 8, 'color': 2, 'next_turn': 1, 'winner': 0}
2026-05-25 16:05:15 [INFO] -> C2S_MOVE seq=9 data={'row': 4, 'col': 8}
2026-05-25 16:05:15 [INFO] <- S2C_MOVE_RESULT seq=0 data={'ok': True, 'row': 4, 'col': 8, 'color': 1, 'next_turn': 2, 'winner': 0}
2026-05-25 16:05:19 [INFO] <- S2C_MOVE_RESULT seq=0 data={'ok': True, 'row': 8, 'col': 8, 'color': 2, 'next_turn': 1, 'winner': 0}
2026-05-25 16:05:21 [INFO] -> C2S_MOVE seq=10 data={'row': 7, 'col': 9}
2026-05-25 16:05:21 [INFO] <- S2C_MOVE_RESULT seq=0 data={'ok': True, 'row': 7, 'col': 9, 'color': 1, 'next_turn': 2, 'winner': 0}
2026-05-25 16:05:25 [INFO] <- S2C_CHAT_BCAST seq=0 data={'from': 'bob', 'text': '吗的'}
2026-05-25 16:05:28 [INFO] <- S2C_CHAT_BCAST seq=0 data={'from': 'bob', 'text': '怎么'}
2026-05-25 16:05:33 [INFO] <- S2C_CHAT_BCAST seq=0 data={'from': 'bob', 'text': '下起来了'}
2026-05-25 16:05:35 [INFO] <- S2C_CHAT_BCAST seq=0 data={'from': 'bob', 'text': '笑死我了'}
2026-05-25 16:05:37 [INFO] -> C2S_CHAT seq=11 data={'text': '哈哈哈'}
2026-05-25 16:05:37 [INFO] <- S2C_CHAT_BCAST seq=0 data={'from': 'alice', 'text': '哈哈哈'}
2026-05-25 16:05:38 [INFO] <- S2C_MOVE_RESULT seq=0 data={'ok': True, 'row': 6, 'col': 9, 'color': 2, 'next_turn': 1, 'winner': 0}
2026-05-25 16:05:45 [INFO] -> C2S_CHAT seq=12 data={'text': '你下，我不拦你'}
2026-05-25 16:05:45 [INFO] <- S2C_CHAT_BCAST seq=0 data={'from': 'alice', 'text': '你下，我不拦你'}
2026-05-25 16:05:58 [INFO] -> C2S_MOVE seq=13 data={'row': 7, 'col': 10}
2026-05-25 16:05:58 [INFO] <- S2C_MOVE_RESULT seq=0 data={'ok': True, 'row': 7, 'col': 10, 'color': 1, 'next_turn': 2, 'winner': 0}
2026-05-25 16:06:01 [INFO] <- S2C_MOVE_RESULT seq=0 data={'ok': True, 'row': 11, 'col': 3, 'color': 2, 'next_turn': 1, 'winner': 0}
2026-05-25 16:06:05 [INFO] -> C2S_MOVE seq=14 data={'row': 9, 'col': 10}
2026-05-25 16:06:05 [INFO] <- S2C_MOVE_RESULT seq=0 data={'ok': True, 'row': 9, 'col': 10, 'color': 1, 'next_turn': 2, 'winner': 0}
2026-05-25 16:06:06 [INFO] <- S2C_MOVE_RESULT seq=0 data={'ok': True, 'row': 11, 'col': 11, 'color': 2, 'next_turn': 1, 'winner': 0}
2026-05-25 16:06:15 [INFO] -> C2S_MOVE seq=15 data={'row': 8, 'col': 10}
2026-05-25 16:06:15 [INFO] <- S2C_MOVE_RESULT seq=0 data={'ok': True, 'row': 8, 'col': 10, 'color': 1, 'next_turn': 2, 'winner': 0}
2026-05-25 16:06:18 [INFO] <- S2C_MOVE_RESULT seq=0 data={'ok': True, 'row': 3, 'col': 11, 'color': 2, 'next_turn': 1, 'winner': 0}
2026-05-25 16:06:26 [INFO] -> C2S_MOVE seq=16 data={'row': 5, 'col': 7}
2026-05-25 16:06:26 [INFO] <- S2C_MOVE_RESULT seq=0 data={'ok': True, 'row': 5, 'col': 7, 'color': 1, 'next_turn': 2, 'winner': 0}
2026-05-25 16:06:34 [INFO] <- S2C_MOVE_RESULT seq=0 data={'ok': True, 'row': 3, 'col': 3, 'color': 2, 'next_turn': 1, 'winner': 0}
2026-05-25 16:06:39 [INFO] -> C2S_MOVE seq=17 data={'row': 4, 'col': 5}
2026-05-25 16:06:39 [INFO] <- S2C_MOVE_RESULT seq=0 data={'ok': True, 'row': 4, 'col': 5, 'color': 1, 'next_turn': 2, 'winner': 0}
2026-05-25 16:06:51 [INFO] <- S2C_MOVE_RESULT seq=0 data={'ok': True, 'row': 14, 'col': 0, 'color': 2, 'next_turn': 1, 'winner': 0}
2026-05-25 16:06:54 [INFO] <- S2C_CHAT_BCAST seq=0 data={'from': 'bob', 'text': '我不行了'}
2026-05-25 16:07:01 [INFO] <- S2C_CHAT_BCAST seq=0 data={'from': 'bob', 'text': '太搞笑'}
2026-05-25 16:07:18 [INFO] -> C2S_CHAT seq=18 data={'text': '我发现多做点表格甚至可以拼豆'}
2026-05-25 16:07:18 [INFO] <- S2C_CHAT_BCAST seq=0 data={'from': 'alice', 'text': '我发现多做点表格甚至可以拼豆'}
2026-05-25 16:07:24 [INFO] <- S2C_CHAT_BCAST seq=0 data={'from': 'bob', 'text': '笑死我了'}
2026-05-25 16:07:26 [INFO] <- S2C_CHAT_BCAST seq=0 data={'from': 'bob', 'text': '还真是'}
2026-05-25 16:07:48 [INFO] <- S2C_CHAT_BCAST seq=0 data={'from': 'bob', 'text': '退吗'}
2026-05-25 16:07:55 [INFO] -> C2S_CHAT seq=19 data={'text': '你赢吧，bob已经输麻了'}
2026-05-25 16:07:55 [INFO] <- S2C_CHAT_BCAST seq=0 data={'from': 'alice', 'text': '你赢吧，bob已经输麻了'}
2026-05-25 16:08:07 [INFO] -> C2S_CHAT seq=20 data={'text': '你随便下5步'}
2026-05-25 16:08:07 [INFO] <- S2C_CHAT_BCAST seq=0 data={'from': 'alice', 'text': '你随便下5步'}
2026-05-25 16:08:11 [INFO] -> C2S_MOVE seq=21 data={'row': 7, 'col': 11}
2026-05-25 16:08:11 [INFO] <- S2C_MOVE_RESULT seq=0 data={'ok': True, 'row': 7, 'col': 11, 'color': 1, 'next_turn': 2, 'winner': 0}
2026-05-25 16:08:12 [INFO] <- S2C_MOVE_RESULT seq=0 data={'ok': True, 'row': 7, 'col': 8, 'color': 2, 'next_turn': 1, 'winner': 0}
2026-05-25 16:08:14 [INFO] -> C2S_MOVE seq=22 data={'row': 8, 'col': 9}
2026-05-25 16:08:14 [INFO] <- S2C_MOVE_RESULT seq=0 data={'ok': True, 'row': 8, 'col': 9, 'color': 1, 'next_turn': 2, 'winner': 0}
2026-05-25 16:08:16 [INFO] <- S2C_MOVE_RESULT seq=0 data={'ok': True, 'row': 9, 'col': 8, 'color': 2, 'next_turn': 0, 'winner': 2}
2026-05-25 16:08:16 [INFO] <- S2C_ROOM_CLOSED seq=0 data={'reason': '对方五子连珠', 'your_result': 'lose'}
2026-05-25 16:08:16 [INFO] <- S2C_LOBBY_INFO seq=0 data={'online': ['alice', 'bob'], 'online_count': 2, 'queue_size': 0, 'active_rooms': []}
2026-05-25 16:08:26 [INFO] -> C2S_LOGOUT seq=23 data={}
2026-05-25 16:08:26 [INFO] connection closed
