2026-05-20 15:17:12 [INFO] <- S2C_LOBBY_INFO seq=0 data={'online': ['alice', 'bob', 'cathy'], 'online_count': 3, 'queue_size': 1, 'active_rooms': []}
2026-05-20 15:17:24 [INFO] <- S2C_LOBBY_INFO seq=0 data={'online': ['alice', 'bob', 'cathy'], 'online_count': 3, 'queue_size': 0, 'active_rooms': [{'room_id': 1, 'black': 'alice', 'white': 'bob', 'move_count': 0, 'started_at': 1779261444, 'observer_count': 0}]}
2026-05-20 15:17:24 [INFO] <- S2C_LOBBY_INFO seq=0 data={'online': ['alice', 'bob', 'cathy'], 'online_count': 3, 'queue_size': 0, 'active_rooms': [{'room_id': 1, 'black': 'alice', 'white': 'bob', 'move_count': 0, 'started_at': 1779261444, 'observer_count': 0}]}
2026-05-20 15:17:48 [INFO] -> C2S_SPECTATE_JOIN seq=3 data={'room_id': 1}
2026-05-20 15:17:48 [INFO] <- S2C_SPECTATE_SNAPSHOT seq=3 data={'room_id': 1, 'black': 'alice', 'white': 'bob', 'board_size': 15, 'board': [[0, 0, 0, 0, 0, 0, 0, 0, 0, 0, 0, 0, 0, 0, 0], [0, 0, 0, 0, 0, 0, 0, 0, 0, 0, 0, 0, 0, 0, 0], [0, 0, 0, 0, 0, 0, 0, 0, 0, 0, 0, 0, 0, 0, 0], [0, 0, 0, 0, 0, 0, 0, 0, 0, 0, 0, 0, 0, 0, 0], [0, 0, 0, 0, 0, 0, 0, 0, 0, 0, 0, 0, 0, 0, 0], [0, 0, 0, 0, 0, 0, 0, 0, 0, 0, 0, 0, 0, 0, 0], [0, 0, 0, 0, 0, 0, 0, 0, 2, 0, 0, 0, 0, 0, 0], [0, 0, 0, 0, 0, 0, 0, 1, 0, 0, 0, 0, 0, 0, 0], [0, 0, 0, 0, 0, 0, 0, 0, 0, 0, 0, 0, 0, 0, 0], [0, 0, 0, 0, 0, 0, 0, 0, 0, 0, 0, 0, 0, 0, 0], [0, 0, 0, 0, 0, 0, 0, 0, 0, 0, 0, 0, 0, 0, 0], [0, 0, 0, 0, 0, 0, 0, 0, 0, 0, 0, 0, 0, 0, 0], [0, 0, 0, 0, 0, 0, 0, 0, 0, 0, 0, 0, 0, 0, 0], [0, 0, 0, 0, 0, 0, 0, 0, 0, 0, 0, 0, 0, 0, 0], [0, 0, 0, 0, 0, 0, 0, 0, 0, 0, 0, 0, 0, 0, 0]], 'turn_color': 1, 'move_count': 2, 'moves': [{'index': 1, 'row': 7, 'col': 7, 'color': 1, 'ts': 1779261455}, {'index': 2, 'row': 6, 'col': 8, 'color': 2, 'ts': 1779261457}], 'chat_log': [], 'ended': False}
2026-05-20 15:18:37 [INFO] -> C2S_SPECTATE_JOIN seq=4 data={'room_id': 1}
2026-05-20 15:18:37 [INFO] <- S2C_SPECTATE_SNAPSHOT seq=4 data={'room_id': 1, 'black': 'alice', 'white': 'bob', 'board_size': 15, 'board': [[0, 0, 0, 0, 0, 0, 0, 0, 0, 0, 0, 0, 0, 0, 0], [0, 0, 0, 0, 0, 0, 0, 0, 0, 0, 0, 0, 0, 0, 0], [0, 0, 0, 0, 0, 0, 0, 0, 0, 0, 0, 0, 0, 0, 0], [0, 0, 0, 0, 0, 0, 0, 0, 0, 0, 0, 0, 0, 0, 0], [0, 0, 0, 0, 0, 0, 0, 0, 0, 0, 0, 0, 0, 0, 0], [0, 0, 0, 0, 0, 0, 0, 0, 0, 0, 0, 0, 0, 0, 0], [0, 0, 0, 0, 0, 0, 0, 0, 2, 0, 0, 0, 0, 0, 0], [0, 0, 0, 0, 0, 0, 0, 1, 0, 0, 0, 0, 0, 0, 0], [0, 0, 0, 0, 0, 0, 0, 0, 0, 0, 0, 0, 0, 0, 0], [0, 0, 0, 0, 0, 0, 0, 0, 0, 0, 0, 0, 0, 0, 0], [0, 0, 0, 0, 0, 0, 0, 0, 0, 0, 0, 0, 0, 0, 0], [0, 0, 0, 0, 0, 0, 0, 0, 0, 0, 0, 0, 0, 0, 0], [0, 0, 0, 0, 0, 0, 0, 0, 0, 0, 0, 0, 0, 0, 0], [0, 0, 0, 0, 0, 0, 0, 0, 0, 0, 0, 0, 0, 0, 0], [0, 0, 0, 0, 0, 0, 0, 0, 0, 0, 0, 0, 0, 0, 0]], 'turn_color': 1, 'move_count': 2, 'moves': [{'index': 1, 'row': 7, 'col': 7, 'color': 1, 'ts': 1779261455}, {'index': 2, 'row': 6, 'col': 8, 'color': 2, 'ts': 1779261457}], 'chat_log': [], 'ended': False}
2026-05-20 15:19:47 [INFO] -> C2S_RANK_LIST seq=5 data={'limit': 10}
2026-05-20 15:19:47 [INFO] <- S2C_RANK_LIST seq=5 data={'items': [{'rank': 1, 'username': 'alice', 'score': 1030, 'total': 3, 'win': 2}, {'rank': 2, 'username': 'cathy', 'score': 1000, 'total': 0, 'win': 0}, {'rank': 3, 'username': 'bob', 'score': 970, 'total': 3, 'win': 1}]}
2026-05-20 15:19:53 [INFO] -> C2S_REPLAY_LIST seq=6 data={'limit': 30, 'offset': 0}
2026-05-20 15:19:53 [INFO] <- S2C_REPLAY_LIST seq=6 data={'total': 0, 'items': []}
2026-05-20 15:19:59 [INFO] -> C2S_LOGOUT seq=7 data={}
2026-05-20 15:19:59 [INFO] recv disconnected: peer closed during recv
2026-05-20 15:19:59 [INFO] connection closed
2026-05-20 15:28:10 [INFO] -> C2S_RANK_LIST seq=3 data={'limit': 10}
2026-05-20 15:28:10 [INFO] <- S2C_RANK_LIST seq=3 data={'items': [{'rank': 1, 'username': 'alice', 'score': 1000, 'total': 0, 'win': 0}, {'rank': 2, 'username': 'bob', 'score': 1000, 'total': 0, 'win': 0}, {'rank': 3, 'username': 'cathy', 'score': 1000, 'total': 0, 'win': 0}]}
2026-05-20 15:28:23 [INFO] <- S2C_LOBBY_INFO seq=0 data={'online': ['alice', 'bob', 'cathy'], 'online_count': 3, 'queue_size': 1, 'active_rooms': []}
2026-05-20 15:28:24 [INFO] -> C2S_MATCH_START seq=4 data={}
2026-05-20 15:28:24 [INFO] <- S2C_MATCH_OK seq=0 data={'room_id': 1, 'board_size': 15, 'you': 'cathy', 'opponent': {'username': 'alice', 'score': 1000}, 'your_color': 2, 'turn_color': 1}
2026-05-20 15:29:03 [INFO] <- S2C_MOVE_RESULT seq=0 data={'ok': True, 'row': 2, 'col': 3, 'color': 1, 'next_turn': 2, 'winner': 0}
2026-05-20 15:29:08 [INFO] -> C2S_MOVE seq=5 data={'row': 3, 'col': 4}
2026-05-20 15:29:08 [INFO] <- S2C_MOVE_RESULT seq=0 data={'ok': True, 'row': 3, 'col': 4, 'color': 2, 'next_turn': 1, 'winner': 0}
2026-05-20 15:29:10 [INFO] <- S2C_MOVE_RESULT seq=0 data={'ok': True, 'row': 4, 'col': 3, 'color': 1, 'next_turn': 2, 'winner': 0}
2026-05-20 15:29:13 [INFO] -> C2S_MOVE seq=6 data={'row': 3, 'col': 5}
2026-05-20 15:29:13 [INFO] <- S2C_MOVE_RESULT seq=0 data={'ok': True, 'row': 3, 'col': 5, 'color': 2, 'next_turn': 1, 'winner': 0}
2026-05-20 15:29:16 [INFO] <- S2C_MOVE_RESULT seq=0 data={'ok': True, 'row': 3, 'col': 3, 'color': 1, 'next_turn': 2, 'winner': 0}
2026-05-20 15:29:18 [INFO] -> C2S_MOVE seq=7 data={'row': 3, 'col': 6}
2026-05-20 15:29:18 [INFO] <- S2C_MOVE_RESULT seq=0 data={'ok': True, 'row': 3, 'col': 6, 'color': 2, 'next_turn': 1, 'winner': 0}
2026-05-20 15:29:21 [INFO] <- S2C_MOVE_RESULT seq=0 data={'ok': True, 'row': 5, 'col': 3, 'color': 1, 'next_turn': 2, 'winner': 0}
2026-05-20 15:29:24 [INFO] -> C2S_MOVE seq=8 data={'row': 3, 'col': 7}
2026-05-20 15:29:24 [INFO] <- S2C_MOVE_RESULT seq=0 data={'ok': True, 'row': 3, 'col': 7, 'color': 2, 'next_turn': 1, 'winner': 0}
2026-05-20 15:29:26 [INFO] <- S2C_MOVE_RESULT seq=0 data={'ok': True, 'row': 6, 'col': 3, 'color': 1, 'next_turn': 0, 'winner': 1}
2026-05-20 15:29:26 [INFO] <- S2C_ROOM_CLOSED seq=0 data={'reason': '对方五子连珠', 'your_result': 'lose'}
2026-05-20 15:29:26 [INFO] <- S2C_LOBBY_INFO seq=0 data={'online': ['alice', 'bob', 'cathy'], 'online_count': 3, 'queue_size': 0, 'active_rooms': []}
2026-05-20 15:31:01 [INFO] -> C2S_REPLAY_LIST seq=9 data={'limit': 30, 'offset': 0}
2026-05-20 15:31:01 [INFO] <- S2C_REPLAY_LIST seq=9 data={'total': 1, 'items': [{'replay_id': 2, 'players': ['alice', 'cathy'], 'winner': 1, 'result': 'normal', 'ended_at': 1779262166, 'move_count': 9}]}
2026-05-20 15:31:03 [INFO] -> C2S_REPLAY_LIST seq=10 data={'limit': 30, 'offset': 0}
2026-05-20 15:31:03 [INFO] <- S2C_REPLAY_LIST seq=10 data={'total': 1, 'items': [{'replay_id': 2, 'players': ['alice', 'cathy'], 'winner': 1, 'result': 'normal', 'ended_at': 1779262166, 'move_count': 9}]}
2026-05-20 15:31:14 [INFO] -> C2S_REPLAY_LIST seq=11 data={'limit': 30, 'offset': 0}
2026-05-20 15:31:14 [INFO] <- S2C_REPLAY_LIST seq=11 data={'total': 1, 'items': [{'replay_id': 2, 'players': ['alice', 'cathy'], 'winner': 1, 'result': 'normal', 'ended_at': 1779262166, 'move_count': 9}]}
2026-05-20 15:32:27 [INFO] -> C2S_SPECTATE_LIST seq=12 data={}
2026-05-20 15:32:27 [INFO] <- S2C_SPECTATE_LIST seq=12 data={'rooms': []}
2026-05-20 15:32:31 [INFO] -> C2S_LOGOUT seq=13 data={}
2026-05-20 15:32:31 [INFO] recv disconnected: peer closed during recv
2026-05-20 15:32:31 [INFO] connection closed
2026-05-20 15:51:14 [INFO] -> C2S_SPECTATE_JOIN seq=2 data={'room_id': 1}
2026-05-20 15:51:14 [INFO] <- S2C_SPECTATE_SNAPSHOT seq=2 data={'room_id': 1, 'black': 'alice', 'white': 'bob', 'board_size': 15, 'board': [[0, 0, 0, 0, 0, 0, 0, 0, 0, 0, 0, 0, 0, 0, 0], [0, 0, 0, 0, 0, 0, 0, 0, 0, 0, 0, 0, 0, 0, 0], [0, 0, 0, 0, 0, 0, 0, 0, 0, 0, 0, 0, 0, 0, 0], [0, 0, 0, 0, 0, 0, 0, 0, 0, 0, 0, 0, 0, 0, 0], [0, 0, 0, 0, 0, 0, 0, 0, 0, 0, 0, 0, 0, 0, 0], [0, 0, 0, 0, 0, 0, 0, 0, 0, 0, 0, 0, 0, 0, 0], [0, 0, 0, 0, 0, 0, 0, 0, 0, 0, 0, 0, 0, 0, 0], [0, 0, 0, 0, 0, 0, 2, 1, 1, 0, 0, 0, 0, 0, 0], [0, 0, 0, 0, 0, 0, 0, 0, 2, 0, 0, 0, 0, 0, 0], [0, 0, 0, 0, 0, 0, 0, 0, 0, 0, 0, 0, 0, 0, 0], [0, 0, 0, 0, 0, 0, 0, 0, 0, 0, 0, 0, 0, 0, 0], [0, 0, 0, 0, 0, 0, 0, 0, 0, 0, 0, 0, 0, 0, 0], [0, 0, 0, 0, 0, 0, 0, 0, 0, 0, 0, 0, 0, 0, 0], [0, 0, 0, 0, 0, 0, 0, 0, 0, 0, 0, 0, 0, 0, 0], [0, 0, 0, 0, 0, 0, 0, 0, 0, 0, 0, 0, 0, 0, 0]], 'turn_color': 1, 'move_count': 4, 'moves': [{'index': 1, 'row': 7, 'col': 7, 'color': 1, 'ts': 1779263398}, {'index': 2, 'row': 7, 'col': 6, 'color': 2, 'ts': 1779263402}, {'index': 3, 'row': 7, 'col': 8, 'color': 1, 'ts': 1779263404}, {'index': 4, 'row': 8, 'col': 8, 'color': 2, 'ts': 1779263405}], 'chat_log': [], 'ended': False}
2026-05-20 15:51:22 [INFO] -> C2S_CHAT seq=3 data={'text': '111'}
2026-05-20 15:51:22 [INFO] <- S2C_ERROR seq=3 data={'code': 'NO_ROOM', 'reason': '你不在任何房间中'}
2026-05-20 15:52:30 [INFO] -> C2S_LOGOUT seq=4 data={}
2026-05-20 15:52:30 [INFO] recv disconnected: peer closed during recv
2026-05-20 15:52:30 [INFO] connection closed
2026-05-20 16:28:40 [INFO] -> C2S_MATCH_START seq=2 data={}
2026-05-20 16:28:40 [INFO] <- S2C_LOBBY_INFO seq=0 data={'online': ['alice', 'bob', 'cathy'], 'online_count': 3, 'queue_size': 1, 'active_rooms': []}
2026-05-20 16:30:10 [INFO] <- S2C_MATCH_OK seq=0 data={'room_id': 2, 'board_size': 15, 'you': 'cathy', 'opponent': {'username': 'alice', 'score': 1090}, 'your_color': 2, 'turn_color': 1}
2026-05-20 16:33:51 [INFO] <- S2C_ROOM_CLOSED seq=0 data={'reason': '对方离开了房间', 'your_result': 'win'}
2026-05-20 16:33:51 [INFO] <- S2C_LOBBY_INFO seq=0 data={'online': ['alice', 'cathy'], 'online_count': 2, 'queue_size': 0, 'active_rooms': []}
2026-05-20 16:34:11 [INFO] -> C2S_LOGOUT seq=3 data={}
2026-05-20 16:34:11 [INFO] recv disconnected: peer closed during recv
2026-05-20 16:34:11 [INFO] connection closed
2026-05-20 16:43:38 [INFO] <- S2C_LOBBY_INFO seq=0 data={'online': ['alice', 'bob', 'cathy'], 'online_count': 3, 'queue_size': 1, 'active_rooms': []}
2026-05-20 16:43:41 [INFO] <- S2C_LOBBY_INFO seq=0 data={'online': ['alice', 'bob', 'cathy'], 'online_count': 3, 'queue_size': 0, 'active_rooms': [{'room_id': 4, 'black': 'alice', 'white': 'bob', 'move_count': 0, 'started_at': 1779266621, 'observer_count': 0}]}
2026-05-20 16:43:41 [INFO] <- S2C_LOBBY_INFO seq=0 data={'online': ['alice', 'bob', 'cathy'], 'online_count': 3, 'queue_size': 0, 'active_rooms': [{'room_id': 4, 'black': 'alice', 'white': 'bob', 'move_count': 0, 'started_at': 1779266621, 'observer_count': 0}]}
2026-05-20 16:43:57 [INFO] -> C2S_SPECTATE_JOIN seq=2 data={'room_id': 4}
2026-05-20 16:43:57 [INFO] <- S2C_SPECTATE_SNAPSHOT seq=2 data={'room_id': 4, 'black': 'alice', 'white': 'bob', 'board_size': 15, 'board': [[0, 0, 0, 0, 0, 0, 0, 0, 0, 0, 0, 0, 0, 0, 0], [0, 0, 0, 0, 0, 0, 0, 0, 0, 0, 0, 0, 0, 0, 0], [0, 0, 0, 0, 0, 0, 0, 0, 0, 0, 0, 0, 0, 0, 0], [0, 0, 0, 0, 0, 0, 0, 0, 0, 0, 0, 0, 0, 0, 0], [0, 0, 0, 0, 0, 0, 0, 0, 0, 0, 0, 0, 0, 0, 0], [0, 0, 0, 0, 0, 0, 0, 0, 0, 0, 0, 0, 0, 0, 0], [0, 0, 0, 0, 0, 0, 0, 0, 0, 0, 0, 0, 0, 0, 0], [0, 0, 0, 0, 0, 0, 0, 0, 0, 0, 0, 0, 0, 0, 0], [0, 0, 0, 0, 0, 0, 0, 0, 0, 0, 0, 0, 0, 0, 0], [0, 0, 0, 0, 0, 0, 0, 0, 0, 0, 0, 0, 0, 0, 0], [0, 0, 0, 0, 0, 0, 0, 0, 0, 0, 0, 0, 0, 0, 0], [0, 0, 0, 0, 0, 0, 0, 0, 0, 0, 0, 0, 0, 0, 0], [0, 0, 0, 0, 0, 0, 0, 0, 0, 0, 0, 0, 0, 0, 0], [0, 0, 0, 0, 0, 0, 0, 0, 0, 0, 0, 0, 0, 0, 0], [0, 0, 0, 0, 0, 0, 0, 0, 0, 0, 0, 0, 0, 0, 0]], 'turn_color': 1, 'move_count': 0, 'moves': [], 'chat_log': [], 'ended': False}
2026-05-20 16:45:26 [INFO] <- S2C_ROOM_CLOSED seq=0 data={'reason': '对局中止', 'your_result': 'abort'}
2026-05-20 16:45:26 [INFO] <- S2C_LOBBY_INFO seq=0 data={'online': ['alice', 'bob', 'cathy'], 'online_count': 3, 'queue_size': 0, 'active_rooms': []}
2026-05-20 16:45:45 [INFO] <- S2C_LOBBY_INFO seq=0 data={'online': ['bob', 'cathy'], 'online_count': 2, 'queue_size': 0, 'active_rooms': []}
2026-05-20 16:45:47 [INFO] -> C2S_LOGOUT seq=3 data={}
2026-05-20 16:45:47 [INFO] recv disconnected: peer closed during recv
2026-05-20 16:45:47 [INFO] connection closed
2026-05-20 17:05:54 [INFO] <- S2C_LOBBY_INFO seq=0 data={'online': ['alice', 'bob', 'cathy'], 'online_count': 3, 'queue_size': 1, 'active_rooms': []}
2026-05-20 17:05:55 [INFO] <- S2C_LOBBY_INFO seq=0 data={'online': ['alice', 'bob', 'cathy'], 'online_count': 3, 'queue_size': 0, 'active_rooms': [{'room_id': 1, 'black': 'alice', 'white': 'bob', 'move_count': 0, 'started_at': 1779267955, 'observer_count': 0}]}
2026-05-20 17:05:55 [INFO] <- S2C_LOBBY_INFO seq=0 data={'online': ['alice', 'bob', 'cathy'], 'online_count': 3, 'queue_size': 0, 'active_rooms': [{'room_id': 1, 'black': 'alice', 'white': 'bob', 'move_count': 0, 'started_at': 1779267955, 'observer_count': 0}]}
2026-05-20 17:06:00 [INFO] -> C2S_SPECTATE_JOIN seq=2 data={'room_id': 1}
2026-05-20 17:06:00 [INFO] <- S2C_SPECTATE_SNAPSHOT seq=2 data={'room_id': 1, 'black': 'alice', 'white': 'bob', 'board_size': 15, 'board': [[0, 0, 0, 0, 0, 0, 0, 0, 0, 0, 0, 0, 0, 0, 0], [0, 0, 0, 0, 0, 0, 0, 0, 0, 0, 0, 0, 0, 0, 0], [0, 0, 0, 0, 0, 0, 0, 0, 0, 0, 0, 0, 0, 0, 0], [0, 0, 0, 0, 0, 0, 0, 0, 0, 0, 0, 0, 0, 0, 0], [0, 0, 0, 0, 0, 0, 0, 0, 0, 0, 0, 0, 0, 0, 0], [0, 0, 0, 0, 0, 0, 0, 0, 0, 0, 0, 0, 0, 0, 0], [0, 0, 0, 0, 0, 0, 0, 0, 0, 0, 0, 0, 0, 0, 0], [0, 0, 0, 0, 0, 0, 0, 0, 0, 0, 0, 0, 0, 0, 0], [0, 0, 0, 0, 0, 0, 0, 0, 0, 0, 0, 0, 0, 0, 0], [0, 0, 0, 0, 0, 0, 0, 0, 0, 0, 0, 0, 0, 0, 0], [0, 0, 0, 0, 0, 0, 0, 0, 0, 0, 0, 0, 0, 0, 0], [0, 0, 0, 0, 0, 0, 0, 0, 0, 0, 0, 0, 0, 0, 0], [0, 0, 0, 0, 0, 0, 0, 0, 0, 0, 0, 0, 0, 0, 0], [0, 0, 0, 0, 0, 0, 0, 0, 0, 0, 0, 0, 0, 0, 0], [0, 0, 0, 0, 0, 0, 0, 0, 0, 0, 0, 0, 0, 0, 0]], 'turn_color': 1, 'move_count': 0, 'moves': [], 'chat_log': [], 'ended': False}
2026-05-20 17:06:06 [INFO] <- S2C_MOVE_RESULT seq=0 data={'ok': True, 'row': 7, 'col': 7, 'color': 1, 'next_turn': 2, 'winner': 0}
2026-05-20 17:06:08 [INFO] <- S2C_MOVE_RESULT seq=0 data={'ok': True, 'row': 6, 'col': 8, 'color': 2, 'next_turn': 1, 'winner': 0}
2026-05-20 17:06:10 [INFO] <- S2C_MOVE_RESULT seq=0 data={'ok': True, 'row': 8, 'col': 8, 'color': 1, 'next_turn': 2, 'winner': 0}
2026-05-20 17:06:12 [INFO] <- S2C_MOVE_RESULT seq=0 data={'ok': True, 'row': 6, 'col': 6, 'color': 2, 'next_turn': 1, 'winner': 0}
2026-05-20 17:06:17 [INFO] <- S2C_MOVE_RESULT seq=0 data={'ok': True, 'row': 8, 'col': 6, 'color': 1, 'next_turn': 2, 'winner': 0}
2026-05-20 17:06:19 [INFO] <- S2C_MOVE_RESULT seq=0 data={'ok': True, 'row': 6, 'col': 7, 'color': 2, 'next_turn': 1, 'winner': 0}
2026-05-20 17:06:21 [INFO] <- S2C_MOVE_RESULT seq=0 data={'ok': True, 'row': 6, 'col': 9, 'color': 1, 'next_turn': 2, 'winner': 0}
2026-05-20 17:06:28 [INFO] <- S2C_MOVE_RESULT seq=0 data={'ok': True, 'row': 5, 'col': 7, 'color': 2, 'next_turn': 1, 'winner': 0}
2026-05-20 17:06:31 [INFO] <- S2C_MOVE_RESULT seq=0 data={'ok': True, 'row': 6, 'col': 5, 'color': 1, 'next_turn': 2, 'winner': 0}
2026-05-20 17:06:43 [INFO] <- S2C_MOVE_RESULT seq=0 data={'ok': True, 'row': 7, 'col': 6, 'color': 2, 'next_turn': 1, 'winner': 0}
2026-05-20 17:06:53 [INFO] <- S2C_MOVE_RESULT seq=0 data={'ok': True, 'row': 4, 'col': 7, 'color': 1, 'next_turn': 2, 'winner': 0}
2026-05-20 17:06:57 [INFO] <- S2C_MOVE_RESULT seq=0 data={'ok': True, 'row': 7, 'col': 8, 'color': 2, 'next_turn': 1, 'winner': 0}
2026-05-20 17:07:01 [INFO] <- S2C_MOVE_RESULT seq=0 data={'ok': True, 'row': 5, 'col': 8, 'color': 1, 'next_turn': 2, 'winner': 0}
2026-05-20 17:07:06 [INFO] <- S2C_MOVE_RESULT seq=0 data={'ok': True, 'row': 5, 'col': 6, 'color': 2, 'next_turn': 1, 'winner': 0}
2026-05-20 17:07:11 [INFO] <- S2C_MOVE_RESULT seq=0 data={'ok': True, 'row': 3, 'col': 6, 'color': 1, 'next_turn': 2, 'winner': 0}
2026-05-20 17:07:14 [INFO] <- S2C_MOVE_RESULT seq=0 data={'ok': True, 'row': 7, 'col': 10, 'color': 2, 'next_turn': 1, 'winner': 0}
2026-05-20 17:07:16 [INFO] <- S2C_MOVE_RESULT seq=0 data={'ok': True, 'row': 2, 'col': 5, 'color': 1, 'next_turn': 0, 'winner': 1}
2026-05-20 17:07:16 [INFO] <- S2C_ROOM_CLOSED seq=0 data={'reason': '对局结束', 'your_result': 'abort'}
2026-05-20 17:07:16 [INFO] <- S2C_LOBBY_INFO seq=0 data={'online': ['alice', 'bob', 'cathy'], 'online_count': 3, 'queue_size': 0, 'active_rooms': []}
2026-05-20 17:07:31 [INFO] <- S2C_LOBBY_INFO seq=0 data={'online': ['alice', 'bob', 'cathy'], 'online_count': 3, 'queue_size': 1, 'active_rooms': []}
2026-05-20 17:07:33 [INFO] -> C2S_MATCH_START seq=3 data={}
2026-05-20 17:07:33 [INFO] <- S2C_MATCH_OK seq=0 data={'room_id': 2, 'board_size': 15, 'you': 'cathy', 'opponent': {'username': 'alice', 'score': 1060}, 'your_color': 2, 'turn_color': 1}
2026-05-20 17:07:42 [INFO] <- S2C_CHAT_BCAST seq=0 data={'from': 'alice', 'text': '你好'}
2026-05-20 17:07:51 [INFO] -> C2S_CHAT seq=4 data={'text': '你好'}
2026-05-20 17:07:51 [INFO] <- S2C_CHAT_BCAST seq=0 data={'from': 'cathy', 'text': '你好'}
2026-05-20 17:08:01 [INFO] -> C2S_CHAT seq=5 data={'text': '我有事先下了'}
2026-05-20 17:08:01 [INFO] <- S2C_CHAT_BCAST seq=0 data={'from': 'cathy', 'text': '我有事先下了'}
2026-05-20 17:08:08 [INFO] <- S2C_CHAT_BCAST seq=0 data={'from': 'alice', 'text': '好'}
2026-05-20 17:08:12 [INFO] -> C2S_LEAVE_ROOM seq=6 data={}
2026-05-20 17:08:12 [INFO] <- S2C_ROOM_CLOSED seq=0 data={'reason': '你已离开房间', 'your_result': 'lose'}
2026-05-20 17:08:12 [INFO] <- S2C_LOBBY_INFO seq=0 data={'online': ['alice', 'bob', 'cathy'], 'online_count': 3, 'queue_size': 0, 'active_rooms': []}
2026-05-20 17:08:42 [INFO] -> C2S_RANK_LIST seq=7 data={'limit': 10}
2026-05-20 17:08:42 [INFO] <- S2C_RANK_LIST seq=7 data={'items': [{'rank': 1, 'username': 'alice', 'score': 1090, 'total': 9, 'win': 6}, {'rank': 2, 'username': 'cathy', 'score': 970, 'total': 3, 'win': 1}, {'rank': 3, 'username': 'bob', 'score': 940, 'total': 6, 'win': 2}]}
2026-05-20 17:08:47 [INFO] -> C2S_LOGOUT seq=8 data={}
2026-05-20 17:08:47 [INFO] recv disconnected: peer closed during recv
2026-05-20 17:08:47 [INFO] connection closed
2026-05-20 17:39:23 [INFO] -> C2S_SPECTATE_JOIN seq=2 data={'room_id': 1}
2026-05-20 17:39:23 [INFO] <- S2C_SPECTATE_SNAPSHOT seq=2 data={'room_id': 1, 'black': 'alice', 'white': 'bob', 'board_size': 15, 'board': [[0, 0, 0, 0, 0, 0, 0, 0, 0, 0, 0, 0, 0, 0, 0], [0, 0, 0, 0, 0, 0, 0, 0, 0, 0, 0, 0, 0, 0, 0], [0, 0, 0, 0, 0, 0, 0, 0, 0, 0, 0, 0, 0, 0, 0], [0, 0, 0, 0, 0, 0, 0, 0, 0, 0, 0, 0, 0, 0, 0], [0, 0, 0, 0, 0, 0, 0, 0, 0, 0, 0, 0, 0, 0, 0], [0, 0, 0, 0, 0, 0, 0, 0, 0, 0, 0, 0, 0, 0, 0], [0, 0, 0, 0, 0, 0, 0, 0, 2, 0, 0, 0, 0, 0, 0], [0, 0, 0, 0, 0, 0, 0, 1, 1, 0, 0, 0, 0, 0, 0], [0, 0, 0, 0, 0, 0, 0, 0, 2, 0, 0, 0, 0, 0, 0], [0, 0, 0, 0, 0, 0, 0, 0, 0, 0, 0, 0, 0, 0, 0], [0, 0, 0, 0, 0, 0, 0, 0, 0, 0, 0, 0, 0, 0, 0], [0, 0, 0, 0, 0, 0, 0, 0, 0, 0, 0, 0, 0, 0, 0], [0, 0, 0, 0, 0, 0, 0, 0, 0, 0, 0, 0, 0, 0, 0], [0, 0, 0, 0, 0, 0, 0, 0, 0, 0, 0, 0, 0, 0, 0], [0, 0, 0, 0, 0, 0, 0, 0, 0, 0, 0, 0, 0, 0, 0]], 'turn_color': 1, 'move_count': 4, 'moves': [{'index': 1, 'row': 7, 'col': 7, 'color': 1, 'ts': 1779269904}, {'index': 2, 'row': 6, 'col': 8, 'color': 2, 'ts': 1779269906}, {'index': 3, 'row': 7, 'col': 8, 'color': 1, 'ts': 1779269910}, {'index': 4, 'row': 8, 'col': 8, 'color': 2, 'ts': 1779269911}], 'chat_log': [], 'ended': False}
2026-05-20 17:39:56 [INFO] <- S2C_CHAT_BCAST seq=0 data={'from': 'alice', 'text': '111'}
2026-05-20 17:43:32 [INFO] <- S2C_ROOM_CLOSED seq=0 data={'reason': '对局中止', 'your_result': 'abort'}
2026-05-20 17:43:32 [INFO] <- S2C_LOBBY_INFO seq=0 data={'online': ['alice', 'bob', 'cathy'], 'online_count': 3, 'queue_size': 0, 'active_rooms': []}
2026-05-20 17:53:13 [INFO] recv disconnected: [WinError 10054] 远程主机强迫关闭了一个现有的连接。
2026-05-20 17:53:13 [INFO] connection closed
2026-05-20 17:53:19 [INFO] connected to 127.0.0.1:9527
2026-05-20 17:53:19 [INFO] -> C2S_LOGIN seq=3 data={'username': 'cathy', 'password': 'pw3'}
2026-05-20 17:53:19 [INFO] <- S2C_LOGIN_RESP seq=3 data={'ok': True, 'uid': 3, 'username': 'cathy', 'score': 970, 'total': 3, 'win': 1}
2026-05-20 17:53:19 [INFO] <- S2C_LOBBY_INFO seq=0 data={'online': ['bob', 'alice', 'cathy'], 'online_count': 3, 'queue_size': 0, 'active_rooms': []}
2026-05-20 17:53:19 [INFO] -> C2S_RECONNECT_RESUME seq=4 data={'room_id': 1}
2026-05-20 17:53:19 [INFO] <- S2C_RECONNECT_RESP seq=4 data={'ok': False, 'reason': '没有待恢复对局'}
2026-05-20 17:54:13 [INFO] <- S2C_LOBBY_INFO seq=0 data={'online': ['bob', 'cathy'], 'online_count': 2, 'queue_size': 0, 'active_rooms': []}
2026-05-20 17:54:14 [INFO] <- S2C_LOBBY_INFO seq=0 data={'online': ['cathy'], 'online_count': 1, 'queue_size': 0, 'active_rooms': []}
2026-05-20 17:54:15 [INFO] -> C2S_LOGOUT seq=5 data={}
2026-05-20 17:54:15 [INFO] connection closed
2026-05-20 17:54:55 [INFO] -> C2S_MATCH_START seq=2 data={}
2026-05-20 17:54:55 [INFO] <- S2C_LOBBY_INFO seq=0 data={'online': ['alice', 'cathy'], 'online_count': 2, 'queue_size': 1, 'active_rooms': []}
2026-05-20 17:54:59 [INFO] <- S2C_MATCH_OK seq=0 data={'room_id': 1, 'board_size': 15, 'you': 'cathy', 'opponent': {'username': 'alice', 'score': 1120}, 'your_color': 2, 'turn_color': 1}
2026-05-20 17:55:02 [INFO] <- S2C_MOVE_RESULT seq=0 data={'ok': True, 'row': 7, 'col': 7, 'color': 1, 'next_turn': 2, 'winner': 0}
2026-05-20 17:55:05 [INFO] -> C2S_MOVE seq=3 data={'row': 7, 'col': 8}
2026-05-20 17:55:05 [INFO] <- S2C_MOVE_RESULT seq=0 data={'ok': True, 'row': 7, 'col': 8, 'color': 2, 'next_turn': 1, 'winner': 0}
2026-05-20 17:55:08 [INFO] <- S2C_MOVE_RESULT seq=0 data={'ok': True, 'row': 6, 'col': 8, 'color': 1, 'next_turn': 2, 'winner': 0}
2026-05-20 17:55:12 [INFO] -> C2S_MOVE seq=4 data={'row': 8, 'col': 8}
2026-05-20 17:55:12 [INFO] <- S2C_MOVE_RESULT seq=0 data={'ok': True, 'row': 8, 'col': 8, 'color': 2, 'next_turn': 1, 'winner': 0}
2026-05-20 17:55:17 [INFO] -> C2S_CHAT seq=5 data={'text': '11'}
2026-05-20 17:55:17 [INFO] <- S2C_CHAT_BCAST seq=0 data={'from': 'cathy', 'text': '11'}
2026-05-20 17:55:58 [INFO] <- S2C_MOVE_RESULT seq=0 data={'ok': True, 'row': 2, 'col': 3, 'color': 1, 'next_turn': 2, 'winner': 0}
2026-05-20 17:56:14 [INFO] -> C2S_MOVE seq=6 data={'row': 7, 'col': 12}
2026-05-20 17:56:14 [INFO] <- S2C_MOVE_RESULT seq=0 data={'ok': True, 'row': 7, 'col': 12, 'color': 2, 'next_turn': 1, 'winner': 0}
2026-05-20 17:56:30 [INFO] <- S2C_MOVE_RESULT seq=0 data={'ok': True, 'row': 6, 'col': 0, 'color': 1, 'next_turn': 2, 'winner': 0}
2026-05-20 17:57:13 [INFO] -> C2S_MOVE seq=7 data={'row': 9, 'col': 13}
2026-05-20 17:57:13 [INFO] <- S2C_MOVE_RESULT seq=0 data={'ok': True, 'row': 9, 'col': 13, 'color': 2, 'next_turn': 1, 'winner': 0}
2026-05-20 17:58:27 [INFO] -> C2S_LEAVE_ROOM seq=8 data={}
2026-05-20 17:58:27 [INFO] <- S2C_ROOM_CLOSED seq=0 data={'reason': '你已离开房间', 'your_result': 'lose'}
2026-05-20 17:58:27 [INFO] <- S2C_LOBBY_INFO seq=0 data={'online': ['alice', 'cathy', 'bob'], 'online_count': 3, 'queue_size': 0, 'active_rooms': []}
2026-05-20 17:58:39 [INFO] <- S2C_LOBBY_INFO seq=0 data={'online': ['cathy', 'bob'], 'online_count': 2, 'queue_size': 0, 'active_rooms': []}
2026-05-20 17:58:40 [INFO] -> C2S_LOGOUT seq=9 data={}
2026-05-20 17:58:40 [INFO] recv disconnected: peer closed during recv
2026-05-20 17:58:40 [INFO] connection closed
2026-05-21 14:33:00 [INFO] -> C2S_SPECTATE_JOIN seq=2 data={'room_id': 2}
2026-05-21 14:33:00 [INFO] <- S2C_SPECTATE_SNAPSHOT seq=2 data={'room_id': 2, 'black': 'alice', 'white': 'bob', 'board_size': 15, 'board': [[0, 0, 0, 0, 0, 0, 0, 0, 0, 0, 0, 0, 0, 0, 0], [0, 0, 0, 0, 0, 0, 0, 0, 0, 0, 0, 0, 0, 0, 0], [0, 0, 0, 0, 0, 0, 0, 0, 0, 0, 0, 0, 0, 0, 0], [0, 0, 0, 0, 0, 0, 0, 0, 0, 0, 0, 0, 0, 0, 0], [0, 0, 0, 0, 0, 0, 0, 0, 0, 0, 0, 0, 0, 0, 0], [0, 0, 0, 0, 0, 0, 0, 0, 0, 0, 0, 0, 0, 0, 0], [0, 0, 0, 0, 0, 0, 0, 0, 2, 0, 0, 0, 0, 0, 0], [0, 0, 0, 0, 0, 0, 0, 1, 0, 0, 0, 0, 0, 0, 0], [0, 0, 0, 0, 0, 0, 0, 0, 0, 0, 0, 0, 0, 0, 0], [0, 0, 0, 0, 0, 0, 0, 0, 0, 0, 0, 0, 0, 0, 0], [0, 0, 0, 0, 0, 0, 0, 0, 0, 0, 0, 0, 0, 0, 0], [0, 0, 0, 0, 0, 0, 0, 0, 0, 0, 0, 0, 0, 0, 0], [0, 0, 0, 0, 0, 0, 0, 0, 0, 0, 0, 0, 0, 0, 0], [0, 0, 0, 0, 0, 0, 0, 0, 0, 0, 0, 0, 0, 0, 0], [0, 0, 0, 0, 0, 0, 0, 0, 0, 0, 0, 0, 0, 0, 0]], 'turn_color': 1, 'move_count': 2, 'moves': [{'index': 1, 'row': 7, 'col': 7, 'color': 1, 'ts': 1779345094}, {'index': 2, 'row': 6, 'col': 8, 'color': 2, 'ts': 1779345097}], 'chat_log': [], 'ended': False}
2026-05-21 14:33:03 [INFO] -> C2S_CHAT seq=3 data={'text': '11'}
2026-05-21 14:33:03 [INFO] <- S2C_ERROR seq=3 data={'code': 'NO_ROOM', 'reason': '你不在任何房间中'}
2026-05-21 14:33:09 [INFO] <- S2C_CHAT_BCAST seq=0 data={'from': 'alice', 'text': '11'}
2026-05-21 14:33:15 [INFO] -> C2S_LOGOUT seq=4 data={}
2026-05-21 14:33:15 [INFO] recv disconnected: peer closed during recv
2026-05-21 14:33:15 [INFO] connection closed
