2026-05-17 16:17:15 [INFO] -> C2S_MATCH_START seq=3 data={}
2026-05-17 16:17:15 [INFO] <- S2C_MATCH_OK seq=0 data={'room_id': 1, 'board_size': 15, 'you': 'bob', 'opponent': {'username': 'alice', 'score': 1000}, 'your_color': 2, 'turn_color': 1}
2026-05-17 16:18:18 [INFO] <- S2C_CHAT_BCAST seq=0 data={'from': 'alice', 'text': '你好'}
2026-05-17 16:18:29 [INFO] -> C2S_CHAT seq=4 data={'text': 'hello'}
2026-05-17 16:18:29 [INFO] <- S2C_CHAT_BCAST seq=0 data={'from': 'bob', 'text': 'hello'}
2026-05-17 16:19:06 [INFO] <- S2C_MOVE_RESULT seq=0 data={'ok': True, 'row': 7, 'col': 7, 'color': 1, 'next_turn': 2, 'winner': 0}
2026-05-17 16:19:17 [INFO] -> C2S_MOVE seq=5 data={'row': 6, 'col': 6}
2026-05-17 16:19:17 [INFO] <- S2C_MOVE_RESULT seq=0 data={'ok': True, 'row': 6, 'col': 6, 'color': 2, 'next_turn': 1, 'winner': 0}
2026-05-17 16:19:31 [INFO] <- S2C_MOVE_RESULT seq=0 data={'ok': True, 'row': 6, 'col': 7, 'color': 1, 'next_turn': 2, 'winner': 0}
2026-05-17 16:19:35 [INFO] -> C2S_MOVE seq=6 data={'row': 5, 'col': 7}
2026-05-17 16:19:35 [INFO] <- S2C_MOVE_RESULT seq=0 data={'ok': True, 'row': 5, 'col': 7, 'color': 2, 'next_turn': 1, 'winner': 0}
2026-05-17 16:19:39 [INFO] <- S2C_MOVE_RESULT seq=0 data={'ok': True, 'row': 7, 'col': 6, 'color': 1, 'next_turn': 2, 'winner': 0}
2026-05-17 16:19:42 [INFO] -> C2S_MOVE seq=7 data={'row': 8, 'col': 5}
2026-05-17 16:19:42 [INFO] <- S2C_MOVE_RESULT seq=0 data={'ok': True, 'row': 8, 'col': 5, 'color': 2, 'next_turn': 1, 'winner': 0}
2026-05-17 16:19:52 [INFO] <- S2C_CHAT_BCAST seq=0 data={'from': 'alice', 'text': '老张'}
2026-05-17 16:19:58 [INFO] -> C2S_CHAT seq=8 data={'text': '111'}
2026-05-17 16:19:58 [INFO] <- S2C_CHAT_BCAST seq=0 data={'from': 'bob', 'text': '111'}
2026-05-17 16:20:06 [INFO] <- S2C_MOVE_RESULT seq=0 data={'ok': True, 'row': 7, 'col': 8, 'color': 1, 'next_turn': 2, 'winner': 0}
2026-05-17 16:20:10 [INFO] -> C2S_MOVE seq=9 data={'row': 7, 'col': 9}
2026-05-17 16:20:10 [INFO] <- S2C_MOVE_RESULT seq=0 data={'ok': True, 'row': 7, 'col': 9, 'color': 2, 'next_turn': 1, 'winner': 0}
2026-05-17 16:20:14 [INFO] <- S2C_MOVE_RESULT seq=0 data={'ok': True, 'row': 7, 'col': 5, 'color': 1, 'next_turn': 2, 'winner': 0}
2026-05-17 16:20:18 [INFO] -> C2S_MOVE seq=10 data={'row': 7, 'col': 4}
2026-05-17 16:20:18 [INFO] <- S2C_MOVE_RESULT seq=0 data={'ok': True, 'row': 7, 'col': 4, 'color': 2, 'next_turn': 1, 'winner': 0}
2026-05-17 16:20:27 [INFO] <- S2C_MOVE_RESULT seq=0 data={'ok': True, 'row': 9, 'col': 6, 'color': 1, 'next_turn': 2, 'winner': 0}
2026-05-17 16:20:31 [INFO] -> C2S_MOVE seq=11 data={'row': 8, 'col': 6}
2026-05-17 16:20:31 [INFO] <- S2C_MOVE_RESULT seq=0 data={'ok': True, 'row': 8, 'col': 6, 'color': 2, 'next_turn': 1, 'winner': 0}
2026-05-17 16:20:35 [INFO] <- S2C_MOVE_RESULT seq=0 data={'ok': True, 'row': 8, 'col': 4, 'color': 1, 'next_turn': 2, 'winner': 0}
2026-05-17 16:21:02 [INFO] -> C2S_MOVE seq=12 data={'row': 9, 'col': 3}
2026-05-17 16:21:02 [INFO] <- S2C_MOVE_RESULT seq=0 data={'ok': True, 'row': 9, 'col': 3, 'color': 2, 'next_turn': 1, 'winner': 0}
2026-05-17 16:21:07 [INFO] <- S2C_MOVE_RESULT seq=0 data={'ok': True, 'row': 8, 'col': 7, 'color': 1, 'next_turn': 2, 'winner': 0}
2026-05-17 16:21:14 [INFO] -> C2S_MOVE seq=13 data={'row': 6, 'col': 9}
2026-05-17 16:21:14 [INFO] <- S2C_MOVE_RESULT seq=0 data={'ok': True, 'row': 6, 'col': 9, 'color': 2, 'next_turn': 1, 'winner': 0}
2026-05-17 16:21:24 [INFO] <- S2C_MOVE_RESULT seq=0 data={'ok': True, 'row': 9, 'col': 7, 'color': 1, 'next_turn': 2, 'winner': 0}
2026-05-17 16:21:28 [INFO] -> C2S_MOVE seq=14 data={'row': 10, 'col': 7}
2026-05-17 16:21:28 [INFO] <- S2C_MOVE_RESULT seq=0 data={'ok': True, 'row': 10, 'col': 7, 'color': 2, 'next_turn': 1, 'winner': 0}
2026-05-17 16:21:38 [INFO] <- S2C_MOVE_RESULT seq=0 data={'ok': True, 'row': 10, 'col': 5, 'color': 1, 'next_turn': 2, 'winner': 0}
2026-05-17 16:21:42 [INFO] -> C2S_MOVE seq=15 data={'row': 11, 'col': 4}
2026-05-17 16:21:42 [INFO] <- S2C_MOVE_RESULT seq=0 data={'ok': True, 'row': 11, 'col': 4, 'color': 2, 'next_turn': 1, 'winner': 0}
2026-05-17 16:21:49 [INFO] <- S2C_MOVE_RESULT seq=0 data={'ok': True, 'row': 9, 'col': 5, 'color': 1, 'next_turn': 2, 'winner': 0}
2026-05-17 16:21:57 [INFO] -> C2S_MOVE seq=16 data={'row': 9, 'col': 8}
2026-05-17 16:21:57 [INFO] <- S2C_MOVE_RESULT seq=0 data={'ok': True, 'row': 9, 'col': 8, 'color': 2, 'next_turn': 1, 'winner': 0}
2026-05-17 16:22:17 [INFO] <- S2C_MOVE_RESULT seq=0 data={'ok': True, 'row': 10, 'col': 6, 'color': 1, 'next_turn': 2, 'winner': 0}
2026-05-17 16:22:26 [INFO] -> C2S_MOVE seq=17 data={'row': 11, 'col': 7}
2026-05-17 16:22:26 [INFO] <- S2C_MOVE_RESULT seq=0 data={'ok': True, 'row': 11, 'col': 7, 'color': 2, 'next_turn': 1, 'winner': 0}
2026-05-17 16:22:32 [INFO] <- S2C_MOVE_RESULT seq=0 data={'ok': True, 'row': 7, 'col': 3, 'color': 1, 'next_turn': 2, 'winner': 0}
2026-05-17 16:22:37 [INFO] -> C2S_MOVE seq=18 data={'row': 6, 'col': 2}
2026-05-17 16:22:37 [INFO] <- S2C_MOVE_RESULT seq=0 data={'ok': True, 'row': 6, 'col': 2, 'color': 2, 'next_turn': 1, 'winner': 0}
2026-05-17 16:22:52 [INFO] <- S2C_MOVE_RESULT seq=0 data={'ok': True, 'row': 8, 'col': 9, 'color': 1, 'next_turn': 2, 'winner': 0}
2026-05-17 16:23:02 [INFO] -> C2S_MOVE seq=19 data={'row': 5, 'col': 6}
2026-05-17 16:23:02 [INFO] <- S2C_MOVE_RESULT seq=0 data={'ok': True, 'row': 5, 'col': 6, 'color': 2, 'next_turn': 1, 'winner': 0}
2026-05-17 16:23:07 [INFO] <- S2C_MOVE_RESULT seq=0 data={'ok': True, 'row': 9, 'col': 10, 'color': 1, 'next_turn': 2, 'winner': 0}
2026-05-17 16:23:11 [INFO] -> C2S_MOVE seq=20 data={'row': 10, 'col': 11}
2026-05-17 16:23:11 [INFO] <- S2C_MOVE_RESULT seq=0 data={'ok': True, 'row': 10, 'col': 11, 'color': 2, 'next_turn': 1, 'winner': 0}
2026-05-17 16:23:35 [INFO] <- S2C_MOVE_RESULT seq=0 data={'ok': True, 'row': 11, 'col': 5, 'color': 1, 'next_turn': 2, 'winner': 0}
2026-05-17 16:23:48 [INFO] -> C2S_MOVE seq=21 data={'row': 12, 'col': 4}
2026-05-17 16:23:48 [INFO] <- S2C_MOVE_RESULT seq=0 data={'ok': True, 'row': 12, 'col': 4, 'color': 2, 'next_turn': 1, 'winner': 0}
2026-05-17 16:24:06 [INFO] <- S2C_MOVE_RESULT seq=0 data={'ok': True, 'row': 5, 'col': 8, 'color': 1, 'next_turn': 2, 'winner': 0}
2026-05-17 16:24:13 [INFO] -> C2S_MOVE seq=22 data={'row': 6, 'col': 5}
2026-05-17 16:24:13 [INFO] <- S2C_MOVE_RESULT seq=0 data={'ok': True, 'row': 6, 'col': 5, 'color': 2, 'next_turn': 1, 'winner': 0}
2026-05-17 16:24:20 [INFO] <- S2C_MOVE_RESULT seq=0 data={'ok': True, 'row': 4, 'col': 9, 'color': 1, 'next_turn': 2, 'winner': 0}
2026-05-17 16:24:24 [INFO] -> C2S_MOVE seq=23 data={'row': 3, 'col': 10}
2026-05-17 16:24:24 [INFO] <- S2C_MOVE_RESULT seq=0 data={'ok': True, 'row': 3, 'col': 10, 'color': 2, 'next_turn': 1, 'winner': 0}
2026-05-17 16:24:47 [INFO] <- S2C_MOVE_RESULT seq=0 data={'ok': True, 'row': 4, 'col': 7, 'color': 1, 'next_turn': 2, 'winner': 0}
2026-05-17 16:25:05 [INFO] -> C2S_MOVE seq=24 data={'row': 4, 'col': 6}
2026-05-17 16:25:05 [INFO] <- S2C_MOVE_RESULT seq=0 data={'ok': True, 'row': 4, 'col': 6, 'color': 2, 'next_turn': 1, 'winner': 0}
2026-05-17 16:25:14 [INFO] <- S2C_MOVE_RESULT seq=0 data={'ok': True, 'row': 6, 'col': 8, 'color': 1, 'next_turn': 2, 'winner': 0}
2026-05-17 16:26:05 [INFO] -> C2S_MOVE seq=25 data={'row': 4, 'col': 8}
2026-05-17 16:26:05 [INFO] <- S2C_MOVE_RESULT seq=0 data={'ok': True, 'row': 4, 'col': 8, 'color': 2, 'next_turn': 1, 'winner': 0}
2026-05-17 16:26:40 [INFO] <- S2C_MOVE_RESULT seq=0 data={'ok': True, 'row': 3, 'col': 6, 'color': 1, 'next_turn': 2, 'winner': 0}
2026-05-17 16:26:44 [INFO] -> C2S_MOVE seq=26 data={'row': 2, 'col': 5}
2026-05-17 16:26:44 [INFO] <- S2C_MOVE_RESULT seq=0 data={'ok': True, 'row': 2, 'col': 5, 'color': 2, 'next_turn': 1, 'winner': 0}
2026-05-17 16:27:09 [INFO] <- S2C_MOVE_RESULT seq=0 data={'ok': True, 'row': 6, 'col': 3, 'color': 1, 'next_turn': 2, 'winner': 0}
2026-05-17 16:27:33 [INFO] -> C2S_MOVE seq=27 data={'row': 6, 'col': 4}
2026-05-17 16:27:33 [INFO] <- S2C_MOVE_RESULT seq=0 data={'ok': True, 'row': 6, 'col': 4, 'color': 2, 'next_turn': 1, 'winner': 0}
2026-05-17 16:27:46 [INFO] <- S2C_MOVE_RESULT seq=0 data={'ok': True, 'row': 5, 'col': 3, 'color': 1, 'next_turn': 2, 'winner': 0}
2026-05-17 16:27:53 [INFO] -> C2S_MOVE seq=28 data={'row': 8, 'col': 3}
2026-05-17 16:27:53 [INFO] <- S2C_MOVE_RESULT seq=0 data={'ok': True, 'row': 8, 'col': 3, 'color': 2, 'next_turn': 1, 'winner': 0}
2026-05-17 16:28:07 [INFO] <- S2C_MOVE_RESULT seq=0 data={'ok': True, 'row': 9, 'col': 2, 'color': 1, 'next_turn': 2, 'winner': 0}
2026-05-17 16:28:26 [INFO] -> C2S_MOVE seq=29 data={'row': 5, 'col': 5}
2026-05-17 16:28:26 [INFO] <- S2C_MOVE_RESULT seq=0 data={'ok': True, 'row': 5, 'col': 5, 'color': 2, 'next_turn': 1, 'winner': 0}
2026-05-17 16:28:43 [INFO] <- S2C_MOVE_RESULT seq=0 data={'ok': True, 'row': 3, 'col': 3, 'color': 1, 'next_turn': 2, 'winner': 0}
2026-05-17 16:28:46 [INFO] -> C2S_MOVE seq=30 data={'row': 4, 'col': 3}
2026-05-17 16:28:46 [INFO] <- S2C_MOVE_RESULT seq=0 data={'ok': True, 'row': 4, 'col': 3, 'color': 2, 'next_turn': 1, 'winner': 0}
2026-05-17 16:29:04 [INFO] <- S2C_MOVE_RESULT seq=0 data={'ok': True, 'row': 4, 'col': 5, 'color': 1, 'next_turn': 2, 'winner': 0}
2026-05-17 16:29:10 [INFO] -> C2S_MOVE seq=31 data={'row': 5, 'col': 4}
2026-05-17 16:29:10 [INFO] <- S2C_MOVE_RESULT seq=0 data={'ok': True, 'row': 5, 'col': 4, 'color': 2, 'next_turn': 1, 'winner': 0}
2026-05-17 16:29:17 [INFO] <- S2C_MOVE_RESULT seq=0 data={'ok': True, 'row': 4, 'col': 4, 'color': 1, 'next_turn': 2, 'winner': 0}
2026-05-17 16:29:28 [INFO] -> C2S_MOVE seq=32 data={'row': 3, 'col': 5}
2026-05-17 16:29:28 [INFO] <- S2C_MOVE_RESULT seq=0 data={'ok': True, 'row': 3, 'col': 5, 'color': 2, 'next_turn': 1, 'winner': 0}
2026-05-17 16:29:48 [INFO] <- S2C_MOVE_RESULT seq=0 data={'ok': True, 'row': 2, 'col': 4, 'color': 1, 'next_turn': 2, 'winner': 0}
2026-05-17 16:30:02 [INFO] -> C2S_MOVE seq=33 data={'row': 3, 'col': 4}
2026-05-17 16:30:02 [INFO] <- S2C_MOVE_RESULT seq=0 data={'ok': True, 'row': 3, 'col': 4, 'color': 2, 'next_turn': 1, 'winner': 0}
2026-05-17 16:30:11 [INFO] <- S2C_MOVE_RESULT seq=0 data={'ok': True, 'row': 5, 'col': 2, 'color': 1, 'next_turn': 2, 'winner': 0}
2026-05-17 16:30:47 [INFO] -> C2S_MOVE seq=34 data={'row': 4, 'col': 2}
2026-05-17 16:30:47 [INFO] <- S2C_MOVE_RESULT seq=0 data={'ok': True, 'row': 4, 'col': 2, 'color': 2, 'next_turn': 1, 'winner': 0}
2026-05-17 16:31:23 [INFO] <- S2C_MOVE_RESULT seq=0 data={'ok': True, 'row': 2, 'col': 7, 'color': 1, 'next_turn': 2, 'winner': 0}
2026-05-17 16:31:30 [INFO] -> C2S_MOVE seq=35 data={'row': 1, 'col': 8}
2026-05-17 16:31:30 [INFO] <- S2C_MOVE_RESULT seq=0 data={'ok': True, 'row': 1, 'col': 8, 'color': 2, 'next_turn': 1, 'winner': 0}
2026-05-17 16:31:52 [INFO] <- S2C_MOVE_RESULT seq=0 data={'ok': True, 'row': 5, 'col': 10, 'color': 1, 'next_turn': 2, 'winner': 0}
2026-05-17 16:31:55 [INFO] -> C2S_MOVE seq=36 data={'row': 3, 'col': 8}
2026-05-17 16:31:55 [INFO] <- S2C_MOVE_RESULT seq=0 data={'ok': True, 'row': 3, 'col': 8, 'color': 2, 'next_turn': 1, 'winner': 0}
2026-05-17 16:32:16 [INFO] <- S2C_MOVE_RESULT seq=0 data={'ok': True, 'row': 5, 'col': 9, 'color': 1, 'next_turn': 2, 'winner': 0}
2026-05-17 16:32:30 [INFO] -> C2S_MOVE seq=37 data={'row': 3, 'col': 9}
2026-05-17 16:32:30 [INFO] <- S2C_MOVE_RESULT seq=0 data={'ok': True, 'row': 3, 'col': 9, 'color': 2, 'next_turn': 1, 'winner': 0}
2026-05-17 16:32:41 [INFO] <- S2C_MOVE_RESULT seq=0 data={'ok': True, 'row': 2, 'col': 10, 'color': 1, 'next_turn': 2, 'winner': 0}
2026-05-17 16:33:00 [INFO] -> C2S_MOVE seq=38 data={'row': 4, 'col': 10}
2026-05-17 16:33:00 [INFO] <- S2C_MOVE_RESULT seq=0 data={'ok': True, 'row': 4, 'col': 10, 'color': 2, 'next_turn': 1, 'winner': 0}
2026-05-17 16:33:19 [INFO] <- S2C_MOVE_RESULT seq=0 data={'ok': True, 'row': 5, 'col': 11, 'color': 1, 'next_turn': 2, 'winner': 0}
2026-05-17 16:33:22 [INFO] -> C2S_MOVE seq=39 data={'row': 5, 'col': 12}
2026-05-17 16:33:22 [INFO] <- S2C_MOVE_RESULT seq=0 data={'ok': True, 'row': 5, 'col': 12, 'color': 2, 'next_turn': 1, 'winner': 0}
2026-05-17 16:33:50 [INFO] <- S2C_MOVE_RESULT seq=0 data={'ok': True, 'row': 3, 'col': 7, 'color': 1, 'next_turn': 2, 'winner': 0}
2026-05-17 16:34:06 [INFO] -> C2S_MOVE seq=40 data={'row': 2, 'col': 9}
2026-05-17 16:34:06 [INFO] <- S2C_MOVE_RESULT seq=0 data={'ok': True, 'row': 2, 'col': 9, 'color': 2, 'next_turn': 1, 'winner': 0}
2026-05-17 16:34:14 [INFO] <- S2C_MOVE_RESULT seq=0 data={'ok': True, 'row': 4, 'col': 11, 'color': 1, 'next_turn': 2, 'winner': 0}
2026-05-17 16:34:29 [INFO] -> C2S_MOVE seq=41 data={'row': 2, 'col': 8}
2026-05-17 16:34:29 [INFO] <- S2C_MOVE_RESULT seq=0 data={'ok': True, 'row': 2, 'col': 8, 'color': 2, 'next_turn': 1, 'winner': 0}
2026-05-17 16:34:42 [INFO] <- S2C_MOVE_RESULT seq=0 data={'ok': True, 'row': 0, 'col': 8, 'color': 1, 'next_turn': 2, 'winner': 0}
2026-05-17 16:34:48 [INFO] -> C2S_MOVE seq=42 data={'row': 1, 'col': 7}
2026-05-17 16:34:48 [INFO] <- S2C_MOVE_RESULT seq=0 data={'ok': True, 'row': 1, 'col': 7, 'color': 2, 'next_turn': 1, 'winner': 0}
2026-05-17 16:34:54 [INFO] <- S2C_MOVE_RESULT seq=0 data={'ok': True, 'row': 0, 'col': 6, 'color': 1, 'next_turn': 2, 'winner': 0}
2026-05-17 16:34:57 [INFO] -> C2S_MOVE seq=43 data={'row': 0, 'col': 7}
2026-05-17 16:34:57 [INFO] <- S2C_MOVE_RESULT seq=0 data={'ok': True, 'row': 0, 'col': 7, 'color': 2, 'next_turn': 1, 'winner': 0}
2026-05-17 16:35:33 [INFO] <- S2C_MOVE_RESULT seq=0 data={'ok': True, 'row': 1, 'col': 6, 'color': 1, 'next_turn': 2, 'winner': 0}
2026-05-17 16:35:44 [INFO] -> C2S_MOVE seq=44 data={'row': 2, 'col': 6}
2026-05-17 16:35:44 [INFO] <- S2C_MOVE_RESULT seq=0 data={'ok': True, 'row': 2, 'col': 6, 'color': 2, 'next_turn': 1, 'winner': 0}
2026-05-17 16:36:04 [INFO] <- S2C_MOVE_RESULT seq=0 data={'ok': True, 'row': 1, 'col': 5, 'color': 1, 'next_turn': 2, 'winner': 0}
2026-05-17 16:36:41 [INFO] -> C2S_MOVE seq=45 data={'row': 11, 'col': 3}
2026-05-17 16:36:41 [INFO] <- S2C_MOVE_RESULT seq=0 data={'ok': True, 'row': 11, 'col': 3, 'color': 2, 'next_turn': 1, 'winner': 0}
2026-05-17 16:37:21 [INFO] <- S2C_MOVE_RESULT seq=0 data={'ok': True, 'row': 3, 'col': 11, 'color': 1, 'next_turn': 2, 'winner': 0}
2026-05-17 16:37:59 [INFO] -> C2S_MOVE seq=46 data={'row': 2, 'col': 11}
2026-05-17 16:37:59 [INFO] <- S2C_MOVE_RESULT seq=0 data={'ok': True, 'row': 2, 'col': 11, 'color': 2, 'next_turn': 1, 'winner': 0}
2026-05-17 16:38:19 [INFO] <- S2C_MOVE_RESULT seq=0 data={'ok': True, 'row': 6, 'col': 11, 'color': 1, 'next_turn': 2, 'winner': 0}
2026-05-17 16:38:26 [INFO] -> C2S_MOVE seq=47 data={'row': 7, 'col': 11}
2026-05-17 16:38:26 [INFO] <- S2C_MOVE_RESULT seq=0 data={'ok': True, 'row': 7, 'col': 11, 'color': 2, 'next_turn': 1, 'winner': 0}
2026-05-17 16:38:42 [INFO] <- S2C_MOVE_RESULT seq=0 data={'ok': True, 'row': 1, 'col': 9, 'color': 1, 'next_turn': 2, 'winner': 0}
2026-05-17 16:38:47 [INFO] -> C2S_MOVE seq=48 data={'row': 4, 'col': 12}
2026-05-17 16:38:47 [INFO] <- S2C_MOVE_RESULT seq=0 data={'ok': True, 'row': 4, 'col': 12, 'color': 2, 'next_turn': 1, 'winner': 0}
2026-05-17 16:39:45 [INFO] <- S2C_MOVE_RESULT seq=0 data={'ok': True, 'row': 10, 'col': 2, 'color': 1, 'next_turn': 2, 'winner': 0}
2026-05-17 16:40:10 [INFO] -> C2S_MOVE seq=49 data={'row': 8, 'col': 2}
2026-05-17 16:40:10 [INFO] <- S2C_MOVE_RESULT seq=0 data={'ok': True, 'row': 8, 'col': 2, 'color': 2, 'next_turn': 1, 'winner': 0}
2026-05-17 16:40:22 [INFO] <- S2C_MOVE_RESULT seq=0 data={'ok': True, 'row': 10, 'col': 3, 'color': 1, 'next_turn': 2, 'winner': 0}
2026-05-17 16:40:26 [INFO] -> C2S_MOVE seq=50 data={'row': 10, 'col': 4}
2026-05-17 16:40:26 [INFO] <- S2C_MOVE_RESULT seq=0 data={'ok': True, 'row': 10, 'col': 4, 'color': 2, 'next_turn': 1, 'winner': 0}
2026-05-17 16:40:48 [INFO] <- S2C_MOVE_RESULT seq=0 data={'ok': True, 'row': 8, 'col': 10, 'color': 1, 'next_turn': 2, 'winner': 0}
2026-05-17 16:40:51 [INFO] -> C2S_MOVE seq=51 data={'row': 8, 'col': 8}
2026-05-17 16:40:51 [INFO] <- S2C_MOVE_RESULT seq=0 data={'ok': True, 'row': 8, 'col': 8, 'color': 2, 'next_turn': 1, 'winner': 0}
2026-05-17 16:40:59 [INFO] <- S2C_MOVE_RESULT seq=0 data={'ok': True, 'row': 7, 'col': 10, 'color': 1, 'next_turn': 2, 'winner': 0}
2026-05-17 16:41:03 [INFO] -> C2S_MOVE seq=52 data={'row': 6, 'col': 10}
2026-05-17 16:41:03 [INFO] <- S2C_MOVE_RESULT seq=0 data={'ok': True, 'row': 6, 'col': 10, 'color': 2, 'next_turn': 1, 'winner': 0}
2026-05-17 16:41:12 [INFO] <- S2C_MOVE_RESULT seq=0 data={'ok': True, 'row': 10, 'col': 10, 'color': 1, 'next_turn': 2, 'winner': 0}
2026-05-17 16:41:16 [INFO] -> C2S_MOVE seq=53 data={'row': 11, 'col': 10}
2026-05-17 16:41:16 [INFO] <- S2C_MOVE_RESULT seq=0 data={'ok': True, 'row': 11, 'col': 10, 'color': 2, 'next_turn': 1, 'winner': 0}
2026-05-17 16:41:20 [INFO] <- S2C_MOVE_RESULT seq=0 data={'ok': True, 'row': 13, 'col': 4, 'color': 1, 'next_turn': 2, 'winner': 0}
2026-05-17 16:41:34 [INFO] -> C2S_MOVE seq=54 data={'row': 12, 'col': 5}
2026-05-17 16:41:34 [INFO] <- S2C_MOVE_RESULT seq=0 data={'ok': True, 'row': 12, 'col': 5, 'color': 2, 'next_turn': 1, 'winner': 0}
2026-05-17 16:42:09 [INFO] <- S2C_MOVE_RESULT seq=0 data={'ok': True, 'row': 7, 'col': 12, 'color': 1, 'next_turn': 2, 'winner': 0}
2026-05-17 16:42:17 [INFO] -> C2S_MOVE seq=55 data={'row': 8, 'col': 13}
2026-05-17 16:42:17 [INFO] <- S2C_MOVE_RESULT seq=0 data={'ok': True, 'row': 8, 'col': 13, 'color': 2, 'next_turn': 1, 'winner': 0}
2026-05-17 16:43:11 [INFO] <- S2C_MOVE_RESULT seq=0 data={'ok': True, 'row': 10, 'col': 9, 'color': 1, 'next_turn': 2, 'winner': 0}
2026-05-17 16:43:17 [INFO] -> C2S_MOVE seq=56 data={'row': 8, 'col': 11}
2026-05-17 16:43:17 [INFO] <- S2C_MOVE_RESULT seq=0 data={'ok': True, 'row': 8, 'col': 11, 'color': 2, 'next_turn': 1, 'winner': 0}
2026-05-17 16:43:30 [INFO] <- S2C_MOVE_RESULT seq=0 data={'ok': True, 'row': 12, 'col': 7, 'color': 1, 'next_turn': 2, 'winner': 0}
2026-05-17 16:43:46 [INFO] -> C2S_MOVE seq=57 data={'row': 13, 'col': 8}
2026-05-17 16:43:46 [INFO] <- S2C_MOVE_RESULT seq=0 data={'ok': True, 'row': 13, 'col': 8, 'color': 2, 'next_turn': 1, 'winner': 0}
2026-05-17 16:44:05 [INFO] <- S2C_MOVE_RESULT seq=0 data={'ok': True, 'row': 13, 'col': 6, 'color': 1, 'next_turn': 2, 'winner': 0}
2026-05-17 16:44:10 [INFO] -> C2S_MOVE seq=58 data={'row': 11, 'col': 8}
2026-05-17 16:44:10 [INFO] <- S2C_MOVE_RESULT seq=0 data={'ok': True, 'row': 11, 'col': 8, 'color': 2, 'next_turn': 1, 'winner': 0}
2026-05-17 16:44:18 [INFO] <- S2C_MOVE_RESULT seq=0 data={'ok': True, 'row': 11, 'col': 6, 'color': 1, 'next_turn': 2, 'winner': 0}
2026-05-17 16:44:23 [INFO] -> C2S_MOVE seq=59 data={'row': 9, 'col': 12}
2026-05-17 16:44:23 [INFO] <- S2C_MOVE_RESULT seq=0 data={'ok': True, 'row': 9, 'col': 12, 'color': 2, 'next_turn': 1, 'winner': 0}
2026-05-17 16:44:49 [INFO] <- S2C_MOVE_RESULT seq=0 data={'ok': True, 'row': 12, 'col': 6, 'color': 1, 'next_turn': 0, 'winner': 1}
2026-05-17 16:44:49 [INFO] <- S2C_ROOM_CLOSED seq=0 data={'reason': '对方五子连珠', 'your_result': 'lose'}
2026-05-17 16:44:49 [INFO] <- S2C_LOBBY_INFO seq=0 data={'online': ['alice', 'bob'], 'online_count': 2, 'queue_size': 0}
2026-05-17 16:45:10 [INFO] <- S2C_LOBBY_INFO seq=0 data={'online': ['alice', 'bob'], 'online_count': 2, 'queue_size': 1}
2026-05-17 16:45:13 [INFO] -> C2S_MATCH_START seq=60 data={}
2026-05-17 16:45:13 [INFO] <- S2C_MATCH_OK seq=0 data={'room_id': 2, 'board_size': 15, 'you': 'bob', 'opponent': {'username': 'alice', 'score': 1030}, 'your_color': 2, 'turn_color': 1}
2026-05-17 16:45:17 [INFO] <- S2C_MOVE_RESULT seq=0 data={'ok': True, 'row': 4, 'col': 5, 'color': 1, 'next_turn': 2, 'winner': 0}
2026-05-17 16:45:21 [INFO] -> C2S_MOVE seq=61 data={'row': 7, 'col': 7}
2026-05-17 16:45:21 [INFO] <- S2C_MOVE_RESULT seq=0 data={'ok': True, 'row': 7, 'col': 7, 'color': 2, 'next_turn': 1, 'winner': 0}
2026-05-17 16:45:23 [INFO] <- S2C_MOVE_RESULT seq=0 data={'ok': True, 'row': 6, 'col': 1, 'color': 1, 'next_turn': 2, 'winner': 0}
2026-05-17 16:45:25 [INFO] -> C2S_MOVE seq=62 data={'row': 6, 'col': 7}
2026-05-17 16:45:25 [INFO] <- S2C_MOVE_RESULT seq=0 data={'ok': True, 'row': 6, 'col': 7, 'color': 2, 'next_turn': 1, 'winner': 0}
2026-05-17 16:45:28 [INFO] <- S2C_MOVE_RESULT seq=0 data={'ok': True, 'row': 0, 'col': 4, 'color': 1, 'next_turn': 2, 'winner': 0}
2026-05-17 16:45:30 [INFO] -> C2S_MOVE seq=63 data={'row': 5, 'col': 7}
2026-05-17 16:45:30 [INFO] <- S2C_MOVE_RESULT seq=0 data={'ok': True, 'row': 5, 'col': 7, 'color': 2, 'next_turn': 1, 'winner': 0}
2026-05-17 16:45:32 [INFO] <- S2C_MOVE_RESULT seq=0 data={'ok': True, 'row': 4, 'col': 13, 'color': 1, 'next_turn': 2, 'winner': 0}
2026-05-17 16:45:35 [INFO] -> C2S_MOVE seq=64 data={'row': 4, 'col': 7}
2026-05-17 16:45:35 [INFO] <- S2C_MOVE_RESULT seq=0 data={'ok': True, 'row': 4, 'col': 7, 'color': 2, 'next_turn': 1, 'winner': 0}
2026-05-17 16:45:38 [INFO] <- S2C_MOVE_RESULT seq=0 data={'ok': True, 'row': 8, 'col': 14, 'color': 1, 'next_turn': 2, 'winner': 0}
2026-05-17 16:45:43 [INFO] -> C2S_MOVE seq=65 data={'row': 2, 'col': 7}
2026-05-17 16:45:43 [INFO] <- S2C_MOVE_RESULT seq=0 data={'ok': True, 'row': 2, 'col': 7, 'color': 2, 'next_turn': 1, 'winner': 0}
2026-05-17 16:45:46 [INFO] <- S2C_MOVE_RESULT seq=0 data={'ok': True, 'row': 10, 'col': 1, 'color': 1, 'next_turn': 2, 'winner': 0}
2026-05-17 16:45:48 [INFO] -> C2S_MOVE seq=66 data={'row': 3, 'col': 7}
2026-05-17 16:45:48 [INFO] <- S2C_MOVE_RESULT seq=0 data={'ok': True, 'row': 3, 'col': 7, 'color': 2, 'next_turn': 0, 'winner': 2}
2026-05-17 16:45:48 [INFO] <- S2C_ROOM_CLOSED seq=0 data={'reason': '五子连珠', 'your_result': 'win'}
2026-05-17 16:45:48 [INFO] <- S2C_LOBBY_INFO seq=0 data={'online': ['alice', 'bob'], 'online_count': 2, 'queue_size': 0}
2026-05-17 16:47:34 [INFO] <- S2C_LOBBY_INFO seq=0 data={'online': ['alice', 'bob'], 'online_count': 2, 'queue_size': 1}
2026-05-17 16:47:35 [INFO] -> C2S_MATCH_START seq=67 data={}
2026-05-17 16:47:35 [INFO] <- S2C_MATCH_OK seq=0 data={'room_id': 3, 'board_size': 15, 'you': 'bob', 'opponent': {'username': 'alice', 'score': 1000}, 'your_color': 2, 'turn_color': 1}
2026-05-17 16:47:40 [INFO] <- S2C_MOVE_RESULT seq=0 data={'ok': True, 'row': 7, 'col': 7, 'color': 1, 'next_turn': 2, 'winner': 0}
2026-05-17 16:47:41 [INFO] -> C2S_MOVE seq=68 data={'row': 5, 'col': 9}
2026-05-17 16:47:41 [INFO] <- S2C_MOVE_RESULT seq=0 data={'ok': True, 'row': 5, 'col': 9, 'color': 2, 'next_turn': 1, 'winner': 0}
2026-05-17 16:47:42 [INFO] <- S2C_MOVE_RESULT seq=0 data={'ok': True, 'row': 5, 'col': 7, 'color': 1, 'next_turn': 2, 'winner': 0}
2026-05-17 16:47:44 [INFO] -> C2S_MOVE seq=69 data={'row': 7, 'col': 9}
2026-05-17 16:47:44 [INFO] <- S2C_MOVE_RESULT seq=0 data={'ok': True, 'row': 7, 'col': 9, 'color': 2, 'next_turn': 1, 'winner': 0}
2026-05-17 16:47:49 [INFO] -> C2S_LEAVE_ROOM seq=70 data={}
2026-05-17 16:47:49 [INFO] <- S2C_ROOM_CLOSED seq=0 data={'reason': '你已离开房间', 'your_result': 'lose'}
2026-05-17 16:47:49 [INFO] <- S2C_LOBBY_INFO seq=0 data={'online': ['alice', 'bob'], 'online_count': 2, 'queue_size': 0}
2026-05-17 16:48:38 [INFO] <- S2C_LOBBY_INFO seq=0 data={'online': ['bob'], 'online_count': 1, 'queue_size': 0}
2026-05-17 16:48:43 [INFO] -> C2S_LOGOUT seq=71 data={}
2026-05-17 16:48:43 [INFO] recv disconnected: peer closed during recv
2026-05-17 16:48:43 [INFO] connection closed
2026-05-20 15:16:58 [INFO] <- S2C_LOBBY_INFO seq=0 data={'online': ['alice', 'bob', 'cathy'], 'online_count': 3, 'queue_size': 0, 'active_rooms': []}
2026-05-20 15:17:12 [INFO] <- S2C_LOBBY_INFO seq=0 data={'online': ['alice', 'bob', 'cathy'], 'online_count': 3, 'queue_size': 1, 'active_rooms': []}
2026-05-20 15:17:24 [INFO] -> C2S_MATCH_START seq=3 data={}
2026-05-20 15:17:24 [INFO] <- S2C_MATCH_OK seq=0 data={'room_id': 1, 'board_size': 15, 'you': 'bob', 'opponent': {'username': 'alice', 'score': 1030}, 'your_color': 2, 'turn_color': 1}
2026-05-20 15:17:35 [INFO] <- S2C_MOVE_RESULT seq=0 data={'ok': True, 'row': 7, 'col': 7, 'color': 1, 'next_turn': 2, 'winner': 0}
2026-05-20 15:17:37 [INFO] -> C2S_MOVE seq=4 data={'row': 6, 'col': 8}
2026-05-20 15:17:37 [INFO] <- S2C_MOVE_RESULT seq=0 data={'ok': True, 'row': 6, 'col': 8, 'color': 2, 'next_turn': 1, 'winner': 0}
2026-05-20 15:20:09 [INFO] -> C2S_LEAVE_ROOM seq=5 data={}
2026-05-20 15:20:09 [INFO] <- S2C_ROOM_CLOSED seq=0 data={'reason': '你已离开房间', 'your_result': 'lose'}
2026-05-20 15:20:09 [INFO] <- S2C_LOBBY_INFO seq=0 data={'online': ['alice', 'bob'], 'online_count': 2, 'queue_size': 0, 'active_rooms': []}
2026-05-20 15:20:13 [INFO] -> C2S_RANK_LIST seq=6 data={'limit': 10}
2026-05-20 15:20:13 [INFO] <- S2C_RANK_LIST seq=6 data={'items': [{'rank': 1, 'username': 'alice', 'score': 1060, 'total': 4, 'win': 3}, {'rank': 2, 'username': 'cathy', 'score': 1000, 'total': 0, 'win': 0}, {'rank': 3, 'username': 'bob', 'score': 940, 'total': 4, 'win': 1}]}
2026-05-20 15:20:16 [INFO] -> C2S_SPECTATE_LIST seq=7 data={}
2026-05-20 15:20:16 [INFO] <- S2C_SPECTATE_LIST seq=7 data={'rooms': []}
2026-05-20 15:20:17 [INFO] -> C2S_REPLAY_LIST seq=8 data={'limit': 30, 'offset': 0}
2026-05-20 15:20:17 [INFO] <- S2C_REPLAY_LIST seq=8 data={'total': 1, 'items': [{'replay_id': 1, 'players': ['alice', 'bob'], 'winner': 1, 'result': 'abort', 'ended_at': 1779261609, 'move_count': 2}]}
2026-05-20 15:20:23 [INFO] -> C2S_REPLAY_GET seq=9 data={'replay_id': 1}
2026-05-20 15:20:23 [INFO] <- S2C_REPLAY_DATA seq=9 data={'ok': True, 'replay': {'replay_id': 1, 'created_at': 1779261609, 'room_id': 1, 'players': ['alice', 'bob'], 'winner': 1, 'result': 'abort', 'started_at': 1779261444, 'ended_at': 1779261609, 'moves': [{'index': 1, 'row': 7, 'col': 7, 'color': 1, 'ts': 1779261455}, {'index': 2, 'row': 6, 'col': 8, 'color': 2, 'ts': 1779261457}]}}
2026-05-20 15:20:40 [INFO] <- S2C_LOBBY_INFO seq=0 data={'online': ['bob'], 'online_count': 1, 'queue_size': 0, 'active_rooms': []}
2026-05-20 15:20:41 [INFO] -> C2S_LOGOUT seq=10 data={}
2026-05-20 15:20:41 [INFO] recv disconnected: peer closed during recv
2026-05-20 15:20:41 [INFO] connection closed
2026-05-20 15:26:41 [INFO] <- S2C_LOBBY_INFO seq=0 data={'online': ['alice', 'bob', 'cathy'], 'online_count': 3, 'queue_size': 0, 'active_rooms': []}
2026-05-20 15:28:02 [INFO] -> C2S_RANK_LIST seq=3 data={'limit': 10}
2026-05-20 15:28:02 [INFO] <- S2C_RANK_LIST seq=3 data={'items': [{'rank': 1, 'username': 'alice', 'score': 1000, 'total': 0, 'win': 0}, {'rank': 2, 'username': 'bob', 'score': 1000, 'total': 0, 'win': 0}, {'rank': 3, 'username': 'cathy', 'score': 1000, 'total': 0, 'win': 0}]}
2026-05-20 15:28:23 [INFO] <- S2C_LOBBY_INFO seq=0 data={'online': ['alice', 'bob', 'cathy'], 'online_count': 3, 'queue_size': 1, 'active_rooms': []}
2026-05-20 15:28:24 [INFO] <- S2C_LOBBY_INFO seq=0 data={'online': ['alice', 'bob', 'cathy'], 'online_count': 3, 'queue_size': 0, 'active_rooms': [{'room_id': 1, 'black': 'alice', 'white': 'cathy', 'move_count': 0, 'started_at': 1779262104, 'observer_count': 0}]}
2026-05-20 15:28:24 [INFO] <- S2C_LOBBY_INFO seq=0 data={'online': ['alice', 'bob', 'cathy'], 'online_count': 3, 'queue_size': 0, 'active_rooms': [{'room_id': 1, 'black': 'alice', 'white': 'cathy', 'move_count': 0, 'started_at': 1779262104, 'observer_count': 0}]}
2026-05-20 15:28:40 [INFO] -> C2S_SPECTATE_JOIN seq=4 data={'room_id': 1}
2026-05-20 15:28:40 [INFO] <- S2C_SPECTATE_SNAPSHOT seq=4 data={'room_id': 1, 'black': 'alice', 'white': 'cathy', 'board_size': 15, 'board': [[0, 0, 0, 0, 0, 0, 0, 0, 0, 0, 0, 0, 0, 0, 0], [0, 0, 0, 0, 0, 0, 0, 0, 0, 0, 0, 0, 0, 0, 0], [0, 0, 0, 0, 0, 0, 0, 0, 0, 0, 0, 0, 0, 0, 0], [0, 0, 0, 0, 0, 0, 0, 0, 0, 0, 0, 0, 0, 0, 0], [0, 0, 0, 0, 0, 0, 0, 0, 0, 0, 0, 0, 0, 0, 0], [0, 0, 0, 0, 0, 0, 0, 0, 0, 0, 0, 0, 0, 0, 0], [0, 0, 0, 0, 0, 0, 0, 0, 0, 0, 0, 0, 0, 0, 0], [0, 0, 0, 0, 0, 0, 0, 0, 0, 0, 0, 0, 0, 0, 0], [0, 0, 0, 0, 0, 0, 0, 0, 0, 0, 0, 0, 0, 0, 0], [0, 0, 0, 0, 0, 0, 0, 0, 0, 0, 0, 0, 0, 0, 0], [0, 0, 0, 0, 0, 0, 0, 0, 0, 0, 0, 0, 0, 0, 0], [0, 0, 0, 0, 0, 0, 0, 0, 0, 0, 0, 0, 0, 0, 0], [0, 0, 0, 0, 0, 0, 0, 0, 0, 0, 0, 0, 0, 0, 0], [0, 0, 0, 0, 0, 0, 0, 0, 0, 0, 0, 0, 0, 0, 0], [0, 0, 0, 0, 0, 0, 0, 0, 0, 0, 0, 0, 0, 0, 0]], 'turn_color': 1, 'move_count': 0, 'moves': [], 'chat_log': [], 'ended': False}
2026-05-20 15:29:03 [INFO] <- S2C_MOVE_RESULT seq=0 data={'ok': True, 'row': 2, 'col': 3, 'color': 1, 'next_turn': 2, 'winner': 0}
2026-05-20 15:29:08 [INFO] <- S2C_MOVE_RESULT seq=0 data={'ok': True, 'row': 3, 'col': 4, 'color': 2, 'next_turn': 1, 'winner': 0}
2026-05-20 15:29:10 [INFO] <- S2C_MOVE_RESULT seq=0 data={'ok': True, 'row': 4, 'col': 3, 'color': 1, 'next_turn': 2, 'winner': 0}
2026-05-20 15:29:13 [INFO] <- S2C_MOVE_RESULT seq=0 data={'ok': True, 'row': 3, 'col': 5, 'color': 2, 'next_turn': 1, 'winner': 0}
2026-05-20 15:29:16 [INFO] <- S2C_MOVE_RESULT seq=0 data={'ok': True, 'row': 3, 'col': 3, 'color': 1, 'next_turn': 2, 'winner': 0}
2026-05-20 15:29:18 [INFO] <- S2C_MOVE_RESULT seq=0 data={'ok': True, 'row': 3, 'col': 6, 'color': 2, 'next_turn': 1, 'winner': 0}
2026-05-20 15:29:21 [INFO] <- S2C_MOVE_RESULT seq=0 data={'ok': True, 'row': 5, 'col': 3, 'color': 1, 'next_turn': 2, 'winner': 0}
2026-05-20 15:29:24 [INFO] <- S2C_MOVE_RESULT seq=0 data={'ok': True, 'row': 3, 'col': 7, 'color': 2, 'next_turn': 1, 'winner': 0}
2026-05-20 15:29:26 [INFO] <- S2C_MOVE_RESULT seq=0 data={'ok': True, 'row': 6, 'col': 3, 'color': 1, 'next_turn': 0, 'winner': 1}
2026-05-20 15:29:26 [INFO] <- S2C_ROOM_CLOSED seq=0 data={'reason': '对局结束', 'your_result': 'abort'}
2026-05-20 15:29:26 [INFO] <- S2C_LOBBY_INFO seq=0 data={'online': ['alice', 'bob', 'cathy'], 'online_count': 3, 'queue_size': 0, 'active_rooms': []}
2026-05-20 15:30:43 [INFO] -> C2S_RANK_LIST seq=5 data={'limit': 10}
2026-05-20 15:30:43 [INFO] <- S2C_RANK_LIST seq=5 data={'items': [{'rank': 1, 'username': 'alice', 'score': 1030, 'total': 1, 'win': 1}, {'rank': 2, 'username': 'bob', 'score': 1000, 'total': 0, 'win': 0}, {'rank': 3, 'username': 'cathy', 'score': 970, 'total': 1, 'win': 0}]}
2026-05-20 15:30:52 [INFO] -> C2S_REPLAY_LIST seq=6 data={'limit': 30, 'offset': 0}
2026-05-20 15:30:52 [INFO] <- S2C_REPLAY_LIST seq=6 data={'total': 0, 'items': []}
2026-05-20 15:30:55 [INFO] -> C2S_REPLAY_LIST seq=7 data={'limit': 30, 'offset': 0}
2026-05-20 15:30:55 [INFO] <- S2C_REPLAY_LIST seq=7 data={'total': 0, 'items': []}
2026-05-20 15:32:31 [INFO] <- S2C_LOBBY_INFO seq=0 data={'online': ['alice', 'bob'], 'online_count': 2, 'queue_size': 0, 'active_rooms': []}
2026-05-20 15:32:32 [INFO] <- S2C_LOBBY_INFO seq=0 data={'online': ['bob'], 'online_count': 1, 'queue_size': 0, 'active_rooms': []}
2026-05-20 15:32:33 [INFO] -> C2S_LOGOUT seq=8 data={}
2026-05-20 15:32:33 [INFO] recv disconnected: peer closed during recv
2026-05-20 15:32:33 [INFO] connection closed
2026-05-20 15:36:09 [INFO] -> C2S_LOGOUT seq=2 data={}
2026-05-20 15:36:09 [INFO] recv disconnected: peer closed during recv
2026-05-20 15:36:09 [INFO] connection closed
2026-05-20 15:36:57 [INFO] -> C2S_RANK_LIST seq=2 data={'limit': 10}
2026-05-20 15:36:57 [INFO] <- S2C_RANK_LIST seq=2 data={'items': [{'rank': 1, 'username': 'alice', 'score': 1030, 'total': 1, 'win': 1}, {'rank': 2, 'username': 'bob', 'score': 1000, 'total': 0, 'win': 0}, {'rank': 3, 'username': 'cathy', 'score': 970, 'total': 1, 'win': 0}]}
2026-05-20 15:37:07 [INFO] -> C2S_REPLAY_LIST seq=3 data={'limit': 30, 'offset': 0}
2026-05-20 15:37:07 [INFO] <- S2C_REPLAY_LIST seq=3 data={'total': 0, 'items': []}
2026-05-20 15:38:09 [INFO] -> C2S_MATCH_START seq=4 data={}
2026-05-20 15:38:09 [INFO] <- S2C_LOBBY_INFO seq=0 data={'online': ['alice', 'bob'], 'online_count': 2, 'queue_size': 1, 'active_rooms': []}
2026-05-20 15:38:09 [INFO] -> C2S_MATCH_STOP seq=5 data={}
2026-05-20 15:38:09 [INFO] <- S2C_LOBBY_INFO seq=0 data={'online': ['alice', 'bob'], 'online_count': 2, 'queue_size': 0, 'active_rooms': []}
2026-05-20 15:38:09 [INFO] -> C2S_MATCH_START seq=6 data={}
2026-05-20 15:38:09 [INFO] <- S2C_LOBBY_INFO seq=0 data={'online': ['alice', 'bob'], 'online_count': 2, 'queue_size': 1, 'active_rooms': []}
2026-05-20 15:38:10 [INFO] -> C2S_MATCH_STOP seq=7 data={}
2026-05-20 15:38:10 [INFO] <- S2C_LOBBY_INFO seq=0 data={'online': ['alice', 'bob'], 'online_count': 2, 'queue_size': 0, 'active_rooms': []}
2026-05-20 15:38:10 [INFO] -> C2S_MATCH_START seq=8 data={}
2026-05-20 15:38:10 [INFO] <- S2C_LOBBY_INFO seq=0 data={'online': ['alice', 'bob'], 'online_count': 2, 'queue_size': 1, 'active_rooms': []}
2026-05-20 15:38:11 [INFO] -> C2S_MATCH_STOP seq=9 data={}
2026-05-20 15:38:11 [INFO] <- S2C_LOBBY_INFO seq=0 data={'online': ['alice', 'bob'], 'online_count': 2, 'queue_size': 0, 'active_rooms': []}
2026-05-20 15:38:11 [INFO] -> C2S_MATCH_START seq=10 data={}
2026-05-20 15:38:11 [INFO] <- S2C_LOBBY_INFO seq=0 data={'online': ['alice', 'bob'], 'online_count': 2, 'queue_size': 1, 'active_rooms': []}
2026-05-20 15:38:11 [INFO] -> C2S_MATCH_STOP seq=11 data={}
2026-05-20 15:38:11 [INFO] <- S2C_LOBBY_INFO seq=0 data={'online': ['alice', 'bob'], 'online_count': 2, 'queue_size': 0, 'active_rooms': []}
2026-05-20 15:38:12 [INFO] -> C2S_MATCH_START seq=12 data={}
2026-05-20 15:38:12 [INFO] <- S2C_LOBBY_INFO seq=0 data={'online': ['alice', 'bob'], 'online_count': 2, 'queue_size': 1, 'active_rooms': []}
2026-05-20 15:38:12 [INFO] -> C2S_MATCH_STOP seq=13 data={}
2026-05-20 15:38:12 [INFO] <- S2C_LOBBY_INFO seq=0 data={'online': ['alice', 'bob'], 'online_count': 2, 'queue_size': 0, 'active_rooms': []}
2026-05-20 15:38:12 [INFO] -> C2S_MATCH_START seq=14 data={}
2026-05-20 15:38:12 [INFO] <- S2C_LOBBY_INFO seq=0 data={'online': ['alice', 'bob'], 'online_count': 2, 'queue_size': 1, 'active_rooms': []}
2026-05-20 15:38:12 [INFO] -> C2S_MATCH_STOP seq=15 data={}
2026-05-20 15:38:12 [INFO] <- S2C_LOBBY_INFO seq=0 data={'online': ['alice', 'bob'], 'online_count': 2, 'queue_size': 0, 'active_rooms': []}
2026-05-20 15:38:55 [INFO] -> C2S_RANK_LIST seq=16 data={'limit': 10}
2026-05-20 15:38:55 [INFO] <- S2C_RANK_LIST seq=16 data={'items': [{'rank': 1, 'username': 'alice', 'score': 1030, 'total': 1, 'win': 1}, {'rank': 2, 'username': 'bob', 'score': 1000, 'total': 0, 'win': 0}, {'rank': 3, 'username': 'cathy', 'score': 970, 'total': 1, 'win': 0}]}
2026-05-20 15:38:56 [INFO] -> C2S_RANK_LIST seq=17 data={'limit': 10}
2026-05-20 15:38:56 [INFO] <- S2C_RANK_LIST seq=17 data={'items': [{'rank': 1, 'username': 'alice', 'score': 1030, 'total': 1, 'win': 1}, {'rank': 2, 'username': 'bob', 'score': 1000, 'total': 0, 'win': 0}, {'rank': 3, 'username': 'cathy', 'score': 970, 'total': 1, 'win': 0}]}
2026-05-20 15:38:58 [INFO] -> C2S_LOGOUT seq=18 data={}
2026-05-20 15:38:58 [INFO] recv disconnected: peer closed during recv
2026-05-20 15:38:58 [INFO] connection closed
2026-05-20 15:44:53 [INFO] -> C2S_MATCH_START seq=2 data={}
2026-05-20 15:44:53 [INFO] <- S2C_LOBBY_INFO seq=0 data={'online': ['alice', 'bob'], 'online_count': 2, 'queue_size': 1, 'active_rooms': []}
2026-05-20 15:46:29 [INFO] -> C2S_LOGOUT seq=3 data={}
2026-05-20 15:46:29 [INFO] recv disconnected: peer closed during recv
2026-05-20 15:46:29 [INFO] connection closed
2026-05-20 15:49:30 [INFO] -> C2S_MATCH_START seq=2 data={}
2026-05-20 15:49:30 [INFO] <- S2C_MATCH_OK seq=0 data={'room_id': 1, 'board_size': 15, 'you': 'bob', 'opponent': {'username': 'alice', 'score': 1030}, 'your_color': 2, 'turn_color': 1}
2026-05-20 15:49:58 [INFO] <- S2C_MOVE_RESULT seq=0 data={'ok': True, 'row': 7, 'col': 7, 'color': 1, 'next_turn': 2, 'winner': 0}
2026-05-20 15:50:02 [INFO] -> C2S_MOVE seq=3 data={'row': 7, 'col': 6}
2026-05-20 15:50:02 [INFO] <- S2C_MOVE_RESULT seq=0 data={'ok': True, 'row': 7, 'col': 6, 'color': 2, 'next_turn': 1, 'winner': 0}
2026-05-20 15:50:04 [INFO] <- S2C_MOVE_RESULT seq=0 data={'ok': True, 'row': 7, 'col': 8, 'color': 1, 'next_turn': 2, 'winner': 0}
2026-05-20 15:50:05 [INFO] -> C2S_MOVE seq=4 data={'row': 8, 'col': 8}
2026-05-20 15:50:05 [INFO] <- S2C_MOVE_RESULT seq=0 data={'ok': True, 'row': 8, 'col': 8, 'color': 2, 'next_turn': 1, 'winner': 0}
2026-05-20 15:52:31 [INFO] -> C2S_LOGOUT seq=5 data={}
2026-05-20 15:52:31 [INFO] recv disconnected: peer closed during recv
2026-05-20 15:52:31 [INFO] connection closed
2026-05-20 15:53:23 [INFO] <- S2C_MOVE_RESULT seq=0 data={'ok': True, 'row': 8, 'col': 7, 'color': 1, 'next_turn': 2, 'winner': 0}
2026-05-20 15:53:25 [INFO] -> C2S_MOVE seq=2 data={'row': 9, 'col': 7}
2026-05-20 15:53:25 [INFO] <- S2C_MOVE_RESULT seq=0 data={'ok': True, 'row': 9, 'col': 7, 'color': 2, 'next_turn': 1, 'winner': 0}
2026-05-20 15:53:28 [INFO] <- S2C_MOVE_RESULT seq=0 data={'ok': True, 'row': 7, 'col': 9, 'color': 1, 'next_turn': 2, 'winner': 0}
2026-05-20 15:53:33 [INFO] -> C2S_MOVE seq=3 data={'row': 7, 'col': 10}
2026-05-20 15:53:33 [INFO] <- S2C_MOVE_RESULT seq=0 data={'ok': True, 'row': 7, 'col': 10, 'color': 2, 'next_turn': 1, 'winner': 0}
2026-05-20 15:53:36 [INFO] <- S2C_MOVE_RESULT seq=0 data={'ok': True, 'row': 8, 'col': 9, 'color': 1, 'next_turn': 2, 'winner': 0}
2026-05-20 15:53:38 [INFO] -> C2S_MOVE seq=4 data={'row': 8, 'col': 6}
2026-05-20 15:53:38 [INFO] <- S2C_MOVE_RESULT seq=0 data={'ok': True, 'row': 8, 'col': 6, 'color': 2, 'next_turn': 1, 'winner': 0}
2026-05-20 15:53:40 [INFO] <- S2C_MOVE_RESULT seq=0 data={'ok': True, 'row': 6, 'col': 7, 'color': 1, 'next_turn': 2, 'winner': 0}
2026-05-20 15:53:42 [INFO] -> C2S_MOVE seq=5 data={'row': 9, 'col': 6}
2026-05-20 15:53:42 [INFO] <- S2C_MOVE_RESULT seq=0 data={'ok': True, 'row': 9, 'col': 6, 'color': 2, 'next_turn': 1, 'winner': 0}
2026-05-20 15:53:44 [INFO] <- S2C_MOVE_RESULT seq=0 data={'ok': True, 'row': 9, 'col': 10, 'color': 1, 'next_turn': 2, 'winner': 0}
2026-05-20 15:53:47 [INFO] -> C2S_MOVE seq=6 data={'row': 9, 'col': 8}
2026-05-20 15:53:47 [INFO] <- S2C_MOVE_RESULT seq=0 data={'ok': True, 'row': 9, 'col': 8, 'color': 2, 'next_turn': 1, 'winner': 0}
2026-05-20 15:53:49 [INFO] <- S2C_MOVE_RESULT seq=0 data={'ok': True, 'row': 5, 'col': 6, 'color': 1, 'next_turn': 0, 'winner': 1}
2026-05-20 15:53:49 [INFO] <- S2C_ROOM_CLOSED seq=0 data={'reason': '对方五子连珠', 'your_result': 'lose'}
2026-05-20 15:53:49 [INFO] <- S2C_LOBBY_INFO seq=0 data={'online': ['alice', 'bob'], 'online_count': 2, 'queue_size': 0, 'active_rooms': []}
2026-05-20 15:54:00 [INFO] -> C2S_LOGOUT seq=7 data={}
2026-05-20 15:54:00 [INFO] recv disconnected: peer closed during recv
2026-05-20 15:54:00 [INFO] connection closed
2026-05-20 16:27:18 [INFO] -> C2S_MATCH_START seq=2 data={}
2026-05-20 16:27:18 [INFO] <- S2C_MATCH_OK seq=0 data={'room_id': 1, 'board_size': 15, 'you': 'bob', 'opponent': {'username': 'alice', 'score': 1060}, 'your_color': 2, 'turn_color': 1}
2026-05-20 16:27:28 [INFO] <- S2C_MOVE_RESULT seq=0 data={'ok': True, 'row': 7, 'col': 7, 'color': 1, 'next_turn': 2, 'winner': 0}
2026-05-20 16:27:30 [INFO] -> C2S_MOVE seq=3 data={'row': 8, 'col': 8}
2026-05-20 16:27:30 [INFO] <- S2C_MOVE_RESULT seq=0 data={'ok': True, 'row': 8, 'col': 8, 'color': 2, 'next_turn': 1, 'winner': 0}
2026-05-20 16:27:38 [INFO] <- S2C_CHAT_BCAST seq=0 data={'from': 'alice', 'text': '你好'}
2026-05-20 16:27:48 [INFO] -> C2S_CHAT seq=4 data={'text': '你好'}
2026-05-20 16:27:48 [INFO] <- S2C_CHAT_BCAST seq=0 data={'from': 'bob', 'text': '你好'}
2026-05-20 16:28:01 [INFO] -> C2S_LEAVE_ROOM seq=5 data={}
2026-05-20 16:28:01 [INFO] <- S2C_ROOM_CLOSED seq=0 data={'reason': '你已离开房间', 'your_result': 'lose'}
2026-05-20 16:28:01 [INFO] <- S2C_LOBBY_INFO seq=0 data={'online': ['alice', 'bob'], 'online_count': 2, 'queue_size': 0, 'active_rooms': []}
2026-05-20 16:28:10 [INFO] -> C2S_RANK_LIST seq=6 data={'limit': 10}
2026-05-20 16:28:10 [INFO] <- S2C_RANK_LIST seq=6 data={'items': [{'rank': 1, 'username': 'alice', 'score': 1090, 'total': 3, 'win': 3}, {'rank': 2, 'username': 'cathy', 'score': 970, 'total': 1, 'win': 0}, {'rank': 3, 'username': 'bob', 'score': 940, 'total': 2, 'win': 0}]}
2026-05-20 16:28:37 [INFO] <- S2C_LOBBY_INFO seq=0 data={'online': ['alice', 'bob', 'cathy'], 'online_count': 3, 'queue_size': 0, 'active_rooms': []}
2026-05-20 16:28:40 [INFO] <- S2C_LOBBY_INFO seq=0 data={'online': ['alice', 'bob', 'cathy'], 'online_count': 3, 'queue_size': 1, 'active_rooms': []}
2026-05-20 16:30:10 [INFO] <- S2C_LOBBY_INFO seq=0 data={'online': ['alice', 'bob', 'cathy'], 'online_count': 3, 'queue_size': 0, 'active_rooms': [{'room_id': 2, 'black': 'alice', 'white': 'cathy', 'move_count': 0, 'started_at': 1779265810, 'observer_count': 0}]}
2026-05-20 16:30:10 [INFO] <- S2C_LOBBY_INFO seq=0 data={'online': ['alice', 'bob', 'cathy'], 'online_count': 3, 'queue_size': 0, 'active_rooms': [{'room_id': 2, 'black': 'alice', 'white': 'cathy', 'move_count': 0, 'started_at': 1779265810, 'observer_count': 0}]}
2026-05-20 16:30:34 [INFO] -> C2S_SPECTATE_JOIN seq=7 data={'room_id': 2}
2026-05-20 16:30:34 [INFO] <- S2C_SPECTATE_SNAPSHOT seq=7 data={'room_id': 2, 'black': 'alice', 'white': 'cathy', 'board_size': 15, 'board': [[0, 0, 0, 0, 0, 0, 0, 0, 0, 0, 0, 0, 0, 0, 0], [0, 0, 0, 0, 0, 0, 0, 0, 0, 0, 0, 0, 0, 0, 0], [0, 0, 0, 0, 0, 0, 0, 0, 0, 0, 0, 0, 0, 0, 0], [0, 0, 0, 0, 0, 0, 0, 0, 0, 0, 0, 0, 0, 0, 0], [0, 0, 0, 0, 0, 0, 0, 0, 0, 0, 0, 0, 0, 0, 0], [0, 0, 0, 0, 0, 0, 0, 0, 0, 0, 0, 0, 0, 0, 0], [0, 0, 0, 0, 0, 0, 0, 0, 0, 0, 0, 0, 0, 0, 0], [0, 0, 0, 0, 0, 0, 0, 0, 0, 0, 0, 0, 0, 0, 0], [0, 0, 0, 0, 0, 0, 0, 0, 0, 0, 0, 0, 0, 0, 0], [0, 0, 0, 0, 0, 0, 0, 0, 0, 0, 0, 0, 0, 0, 0], [0, 0, 0, 0, 0, 0, 0, 0, 0, 0, 0, 0, 0, 0, 0], [0, 0, 0, 0, 0, 0, 0, 0, 0, 0, 0, 0, 0, 0, 0], [0, 0, 0, 0, 0, 0, 0, 0, 0, 0, 0, 0, 0, 0, 0], [0, 0, 0, 0, 0, 0, 0, 0, 0, 0, 0, 0, 0, 0, 0], [0, 0, 0, 0, 0, 0, 0, 0, 0, 0, 0, 0, 0, 0, 0]], 'turn_color': 1, 'move_count': 0, 'moves': [], 'chat_log': [], 'ended': False}
2026-05-20 16:33:40 [INFO] -> C2S_LOGOUT seq=8 data={}
2026-05-20 16:33:40 [INFO] recv disconnected: peer closed during recv
2026-05-20 16:33:40 [INFO] connection closed
2026-05-20 16:39:15 [INFO] -> C2S_MATCH_START seq=2 data={}
2026-05-20 16:39:15 [INFO] <- S2C_LOBBY_INFO seq=0 data={'online': ['alice', 'bob'], 'online_count': 2, 'queue_size': 1, 'active_rooms': []}
2026-05-20 16:39:18 [INFO] <- S2C_MATCH_OK seq=0 data={'room_id': 3, 'board_size': 15, 'you': 'bob', 'opponent': {'username': 'alice', 'score': 1060}, 'your_color': 2, 'turn_color': 1}
2026-05-20 16:40:44 [INFO] -> C2S_CHAT seq=3 data={'text': '1'}
2026-05-20 16:40:44 [INFO] <- S2C_CHAT_BCAST seq=0 data={'from': 'bob', 'text': '1'}
2026-05-20 16:40:45 [INFO] -> C2S_CHAT seq=4 data={'text': '2'}
2026-05-20 16:40:45 [INFO] <- S2C_CHAT_BCAST seq=0 data={'from': 'bob', 'text': '2'}
2026-05-20 16:40:47 [INFO] -> C2S_CHAT seq=5 data={'text': '3'}
2026-05-20 16:40:47 [INFO] <- S2C_CHAT_BCAST seq=0 data={'from': 'bob', 'text': '3'}
2026-05-20 16:40:48 [INFO] -> C2S_CHAT seq=6 data={'text': '4'}
2026-05-20 16:40:48 [INFO] <- S2C_CHAT_BCAST seq=0 data={'from': 'bob', 'text': '4'}
2026-05-20 16:40:49 [INFO] -> C2S_CHAT seq=7 data={'text': '5'}
2026-05-20 16:40:49 [INFO] <- S2C_CHAT_BCAST seq=0 data={'from': 'bob', 'text': '5'}
2026-05-20 16:40:50 [INFO] -> C2S_CHAT seq=8 data={'text': '6'}
2026-05-20 16:40:50 [INFO] <- S2C_CHAT_BCAST seq=0 data={'from': 'bob', 'text': '6'}
2026-05-20 16:40:51 [INFO] -> C2S_CHAT seq=9 data={'text': '7'}
2026-05-20 16:40:51 [INFO] <- S2C_CHAT_BCAST seq=0 data={'from': 'bob', 'text': '7'}
2026-05-20 16:40:52 [INFO] -> C2S_CHAT seq=10 data={'text': '8'}
2026-05-20 16:40:52 [INFO] <- S2C_CHAT_BCAST seq=0 data={'from': 'bob', 'text': '8'}
2026-05-20 16:40:53 [INFO] -> C2S_CHAT seq=11 data={'text': '9'}
2026-05-20 16:40:53 [INFO] <- S2C_CHAT_BCAST seq=0 data={'from': 'bob', 'text': '9'}
2026-05-20 16:40:55 [INFO] -> C2S_CHAT seq=12 data={'text': '10'}
2026-05-20 16:40:55 [INFO] <- S2C_CHAT_BCAST seq=0 data={'from': 'bob', 'text': '10'}
2026-05-20 16:40:56 [INFO] -> C2S_CHAT seq=13 data={'text': '1'}
2026-05-20 16:40:56 [INFO] <- S2C_CHAT_BCAST seq=0 data={'from': 'bob', 'text': '1'}
2026-05-20 16:40:57 [INFO] -> C2S_CHAT seq=14 data={'text': '1'}
2026-05-20 16:40:57 [INFO] <- S2C_CHAT_BCAST seq=0 data={'from': 'bob', 'text': '1'}
2026-05-20 16:40:57 [INFO] -> C2S_CHAT seq=15 data={'text': '1'}
2026-05-20 16:40:57 [INFO] <- S2C_CHAT_BCAST seq=0 data={'from': 'bob', 'text': '1'}
2026-05-20 16:40:58 [INFO] -> C2S_CHAT seq=16 data={'text': '1'}
2026-05-20 16:40:58 [INFO] <- S2C_CHAT_BCAST seq=0 data={'from': 'bob', 'text': '1'}
2026-05-20 16:40:59 [INFO] -> C2S_CHAT seq=17 data={'text': '1'}
2026-05-20 16:40:59 [INFO] <- S2C_CHAT_BCAST seq=0 data={'from': 'bob', 'text': '1'}
2026-05-20 16:40:59 [INFO] -> C2S_CHAT seq=18 data={'text': '1'}
2026-05-20 16:40:59 [INFO] <- S2C_CHAT_BCAST seq=0 data={'from': 'bob', 'text': '1'}
2026-05-20 16:41:00 [INFO] -> C2S_CHAT seq=19 data={'text': '1'}
2026-05-20 16:41:00 [INFO] <- S2C_CHAT_BCAST seq=0 data={'from': 'bob', 'text': '1'}
2026-05-20 16:41:00 [INFO] -> C2S_CHAT seq=20 data={'text': '1'}
2026-05-20 16:41:00 [INFO] <- S2C_CHAT_BCAST seq=0 data={'from': 'bob', 'text': '1'}
2026-05-20 16:41:01 [INFO] -> C2S_CHAT seq=21 data={'text': '1'}
2026-05-20 16:41:01 [INFO] <- S2C_CHAT_BCAST seq=0 data={'from': 'bob', 'text': '1'}
2026-05-20 16:41:01 [INFO] -> C2S_CHAT seq=22 data={'text': '1'}
2026-05-20 16:41:01 [INFO] <- S2C_CHAT_BCAST seq=0 data={'from': 'bob', 'text': '1'}
2026-05-20 16:41:02 [INFO] -> C2S_CHAT seq=23 data={'text': '1'}
2026-05-20 16:41:02 [INFO] <- S2C_CHAT_BCAST seq=0 data={'from': 'bob', 'text': '1'}
2026-05-20 16:41:02 [INFO] -> C2S_CHAT seq=24 data={'text': '1'}
2026-05-20 16:41:02 [INFO] <- S2C_CHAT_BCAST seq=0 data={'from': 'bob', 'text': '1'}
2026-05-20 16:41:02 [INFO] -> C2S_CHAT seq=25 data={'text': '1'}
2026-05-20 16:41:02 [INFO] <- S2C_CHAT_BCAST seq=0 data={'from': 'bob', 'text': '1'}
2026-05-20 16:41:03 [INFO] -> C2S_CHAT seq=26 data={'text': '1'}
2026-05-20 16:41:03 [INFO] <- S2C_CHAT_BCAST seq=0 data={'from': 'bob', 'text': '1'}
2026-05-20 16:41:03 [INFO] -> C2S_CHAT seq=27 data={'text': '1'}
2026-05-20 16:41:03 [INFO] <- S2C_CHAT_BCAST seq=0 data={'from': 'bob', 'text': '1'}
2026-05-20 16:41:04 [INFO] -> C2S_CHAT seq=28 data={'text': '1'}
2026-05-20 16:41:04 [INFO] <- S2C_CHAT_BCAST seq=0 data={'from': 'bob', 'text': '1'}
2026-05-20 16:41:04 [INFO] -> C2S_CHAT seq=29 data={'text': '1'}
2026-05-20 16:41:04 [INFO] <- S2C_CHAT_BCAST seq=0 data={'from': 'bob', 'text': '1'}
2026-05-20 16:41:20 [INFO] <- S2C_MOVE_RESULT seq=0 data={'ok': True, 'row': 7, 'col': 7, 'color': 1, 'next_turn': 2, 'winner': 0}
2026-05-20 16:41:21 [INFO] -> C2S_MOVE seq=30 data={'row': 6, 'col': 7}
2026-05-20 16:41:21 [INFO] <- S2C_MOVE_RESULT seq=0 data={'ok': True, 'row': 6, 'col': 7, 'color': 2, 'next_turn': 1, 'winner': 0}
2026-05-20 16:41:24 [INFO] <- S2C_MOVE_RESULT seq=0 data={'ok': True, 'row': 7, 'col': 8, 'color': 1, 'next_turn': 2, 'winner': 0}
2026-05-20 16:41:26 [INFO] -> C2S_MOVE seq=31 data={'row': 6, 'col': 8}
2026-05-20 16:41:26 [INFO] <- S2C_MOVE_RESULT seq=0 data={'ok': True, 'row': 6, 'col': 8, 'color': 2, 'next_turn': 1, 'winner': 0}
2026-05-20 16:41:28 [INFO] <- S2C_MOVE_RESULT seq=0 data={'ok': True, 'row': 7, 'col': 6, 'color': 1, 'next_turn': 2, 'winner': 0}
2026-05-20 16:41:30 [INFO] -> C2S_MOVE seq=32 data={'row': 6, 'col': 6}
2026-05-20 16:41:30 [INFO] <- S2C_MOVE_RESULT seq=0 data={'ok': True, 'row': 6, 'col': 6, 'color': 2, 'next_turn': 1, 'winner': 0}
2026-05-20 16:41:31 [INFO] <- S2C_MOVE_RESULT seq=0 data={'ok': True, 'row': 4, 'col': 7, 'color': 1, 'next_turn': 2, 'winner': 0}
2026-05-20 16:41:33 [INFO] -> C2S_MOVE seq=33 data={'row': 6, 'col': 9}
2026-05-20 16:41:33 [INFO] <- S2C_MOVE_RESULT seq=0 data={'ok': True, 'row': 6, 'col': 9, 'color': 2, 'next_turn': 1, 'winner': 0}
2026-05-20 16:41:36 [INFO] <- S2C_MOVE_RESULT seq=0 data={'ok': True, 'row': 6, 'col': 10, 'color': 1, 'next_turn': 2, 'winner': 0}
2026-05-20 16:41:41 [INFO] -> C2S_MOVE seq=34 data={'row': 6, 'col': 5}
2026-05-20 16:41:41 [INFO] <- S2C_MOVE_RESULT seq=0 data={'ok': True, 'row': 6, 'col': 5, 'color': 2, 'next_turn': 0, 'winner': 2}
2026-05-20 16:41:41 [INFO] <- S2C_ROOM_CLOSED seq=0 data={'reason': '五子连珠', 'your_result': 'win'}
2026-05-20 16:41:41 [INFO] <- S2C_LOBBY_INFO seq=0 data={'online': ['alice', 'bob'], 'online_count': 2, 'queue_size': 0, 'active_rooms': []}
2026-05-20 16:41:50 [INFO] -> C2S_REPLAY_LIST seq=35 data={'limit': 30, 'offset': 0}
2026-05-20 16:41:50 [INFO] <- S2C_REPLAY_LIST seq=35 data={'total': 3, 'items': [{'replay_id': 6, 'players': ['alice', 'bob'], 'winner': 2, 'result': 'normal', 'ended_at': 1779266501, 'move_count': 10}, {'replay_id': 4, 'players': ['alice', 'bob'], 'winner': 1, 'result': 'abort', 'ended_at': 1779265681, 'move_count': 2}, {'replay_id': 3, 'players': ['alice', 'bob'], 'winner': 1, 'result': 'normal', 'ended_at': 1779263629, 'move_count': 15}]}
2026-05-20 16:41:56 [INFO] -> C2S_REPLAY_GET seq=36 data={'replay_id': 6}
2026-05-20 16:41:56 [INFO] <- S2C_REPLAY_DATA seq=36 data={'ok': True, 'replay': {'replay_id': 6, 'created_at': 1779266501, 'room_id': 3, 'players': ['alice', 'bob'], 'winner': 2, 'result': 'normal', 'started_at': 1779266358, 'ended_at': 1779266501, 'moves': [{'index': 1, 'row': 7, 'col': 7, 'color': 1, 'ts': 1779266480}, {'index': 2, 'row': 6, 'col': 7, 'color': 2, 'ts': 1779266481}, {'index': 3, 'row': 7, 'col': 8, 'color': 1, 'ts': 1779266484}, {'index': 4, 'row': 6, 'col': 8, 'color': 2, 'ts': 1779266486}, {'index': 5, 'row': 7, 'col': 6, 'color': 1, 'ts': 1779266488}, {'index': 6, 'row': 6, 'col': 6, 'color': 2, 'ts': 1779266490}, {'index': 7, 'row': 4, 'col': 7, 'color': 1, 'ts': 1779266491}, {'index': 8, 'row': 6, 'col': 9, 'color': 2, 'ts': 1779266493}, {'index': 9, 'row': 6, 'col': 10, 'color': 1, 'ts': 1779266496}, {'index': 10, 'row': 6, 'col': 5, 'color': 2, 'ts': 1779266501}]}}
2026-05-20 16:42:25 [INFO] -> C2S_LOGOUT seq=37 data={}
2026-05-20 16:42:25 [INFO] recv disconnected: peer closed during recv
2026-05-20 16:42:25 [INFO] connection closed
2026-05-20 16:43:24 [INFO] <- S2C_LOBBY_INFO seq=0 data={'online': ['alice', 'bob', 'cathy'], 'online_count': 3, 'queue_size': 0, 'active_rooms': []}
2026-05-20 16:43:38 [INFO] <- S2C_LOBBY_INFO seq=0 data={'online': ['alice', 'bob', 'cathy'], 'online_count': 3, 'queue_size': 1, 'active_rooms': []}
2026-05-20 16:43:41 [INFO] -> C2S_MATCH_START seq=2 data={}
2026-05-20 16:43:41 [INFO] <- S2C_MATCH_OK seq=0 data={'room_id': 4, 'board_size': 15, 'you': 'bob', 'opponent': {'username': 'alice', 'score': 1030}, 'your_color': 2, 'turn_color': 1}
2026-05-20 16:45:26 [INFO] <- S2C_ROOM_CLOSED seq=0 data={'reason': '对方离开了房间', 'your_result': 'win'}
2026-05-20 16:45:26 [INFO] <- S2C_LOBBY_INFO seq=0 data={'online': ['alice', 'bob', 'cathy'], 'online_count': 3, 'queue_size': 0, 'active_rooms': []}
2026-05-20 16:45:45 [INFO] <- S2C_LOBBY_INFO seq=0 data={'online': ['bob', 'cathy'], 'online_count': 2, 'queue_size': 0, 'active_rooms': []}
2026-05-20 16:45:47 [INFO] <- S2C_LOBBY_INFO seq=0 data={'online': ['bob'], 'online_count': 1, 'queue_size': 0, 'active_rooms': []}
2026-05-20 16:45:50 [INFO] -> C2S_LOGOUT seq=3 data={}
2026-05-20 16:45:50 [INFO] recv disconnected: peer closed during recv
2026-05-20 16:45:50 [INFO] connection closed
2026-05-20 16:46:30 [INFO] <- S2C_LOBBY_INFO seq=0 data={'online': ['alice', 'bob'], 'online_count': 2, 'queue_size': 1, 'active_rooms': []}
2026-05-20 16:46:32 [INFO] -> C2S_MATCH_START seq=2 data={}
2026-05-20 16:46:32 [INFO] <- S2C_MATCH_OK seq=0 data={'room_id': 5, 'board_size': 15, 'you': 'bob', 'opponent': {'username': 'alice', 'score': 1000}, 'your_color': 2, 'turn_color': 1}
2026-05-20 16:46:35 [INFO] <- S2C_MOVE_RESULT seq=0 data={'ok': True, 'row': 7, 'col': 7, 'color': 1, 'next_turn': 2, 'winner': 0}
2026-05-20 16:46:38 [INFO] -> C2S_MOVE seq=3 data={'row': 7, 'col': 8}
2026-05-20 16:46:38 [INFO] <- S2C_MOVE_RESULT seq=0 data={'ok': True, 'row': 7, 'col': 8, 'color': 2, 'next_turn': 1, 'winner': 0}
2026-05-20 16:46:41 [INFO] <- S2C_MOVE_RESULT seq=0 data={'ok': True, 'row': 6, 'col': 7, 'color': 1, 'next_turn': 2, 'winner': 0}
2026-05-20 16:46:43 [INFO] -> C2S_MOVE seq=4 data={'row': 6, 'col': 8}
2026-05-20 16:46:43 [INFO] <- S2C_MOVE_RESULT seq=0 data={'ok': True, 'row': 6, 'col': 8, 'color': 2, 'next_turn': 1, 'winner': 0}
2026-05-20 16:46:44 [INFO] <- S2C_MOVE_RESULT seq=0 data={'ok': True, 'row': 5, 'col': 7, 'color': 1, 'next_turn': 2, 'winner': 0}
2026-05-20 16:46:46 [INFO] -> C2S_MOVE seq=5 data={'row': 5, 'col': 8}
2026-05-20 16:46:46 [INFO] <- S2C_MOVE_RESULT seq=0 data={'ok': True, 'row': 5, 'col': 8, 'color': 2, 'next_turn': 1, 'winner': 0}
2026-05-20 16:46:48 [INFO] <- S2C_MOVE_RESULT seq=0 data={'ok': True, 'row': 4, 'col': 8, 'color': 1, 'next_turn': 2, 'winner': 0}
2026-05-20 16:46:51 [INFO] -> C2S_MOVE seq=6 data={'row': 7, 'col': 9}
2026-05-20 16:46:51 [INFO] <- S2C_MOVE_RESULT seq=0 data={'ok': True, 'row': 7, 'col': 9, 'color': 2, 'next_turn': 1, 'winner': 0}
2026-05-20 16:46:54 [INFO] <- S2C_MOVE_RESULT seq=0 data={'ok': True, 'row': 4, 'col': 7, 'color': 1, 'next_turn': 2, 'winner': 0}
2026-05-20 16:46:57 [INFO] -> C2S_MOVE seq=7 data={'row': 8, 'col': 8}
2026-05-20 16:46:57 [INFO] <- S2C_MOVE_RESULT seq=0 data={'ok': True, 'row': 8, 'col': 8, 'color': 2, 'next_turn': 1, 'winner': 0}
2026-05-20 16:46:59 [INFO] <- S2C_MOVE_RESULT seq=0 data={'ok': True, 'row': 3, 'col': 7, 'color': 1, 'next_turn': 0, 'winner': 1}
2026-05-20 16:46:59 [INFO] <- S2C_ROOM_CLOSED seq=0 data={'reason': '对方五子连珠', 'your_result': 'lose'}
2026-05-20 16:46:59 [INFO] <- S2C_LOBBY_INFO seq=0 data={'online': ['alice', 'bob'], 'online_count': 2, 'queue_size': 0, 'active_rooms': []}
2026-05-20 16:47:13 [INFO] -> C2S_RANK_LIST seq=8 data={'limit': 10}
2026-05-20 16:47:13 [INFO] <- S2C_RANK_LIST seq=8 data={'items': [{'rank': 1, 'username': 'alice', 'score': 1030, 'total': 7, 'win': 4}, {'rank': 2, 'username': 'cathy', 'score': 1000, 'total': 2, 'win': 1}, {'rank': 3, 'username': 'bob', 'score': 970, 'total': 5, 'win': 2}]}
2026-05-20 16:47:23 [INFO] -> C2S_LOGOUT seq=9 data={}
2026-05-20 16:47:23 [INFO] recv disconnected: peer closed during recv
2026-05-20 16:47:23 [INFO] connection closed
2026-05-20 17:05:43 [INFO] <- S2C_LOBBY_INFO seq=0 data={'online': ['alice', 'bob', 'cathy'], 'online_count': 3, 'queue_size': 0, 'active_rooms': []}
2026-05-20 17:05:54 [INFO] <- S2C_LOBBY_INFO seq=0 data={'online': ['alice', 'bob', 'cathy'], 'online_count': 3, 'queue_size': 1, 'active_rooms': []}
2026-05-20 17:05:55 [INFO] -> C2S_MATCH_START seq=2 data={}
2026-05-20 17:05:55 [INFO] <- S2C_MATCH_OK seq=0 data={'room_id': 1, 'board_size': 15, 'you': 'bob', 'opponent': {'username': 'alice', 'score': 1030}, 'your_color': 2, 'turn_color': 1}
2026-05-20 17:06:06 [INFO] <- S2C_MOVE_RESULT seq=0 data={'ok': True, 'row': 7, 'col': 7, 'color': 1, 'next_turn': 2, 'winner': 0}
2026-05-20 17:06:08 [INFO] -> C2S_MOVE seq=3 data={'row': 6, 'col': 8}
2026-05-20 17:06:08 [INFO] <- S2C_MOVE_RESULT seq=0 data={'ok': True, 'row': 6, 'col': 8, 'color': 2, 'next_turn': 1, 'winner': 0}
2026-05-20 17:06:10 [INFO] <- S2C_MOVE_RESULT seq=0 data={'ok': True, 'row': 8, 'col': 8, 'color': 1, 'next_turn': 2, 'winner': 0}
2026-05-20 17:06:12 [INFO] -> C2S_MOVE seq=4 data={'row': 6, 'col': 6}
2026-05-20 17:06:12 [INFO] <- S2C_MOVE_RESULT seq=0 data={'ok': True, 'row': 6, 'col': 6, 'color': 2, 'next_turn': 1, 'winner': 0}
2026-05-20 17:06:17 [INFO] <- S2C_MOVE_RESULT seq=0 data={'ok': True, 'row': 8, 'col': 6, 'color': 1, 'next_turn': 2, 'winner': 0}
2026-05-20 17:06:19 [INFO] -> C2S_MOVE seq=5 data={'row': 6, 'col': 7}
2026-05-20 17:06:19 [INFO] <- S2C_MOVE_RESULT seq=0 data={'ok': True, 'row': 6, 'col': 7, 'color': 2, 'next_turn': 1, 'winner': 0}
2026-05-20 17:06:21 [INFO] <- S2C_MOVE_RESULT seq=0 data={'ok': True, 'row': 6, 'col': 9, 'color': 1, 'next_turn': 2, 'winner': 0}
2026-05-20 17:06:28 [INFO] -> C2S_MOVE seq=6 data={'row': 5, 'col': 7}
2026-05-20 17:06:28 [INFO] <- S2C_MOVE_RESULT seq=0 data={'ok': True, 'row': 5, 'col': 7, 'color': 2, 'next_turn': 1, 'winner': 0}
2026-05-20 17:06:31 [INFO] <- S2C_MOVE_RESULT seq=0 data={'ok': True, 'row': 6, 'col': 5, 'color': 1, 'next_turn': 2, 'winner': 0}
2026-05-20 17:06:43 [INFO] -> C2S_MOVE seq=7 data={'row': 7, 'col': 6}
2026-05-20 17:06:43 [INFO] <- S2C_MOVE_RESULT seq=0 data={'ok': True, 'row': 7, 'col': 6, 'color': 2, 'next_turn': 1, 'winner': 0}
2026-05-20 17:06:53 [INFO] <- S2C_MOVE_RESULT seq=0 data={'ok': True, 'row': 4, 'col': 7, 'color': 1, 'next_turn': 2, 'winner': 0}
2026-05-20 17:06:57 [INFO] -> C2S_MOVE seq=8 data={'row': 7, 'col': 8}
2026-05-20 17:06:57 [INFO] <- S2C_MOVE_RESULT seq=0 data={'ok': True, 'row': 7, 'col': 8, 'color': 2, 'next_turn': 1, 'winner': 0}
2026-05-20 17:07:01 [INFO] <- S2C_MOVE_RESULT seq=0 data={'ok': True, 'row': 5, 'col': 8, 'color': 1, 'next_turn': 2, 'winner': 0}
2026-05-20 17:07:06 [INFO] -> C2S_MOVE seq=9 data={'row': 5, 'col': 6}
2026-05-20 17:07:06 [INFO] <- S2C_MOVE_RESULT seq=0 data={'ok': True, 'row': 5, 'col': 6, 'color': 2, 'next_turn': 1, 'winner': 0}
2026-05-20 17:07:11 [INFO] <- S2C_MOVE_RESULT seq=0 data={'ok': True, 'row': 3, 'col': 6, 'color': 1, 'next_turn': 2, 'winner': 0}
2026-05-20 17:07:14 [INFO] -> C2S_MOVE seq=10 data={'row': 7, 'col': 10}
2026-05-20 17:07:14 [INFO] <- S2C_MOVE_RESULT seq=0 data={'ok': True, 'row': 7, 'col': 10, 'color': 2, 'next_turn': 1, 'winner': 0}
2026-05-20 17:07:16 [INFO] <- S2C_MOVE_RESULT seq=0 data={'ok': True, 'row': 2, 'col': 5, 'color': 1, 'next_turn': 0, 'winner': 1}
2026-05-20 17:07:16 [INFO] <- S2C_ROOM_CLOSED seq=0 data={'reason': '对方五子连珠', 'your_result': 'lose'}
2026-05-20 17:07:16 [INFO] <- S2C_LOBBY_INFO seq=0 data={'online': ['alice', 'bob', 'cathy'], 'online_count': 3, 'queue_size': 0, 'active_rooms': []}
2026-05-20 17:07:31 [INFO] <- S2C_LOBBY_INFO seq=0 data={'online': ['alice', 'bob', 'cathy'], 'online_count': 3, 'queue_size': 1, 'active_rooms': []}
2026-05-20 17:07:33 [INFO] <- S2C_LOBBY_INFO seq=0 data={'online': ['alice', 'bob', 'cathy'], 'online_count': 3, 'queue_size': 0, 'active_rooms': [{'room_id': 2, 'black': 'alice', 'white': 'cathy', 'move_count': 0, 'started_at': 1779268053, 'observer_count': 0}]}
2026-05-20 17:07:33 [INFO] <- S2C_LOBBY_INFO seq=0 data={'online': ['alice', 'bob', 'cathy'], 'online_count': 3, 'queue_size': 0, 'active_rooms': [{'room_id': 2, 'black': 'alice', 'white': 'cathy', 'move_count': 0, 'started_at': 1779268053, 'observer_count': 0}]}
2026-05-20 17:08:12 [INFO] <- S2C_LOBBY_INFO seq=0 data={'online': ['alice', 'bob', 'cathy'], 'online_count': 3, 'queue_size': 0, 'active_rooms': []}
2026-05-20 17:08:47 [INFO] <- S2C_LOBBY_INFO seq=0 data={'online': ['alice', 'bob'], 'online_count': 2, 'queue_size': 0, 'active_rooms': []}
2026-05-20 17:08:49 [INFO] -> C2S_LOGOUT seq=11 data={}
2026-05-20 17:08:49 [INFO] recv disconnected: peer closed during recv
2026-05-20 17:08:49 [INFO] connection closed
2026-05-20 17:38:00 [INFO] -> C2S_MATCH_START seq=2 data={}
2026-05-20 17:38:00 [INFO] <- S2C_LOBBY_INFO seq=0 data={'online': ['alice', 'bob'], 'online_count': 2, 'queue_size': 1, 'active_rooms': []}
2026-05-20 17:38:05 [INFO] <- S2C_MATCH_OK seq=0 data={'room_id': 1, 'board_size': 15, 'you': 'bob', 'opponent': {'username': 'alice', 'score': 1090}, 'your_color': 2, 'turn_color': 1}
2026-05-20 17:38:24 [INFO] <- S2C_MOVE_RESULT seq=0 data={'ok': True, 'row': 7, 'col': 7, 'color': 1, 'next_turn': 2, 'winner': 0}
2026-05-20 17:38:26 [INFO] -> C2S_MOVE seq=3 data={'row': 6, 'col': 8}
2026-05-20 17:38:26 [INFO] <- S2C_MOVE_RESULT seq=0 data={'ok': True, 'row': 6, 'col': 8, 'color': 2, 'next_turn': 1, 'winner': 0}
2026-05-20 17:38:30 [INFO] <- S2C_MOVE_RESULT seq=0 data={'ok': True, 'row': 7, 'col': 8, 'color': 1, 'next_turn': 2, 'winner': 0}
2026-05-20 17:38:31 [INFO] -> C2S_MOVE seq=4 data={'row': 8, 'col': 8}
2026-05-20 17:38:31 [INFO] <- S2C_MOVE_RESULT seq=0 data={'ok': True, 'row': 8, 'col': 8, 'color': 2, 'next_turn': 1, 'winner': 0}
2026-05-20 17:39:56 [INFO] <- S2C_CHAT_BCAST seq=0 data={'from': 'alice', 'text': '111'}
2026-05-20 17:43:32 [INFO] -> C2S_LEAVE_ROOM seq=5 data={}
2026-05-20 17:43:32 [INFO] <- S2C_ROOM_CLOSED seq=0 data={'reason': '你已离开房间', 'your_result': 'lose'}
2026-05-20 17:43:32 [INFO] <- S2C_LOBBY_INFO seq=0 data={'online': ['alice', 'bob', 'cathy'], 'online_count': 3, 'queue_size': 0, 'active_rooms': []}
2026-05-20 17:53:13 [INFO] recv disconnected: [WinError 10054] 远程主机强迫关闭了一个现有的连接。
2026-05-20 17:53:13 [INFO] connection closed
2026-05-20 17:53:19 [INFO] connected to 127.0.0.1:9527
2026-05-20 17:53:19 [INFO] -> C2S_LOGIN seq=6 data={'username': 'bob', 'password': 'pw2'}
2026-05-20 17:53:19 [INFO] <- S2C_LOGIN_RESP seq=6 data={'ok': True, 'uid': 2, 'username': 'bob', 'score': 910, 'total': 7, 'win': 2}
2026-05-20 17:53:19 [INFO] <- S2C_LOBBY_INFO seq=0 data={'online': ['bob'], 'online_count': 1, 'queue_size': 0, 'active_rooms': []}
2026-05-20 17:53:19 [INFO] <- S2C_LOBBY_INFO seq=0 data={'online': ['bob', 'alice'], 'online_count': 2, 'queue_size': 0, 'active_rooms': []}
2026-05-20 17:53:19 [INFO] <- S2C_LOBBY_INFO seq=0 data={'online': ['bob', 'alice', 'cathy'], 'online_count': 3, 'queue_size': 0, 'active_rooms': []}
2026-05-20 17:53:19 [INFO] -> C2S_RECONNECT_RESUME seq=7 data={'room_id': 1}
2026-05-20 17:53:19 [INFO] <- S2C_RECONNECT_RESP seq=7 data={'ok': False, 'reason': '没有待恢复对局'}
2026-05-20 17:54:13 [INFO] <- S2C_LOBBY_INFO seq=0 data={'online': ['bob', 'cathy'], 'online_count': 2, 'queue_size': 0, 'active_rooms': []}
2026-05-20 17:54:14 [INFO] -> C2S_LOGOUT seq=8 data={}
2026-05-20 17:54:14 [INFO] recv disconnected: peer closed during recv
2026-05-20 17:54:14 [INFO] connection closed
2026-05-20 17:55:41 [INFO] -> C2S_SPECTATE_JOIN seq=2 data={'room_id': 1}
2026-05-20 17:55:41 [INFO] <- S2C_SPECTATE_SNAPSHOT seq=2 data={'room_id': 1, 'black': 'alice', 'white': 'cathy', 'board_size': 15, 'board': [[0, 0, 0, 0, 0, 0, 0, 0, 0, 0, 0, 0, 0, 0, 0], [0, 0, 0, 0, 0, 0, 0, 0, 0, 0, 0, 0, 0, 0, 0], [0, 0, 0, 0, 0, 0, 0, 0, 0, 0, 0, 0, 0, 0, 0], [0, 0, 0, 0, 0, 0, 0, 0, 0, 0, 0, 0, 0, 0, 0], [0, 0, 0, 0, 0, 0, 0, 0, 0, 0, 0, 0, 0, 0, 0], [0, 0, 0, 0, 0, 0, 0, 0, 0, 0, 0, 0, 0, 0, 0], [0, 0, 0, 0, 0, 0, 0, 0, 1, 0, 0, 0, 0, 0, 0], [0, 0, 0, 0, 0, 0, 0, 1, 2, 0, 0, 0, 0, 0, 0], [0, 0, 0, 0, 0, 0, 0, 0, 2, 0, 0, 0, 0, 0, 0], [0, 0, 0, 0, 0, 0, 0, 0, 0, 0, 0, 0, 0, 0, 0], [0, 0, 0, 0, 0, 0, 0, 0, 0, 0, 0, 0, 0, 0, 0], [0, 0, 0, 0, 0, 0, 0, 0, 0, 0, 0, 0, 0, 0, 0], [0, 0, 0, 0, 0, 0, 0, 0, 0, 0, 0, 0, 0, 0, 0], [0, 0, 0, 0, 0, 0, 0, 0, 0, 0, 0, 0, 0, 0, 0], [0, 0, 0, 0, 0, 0, 0, 0, 0, 0, 0, 0, 0, 0, 0]], 'turn_color': 1, 'move_count': 4, 'moves': [{'index': 1, 'row': 7, 'col': 7, 'color': 1, 'ts': 1779270902}, {'index': 2, 'row': 7, 'col': 8, 'color': 2, 'ts': 1779270905}, {'index': 3, 'row': 6, 'col': 8, 'color': 1, 'ts': 1779270908}, {'index': 4, 'row': 8, 'col': 8, 'color': 2, 'ts': 1779270912}], 'chat_log': [{'from': 'cathy', 'text': '11'}], 'ended': False}
2026-05-20 17:55:58 [INFO] <- S2C_MOVE_RESULT seq=0 data={'ok': True, 'row': 2, 'col': 3, 'color': 1, 'next_turn': 2, 'winner': 0}
2026-05-20 17:56:14 [INFO] <- S2C_MOVE_RESULT seq=0 data={'ok': True, 'row': 7, 'col': 12, 'color': 2, 'next_turn': 1, 'winner': 0}
2026-05-20 17:56:30 [INFO] <- S2C_MOVE_RESULT seq=0 data={'ok': True, 'row': 6, 'col': 0, 'color': 1, 'next_turn': 2, 'winner': 0}
2026-05-20 17:57:13 [INFO] <- S2C_MOVE_RESULT seq=0 data={'ok': True, 'row': 9, 'col': 13, 'color': 2, 'next_turn': 1, 'winner': 0}
2026-05-20 17:58:27 [INFO] <- S2C_ROOM_CLOSED seq=0 data={'reason': '对局中止', 'your_result': 'abort'}
2026-05-20 17:58:27 [INFO] <- S2C_LOBBY_INFO seq=0 data={'online': ['alice', 'cathy', 'bob'], 'online_count': 3, 'queue_size': 0, 'active_rooms': []}
2026-05-20 17:58:39 [INFO] <- S2C_LOBBY_INFO seq=0 data={'online': ['cathy', 'bob'], 'online_count': 2, 'queue_size': 0, 'active_rooms': []}
2026-05-20 17:58:40 [INFO] <- S2C_LOBBY_INFO seq=0 data={'online': ['bob'], 'online_count': 1, 'queue_size': 0, 'active_rooms': []}
2026-05-20 17:58:41 [INFO] -> C2S_LOGOUT seq=3 data={}
2026-05-20 17:58:41 [INFO] connection closed
2026-05-20 23:41:12 [INFO] -> C2S_MATCH_START seq=2 data={}
2026-05-20 23:41:12 [INFO] <- S2C_LOBBY_INFO seq=0 data={'online': ['alice', 'bob'], 'online_count': 2, 'queue_size': 1, 'active_rooms': []}
2026-05-20 23:41:15 [INFO] <- S2C_MATCH_OK seq=0 data={'room_id': 1, 'board_size': 15, 'you': 'bob', 'opponent': {'username': 'alice', 'score': 1150}, 'your_color': 2, 'turn_color': 1}
2026-05-20 23:41:42 [INFO] <- S2C_MOVE_RESULT seq=0 data={'ok': True, 'row': 7, 'col': 7, 'color': 1, 'next_turn': 2, 'winner': 0}
2026-05-20 23:41:48 [INFO] -> C2S_MOVE seq=3 data={'row': 7, 'col': 9}
2026-05-20 23:41:48 [INFO] <- S2C_MOVE_RESULT seq=0 data={'ok': True, 'row': 7, 'col': 9, 'color': 2, 'next_turn': 1, 'winner': 0}
2026-05-20 23:41:51 [INFO] <- S2C_MOVE_RESULT seq=0 data={'ok': True, 'row': 6, 'col': 8, 'color': 1, 'next_turn': 2, 'winner': 0}
2026-05-20 23:41:52 [INFO] -> C2S_MOVE seq=4 data={'row': 6, 'col': 13}
2026-05-20 23:41:52 [INFO] <- S2C_MOVE_RESULT seq=0 data={'ok': True, 'row': 6, 'col': 13, 'color': 2, 'next_turn': 1, 'winner': 0}
2026-05-20 23:41:56 [INFO] <- S2C_MOVE_RESULT seq=0 data={'ok': True, 'row': 7, 'col': 8, 'color': 1, 'next_turn': 2, 'winner': 0}
2026-05-20 23:42:26 [INFO] -> C2S_MOVE seq=5 data={'row': 5, 'col': 7}
2026-05-20 23:42:26 [INFO] <- S2C_MOVE_RESULT seq=0 data={'ok': True, 'row': 5, 'col': 7, 'color': 2, 'next_turn': 1, 'winner': 0}
2026-05-20 23:43:48 [INFO] -> C2S_LEAVE_ROOM seq=6 data={}
2026-05-20 23:43:48 [INFO] <- S2C_ROOM_CLOSED seq=0 data={'reason': '你已离开房间', 'your_result': 'lose'}
2026-05-20 23:43:48 [INFO] <- S2C_LOBBY_INFO seq=0 data={'online': ['alice', 'bob'], 'online_count': 2, 'queue_size': 0, 'active_rooms': []}
2026-05-20 23:43:56 [INFO] <- S2C_LOBBY_INFO seq=0 data={'online': ['alice', 'bob'], 'online_count': 2, 'queue_size': 1, 'active_rooms': []}
2026-05-20 23:43:58 [INFO] -> C2S_MATCH_START seq=7 data={}
2026-05-20 23:43:58 [INFO] <- S2C_MATCH_OK seq=0 data={'room_id': 2, 'board_size': 15, 'you': 'bob', 'opponent': {'username': 'alice', 'score': 1180}, 'your_color': 2, 'turn_color': 1}
2026-05-20 23:44:14 [INFO] <- S2C_MOVE_RESULT seq=0 data={'ok': True, 'row': 7, 'col': 7, 'color': 1, 'next_turn': 2, 'winner': 0}
2026-05-20 23:47:31 [INFO] <- S2C_CHAT_BCAST seq=0 data={'from': 'system', 'text': 'alice 断线，等待 60 秒重连...'}
2026-05-20 23:47:32 [INFO] -> C2S_LOGOUT seq=8 data={}
2026-05-20 23:47:32 [INFO] connection closed
2026-05-20 23:48:52 [INFO] -> C2S_MATCH_START seq=2 data={}
2026-05-20 23:48:52 [INFO] <- S2C_LOBBY_INFO seq=0 data={'online': ['alice', 'bob'], 'online_count': 2, 'queue_size': 1, 'active_rooms': []}
2026-05-20 23:49:19 [INFO] <- S2C_MATCH_OK seq=0 data={'room_id': 1, 'board_size': 15, 'you': 'bob', 'opponent': {'username': 'alice', 'score': 1180}, 'your_color': 2, 'turn_color': 1}
2026-05-20 23:49:21 [INFO] <- S2C_MOVE_RESULT seq=0 data={'ok': True, 'row': 7, 'col': 7, 'color': 1, 'next_turn': 2, 'winner': 0}
2026-05-20 23:49:23 [INFO] -> C2S_MOVE seq=3 data={'row': 6, 'col': 8}
2026-05-20 23:49:23 [INFO] <- S2C_MOVE_RESULT seq=0 data={'ok': True, 'row': 6, 'col': 8, 'color': 2, 'next_turn': 1, 'winner': 0}
2026-05-20 23:49:24 [INFO] <- S2C_MOVE_RESULT seq=0 data={'ok': True, 'row': 4, 'col': 3, 'color': 1, 'next_turn': 2, 'winner': 0}
2026-05-20 23:49:34 [INFO] -> C2S_CHAT seq=4 data={'text': '111'}
2026-05-20 23:49:34 [INFO] <- S2C_CHAT_BCAST seq=0 data={'from': 'bob', 'text': '111'}
2026-05-20 23:49:52 [INFO] recv disconnected: peer closed during recv
2026-05-20 23:49:52 [INFO] connection closed
2026-05-20 23:49:52 [INFO] connected to 127.0.0.1:9527
2026-05-20 23:49:52 [INFO] -> C2S_LOGIN seq=5 data={'username': 'bob', 'password': 'pw2'}
2026-05-20 23:49:52 [INFO] <- S2C_LOGIN_RESP seq=5 data={'ok': True, 'uid': 2, 'username': 'bob', 'score': 880, 'total': 8, 'win': 2}
2026-05-20 23:49:52 [INFO] <- S2C_LOBBY_INFO seq=0 data={'online': ['alice', 'bob'], 'online_count': 2, 'queue_size': 0, 'active_rooms': []}
2026-05-20 23:49:52 [INFO] -> C2S_RECONNECT_RESUME seq=6 data={'room_id': 1}
2026-05-20 23:49:52 [INFO] <- S2C_RECONNECT_RESP seq=6 data={'ok': False, 'reason': '没有待恢复对局'}
2026-05-20 23:49:55 [INFO] <- S2C_LOBBY_INFO seq=0 data={'online': ['bob'], 'online_count': 1, 'queue_size': 0, 'active_rooms': []}
2026-05-20 23:49:58 [INFO] -> C2S_LOGOUT seq=7 data={}
2026-05-20 23:49:58 [INFO] connection closed
2026-05-21 14:31:21 [INFO] -> C2S_MATCH_START seq=2 data={}
2026-05-21 14:31:21 [INFO] <- S2C_LOBBY_INFO seq=0 data={'online': ['alice', 'bob'], 'online_count': 2, 'queue_size': 1, 'active_rooms': []}
2026-05-21 14:31:31 [INFO] <- S2C_MATCH_OK seq=0 data={'room_id': 2, 'board_size': 15, 'you': 'bob', 'opponent': {'username': 'alice', 'score': 1150}, 'your_color': 2, 'turn_color': 1}
2026-05-21 14:31:34 [INFO] <- S2C_MOVE_RESULT seq=0 data={'ok': True, 'row': 7, 'col': 7, 'color': 1, 'next_turn': 2, 'winner': 0}
2026-05-21 14:31:37 [INFO] -> C2S_MOVE seq=3 data={'row': 6, 'col': 8}
2026-05-21 14:31:37 [INFO] <- S2C_MOVE_RESULT seq=0 data={'ok': True, 'row': 6, 'col': 8, 'color': 2, 'next_turn': 1, 'winner': 0}
2026-05-21 14:33:09 [INFO] <- S2C_CHAT_BCAST seq=0 data={'from': 'alice', 'text': '11'}
2026-05-21 14:33:29 [INFO] <- S2C_ROOM_CLOSED seq=0 data={'reason': '对方离开了房间', 'your_result': 'win'}
2026-05-21 14:33:29 [INFO] <- S2C_LOBBY_INFO seq=0 data={'online': ['alice', 'bob'], 'online_count': 2, 'queue_size': 0, 'active_rooms': []}
2026-05-21 14:33:41 [INFO] <- S2C_LOBBY_INFO seq=0 data={'online': ['alice', 'bob'], 'online_count': 2, 'queue_size': 0, 'active_rooms': [{'room_id': 3, 'black': 'alice', 'white': 'AI-Bot#2', 'move_count': 0, 'started_at': 1779345221, 'observer_count': 0}]}
2026-05-21 14:36:13 [INFO] -> C2S_LOGOUT seq=4 data={}
2026-05-21 14:36:13 [INFO] connection closed
2026-05-25 15:43:54 [INFO] <- S2C_LOBBY_INFO seq=0 data={'online': ['alice', 'bob'], 'online_count': 2, 'queue_size': 0, 'active_rooms': []}
2026-05-25 15:44:04 [INFO] <- S2C_LOBBY_INFO seq=0 data={'online': ['alice', 'bob'], 'online_count': 2, 'queue_size': 1, 'active_rooms': []}
2026-05-25 15:44:05 [INFO] -> C2S_MATCH_START seq=2 data={}
2026-05-25 15:44:05 [INFO] <- S2C_MATCH_OK seq=0 data={'room_id': 4, 'board_size': 15, 'you': 'bob', 'opponent': {'username': 'alice', 'score': 1060}, 'your_color': 2, 'turn_color': 1}
2026-05-25 15:44:07 [INFO] <- S2C_MOVE_RESULT seq=0 data={'ok': True, 'row': 7, 'col': 7, 'color': 1, 'next_turn': 2, 'winner': 0}
2026-05-25 15:44:09 [INFO] -> C2S_MOVE seq=3 data={'row': 8, 'col': 7}
2026-05-25 15:44:09 [INFO] <- S2C_MOVE_RESULT seq=0 data={'ok': True, 'row': 8, 'col': 7, 'color': 2, 'next_turn': 1, 'winner': 0}
2026-05-25 15:44:15 [INFO] <- S2C_CHAT_BCAST seq=0 data={'from': 'alice', 'text': '111'}
2026-05-25 15:44:18 [INFO] -> C2S_CHAT seq=4 data={'text': '222'}
2026-05-25 15:44:18 [INFO] <- S2C_CHAT_BCAST seq=0 data={'from': 'bob', 'text': '222'}
2026-05-25 15:44:20 [INFO] <- S2C_MOVE_RESULT seq=0 data={'ok': True, 'row': 8, 'col': 8, 'color': 1, 'next_turn': 2, 'winner': 0}
2026-05-25 15:44:22 [INFO] -> C2S_MOVE seq=5 data={'row': 6, 'col': 6}
2026-05-25 15:44:22 [INFO] <- S2C_MOVE_RESULT seq=0 data={'ok': True, 'row': 6, 'col': 6, 'color': 2, 'next_turn': 1, 'winner': 0}
2026-05-25 15:44:26 [INFO] <- S2C_MOVE_RESULT seq=0 data={'ok': True, 'row': 9, 'col': 9, 'color': 1, 'next_turn': 2, 'winner': 0}
2026-05-25 15:44:28 [INFO] -> C2S_MOVE seq=6 data={'row': 10, 'col': 10}
2026-05-25 15:44:28 [INFO] <- S2C_MOVE_RESULT seq=0 data={'ok': True, 'row': 10, 'col': 10, 'color': 2, 'next_turn': 1, 'winner': 0}
2026-05-25 15:44:30 [INFO] <- S2C_MOVE_RESULT seq=0 data={'ok': True, 'row': 8, 'col': 9, 'color': 1, 'next_turn': 2, 'winner': 0}
2026-05-25 15:44:32 [INFO] -> C2S_MOVE seq=7 data={'row': 7, 'col': 9}
2026-05-25 15:44:32 [INFO] <- S2C_MOVE_RESULT seq=0 data={'ok': True, 'row': 7, 'col': 9, 'color': 2, 'next_turn': 1, 'winner': 0}
2026-05-25 15:44:34 [INFO] <- S2C_MOVE_RESULT seq=0 data={'ok': True, 'row': 7, 'col': 8, 'color': 1, 'next_turn': 2, 'winner': 0}
2026-05-25 15:44:35 [INFO] -> C2S_MOVE seq=8 data={'row': 7, 'col': 6}
2026-05-25 15:44:35 [INFO] <- S2C_MOVE_RESULT seq=0 data={'ok': True, 'row': 7, 'col': 6, 'color': 2, 'next_turn': 1, 'winner': 0}
2026-05-25 15:44:37 [INFO] <- S2C_MOVE_RESULT seq=0 data={'ok': True, 'row': 6, 'col': 7, 'color': 1, 'next_turn': 2, 'winner': 0}
2026-05-25 15:44:38 [INFO] -> C2S_MOVE seq=9 data={'row': 5, 'col': 7}
2026-05-25 15:44:38 [INFO] <- S2C_MOVE_RESULT seq=0 data={'ok': True, 'row': 5, 'col': 7, 'color': 2, 'next_turn': 1, 'winner': 0}
2026-05-25 15:44:40 [INFO] <- S2C_MOVE_RESULT seq=0 data={'ok': True, 'row': 6, 'col': 8, 'color': 1, 'next_turn': 2, 'winner': 0}
2026-05-25 15:44:41 [INFO] -> C2S_MOVE seq=10 data={'row': 6, 'col': 9}
2026-05-25 15:44:41 [INFO] <- S2C_MOVE_RESULT seq=0 data={'ok': True, 'row': 6, 'col': 9, 'color': 2, 'next_turn': 1, 'winner': 0}
2026-05-25 15:44:43 [INFO] <- S2C_MOVE_RESULT seq=0 data={'ok': True, 'row': 6, 'col': 10, 'color': 1, 'next_turn': 2, 'winner': 0}
2026-05-25 15:44:45 [INFO] -> C2S_MOVE seq=11 data={'row': 6, 'col': 11}
2026-05-25 15:44:45 [INFO] <- S2C_MOVE_RESULT seq=0 data={'ok': True, 'row': 6, 'col': 11, 'color': 2, 'next_turn': 1, 'winner': 0}
2026-05-25 15:44:47 [INFO] <- S2C_MOVE_RESULT seq=0 data={'ok': True, 'row': 6, 'col': 12, 'color': 1, 'next_turn': 2, 'winner': 0}
2026-05-25 15:44:49 [INFO] -> C2S_MOVE seq=12 data={'row': 6, 'col': 13}
2026-05-25 15:44:49 [INFO] <- S2C_MOVE_RESULT seq=0 data={'ok': True, 'row': 6, 'col': 13, 'color': 2, 'next_turn': 1, 'winner': 0}
2026-05-25 15:44:51 [INFO] <- S2C_MOVE_RESULT seq=0 data={'ok': True, 'row': 5, 'col': 13, 'color': 1, 'next_turn': 2, 'winner': 0}
2026-05-25 15:44:53 [INFO] -> C2S_MOVE seq=13 data={'row': 4, 'col': 13}
2026-05-25 15:44:53 [INFO] <- S2C_MOVE_RESULT seq=0 data={'ok': True, 'row': 4, 'col': 13, 'color': 2, 'next_turn': 1, 'winner': 0}
2026-05-25 15:44:55 [INFO] <- S2C_MOVE_RESULT seq=0 data={'ok': True, 'row': 8, 'col': 12, 'color': 1, 'next_turn': 2, 'winner': 0}
2026-05-25 15:44:57 [INFO] -> C2S_MOVE seq=14 data={'row': 7, 'col': 14}
2026-05-25 15:44:57 [INFO] <- S2C_MOVE_RESULT seq=0 data={'ok': True, 'row': 7, 'col': 14, 'color': 2, 'next_turn': 1, 'winner': 0}
2026-05-25 15:44:58 [INFO] <- S2C_MOVE_RESULT seq=0 data={'ok': True, 'row': 7, 'col': 12, 'color': 1, 'next_turn': 2, 'winner': 0}
2026-05-25 15:45:01 [INFO] -> C2S_MOVE seq=15 data={'row': 8, 'col': 13}
2026-05-25 15:45:01 [INFO] <- S2C_MOVE_RESULT seq=0 data={'ok': True, 'row': 8, 'col': 13, 'color': 2, 'next_turn': 1, 'winner': 0}
2026-05-25 15:45:03 [INFO] <- S2C_MOVE_RESULT seq=0 data={'ok': True, 'row': 8, 'col': 11, 'color': 1, 'next_turn': 2, 'winner': 0}
2026-05-25 15:45:04 [INFO] -> C2S_MOVE seq=16 data={'row': 9, 'col': 12}
2026-05-25 15:45:04 [INFO] <- S2C_MOVE_RESULT seq=0 data={'ok': True, 'row': 9, 'col': 12, 'color': 2, 'next_turn': 1, 'winner': 0}
2026-05-25 15:45:06 [INFO] <- S2C_MOVE_RESULT seq=0 data={'ok': True, 'row': 8, 'col': 10, 'color': 1, 'next_turn': 0, 'winner': 1}
2026-05-25 15:45:06 [INFO] <- S2C_ROOM_CLOSED seq=0 data={'reason': '对方五子连珠', 'your_result': 'lose'}
2026-05-25 15:45:06 [INFO] <- S2C_LOBBY_INFO seq=0 data={'online': ['alice', 'bob'], 'online_count': 2, 'queue_size': 0, 'active_rooms': []}
2026-05-25 15:45:19 [INFO] <- S2C_LOBBY_INFO seq=0 data={'online': ['bob'], 'online_count': 1, 'queue_size': 0, 'active_rooms': []}
2026-05-25 15:45:22 [INFO] -> C2S_LOGOUT seq=17 data={}
2026-05-25 15:45:22 [INFO] connection closed
