2026-05-22 13:40:01 [INFO] <- S2C_LOBBY_INFO seq=0 data={'online': ['alice', 'bob', 'cathy', 'kevin', 'lili'], 'online_count': 5, 'queue_size': 0, 'active_rooms': [{'room_id': 5, 'black': 'alice', 'white': 'bob', 'move_count': 18, 'started_at': 1779427895, 'observer_count': 0}, {'room_id': 6, 'black': 'cathy', 'white': 'kevin', 'move_count': 4, 'started_at': 1779428272, 'observer_count': 0}]}
2026-05-22 13:40:30 [INFO] -> C2S_RANK_LIST seq=3 data={'limit': 10}
2026-05-22 13:40:30 [INFO] <- S2C_RANK_LIST seq=3 data={'items': [{'rank': 1, 'username': 'alice', 'score': 1120, 'total': 18, 'win': 11}, {'rank': 2, 'username': 'kevin', 'score': 1000, 'total': 0, 'win': 0}, {'rank': 3, 'username': 'lili', 'score': 1000, 'total': 0, 'win': 0}, {'rank': 4, 'username': 'cathy', 'score': 970, 'total': 5, 'win': 2}, {'rank': 5, 'username': 'bob', 'score': 820, 'total': 12, 'win': 3}]}
2026-05-22 13:40:38 [INFO] -> C2S_SPECTATE_JOIN seq=4 data={'room_id': 6}
2026-05-22 13:40:38 [INFO] <- S2C_SPECTATE_SNAPSHOT seq=4 data={'room_id': 6, 'black': 'cathy', 'white': 'kevin', 'board_size': 15, 'board': [[0, 0, 0, 0, 0, 0, 0, 0, 0, 0, 0, 0, 0, 0, 0], [0, 0, 0, 0, 0, 0, 0, 0, 0, 0, 0, 0, 0, 0, 0], [0, 0, 0, 0, 0, 0, 0, 0, 0, 0, 0, 0, 0, 0, 0], [0, 0, 0, 0, 0, 0, 0, 0, 0, 0, 0, 0, 0, 0, 0], [0, 0, 0, 0, 0, 0, 0, 0, 0, 0, 0, 0, 0, 0, 0], [0, 0, 0, 0, 0, 0, 0, 0, 0, 0, 0, 0, 0, 0, 0], [0, 0, 0, 0, 0, 0, 0, 0, 0, 0, 0, 0, 0, 0, 0], [0, 0, 0, 0, 0, 0, 0, 1, 1, 2, 0, 0, 0, 0, 0], [0, 0, 0, 0, 0, 0, 0, 0, 2, 0, 0, 0, 0, 0, 0], [0, 0, 0, 0, 0, 0, 0, 0, 0, 0, 0, 0, 0, 0, 0], [0, 0, 0, 0, 0, 0, 0, 0, 0, 0, 0, 0, 0, 0, 0], [0, 0, 0, 0, 0, 0, 0, 0, 0, 0, 0, 0, 0, 0, 0], [0, 0, 0, 0, 0, 0, 0, 0, 0, 0, 0, 0, 0, 0, 0], [0, 0, 0, 0, 0, 0, 0, 0, 0, 0, 0, 0, 0, 0, 0], [0, 0, 0, 0, 0, 0, 0, 0, 0, 0, 0, 0, 0, 0, 0]], 'turn_color': 1, 'move_count': 4, 'moves': [{'index': 1, 'row': 7, 'col': 7, 'color': 1, 'ts': 1779428342}, {'index': 2, 'row': 8, 'col': 8, 'color': 2, 'ts': 1779428360}, {'index': 3, 'row': 7, 'col': 8, 'color': 1, 'ts': 1779428363}, {'index': 4, 'row': 7, 'col': 9, 'color': 2, 'ts': 1779428386}], 'chat_log': [{'from': 'cathy', 'text': '11'}, {'from': 'kevin', 'text': '新房间'}, {'from': 'cathy', 'text': '不错不错'}, {'from': 'kevin', 'text': '我再注册一个观战一下'}, {'from': 'cathy', 'text': '好'}, {'from': 'cathy', 'text': '啊那我们'}, {'from': 'cathy', 'text': '所有功能全ok了'}, {'from': 'kevin', 'text': '你先下一步吧'}], 'ended': False}
2026-05-22 13:41:19 [INFO] -> C2S_CHAT seq=5 data={'text': '好了'}
2026-05-22 13:41:19 [INFO] <- S2C_ERROR seq=5 data={'code': 'NO_ROOM', 'reason': '你不在任何房间中'}
2026-05-22 13:41:32 [INFO] <- S2C_CHAT_BCAST seq=0 data={'from': 'kevin', 'text': '好了'}
2026-05-22 13:41:46 [INFO] <- S2C_CHAT_BCAST seq=0 data={'from': 'kevin', 'text': '我们所有功能全部齐全了'}
2026-05-22 13:41:59 [INFO] <- S2C_CHAT_BCAST seq=0 data={'from': 'cathy', 'text': '太棒太棒'}
2026-05-22 13:42:15 [INFO] <- S2C_CHAT_BCAST seq=0 data={'from': 'kevin', 'text': '我认输离开了'}
2026-05-22 13:42:19 [INFO] <- S2C_CHAT_BCAST seq=0 data={'from': 'cathy', 'text': 'ok'}
2026-05-22 13:42:20 [INFO] <- S2C_ROOM_CLOSED seq=0 data={'reason': '对局中止', 'your_result': 'abort'}
2026-05-22 13:42:20 [INFO] <- S2C_LOBBY_INFO seq=0 data={'online': ['alice', 'bob', 'cathy', 'kevin', 'lili'], 'online_count': 5, 'queue_size': 0, 'active_rooms': [{'room_id': 5, 'black': 'alice', 'white': 'bob', 'move_count': 18, 'started_at': 1779427895, 'observer_count': 0}]}
2026-05-22 13:42:30 [INFO] <- S2C_LOBBY_INFO seq=0 data={'online': ['alice', 'bob', 'kevin', 'lili'], 'online_count': 4, 'queue_size': 0, 'active_rooms': [{'room_id': 5, 'black': 'alice', 'white': 'bob', 'move_count': 18, 'started_at': 1779427895, 'observer_count': 0}]}
2026-05-22 13:42:56 [INFO] -> C2S_SPECTATE_JOIN seq=6 data={'room_id': 5}
2026-05-22 13:42:56 [INFO] <- S2C_SPECTATE_SNAPSHOT seq=6 data={'room_id': 5, 'black': 'alice', 'white': 'bob', 'board_size': 15, 'board': [[0, 0, 0, 0, 0, 0, 0, 0, 0, 0, 0, 0, 0, 0, 0], [0, 0, 0, 0, 0, 0, 0, 0, 0, 0, 0, 0, 0, 0, 0], [0, 0, 0, 0, 0, 0, 0, 0, 0, 0, 0, 0, 0, 0, 0], [0, 0, 0, 0, 0, 0, 2, 0, 0, 0, 0, 0, 0, 0, 0], [0, 0, 0, 2, 1, 1, 1, 1, 2, 0, 0, 0, 0, 0, 0], [0, 0, 0, 0, 0, 1, 2, 2, 1, 0, 0, 0, 0, 0, 0], [0, 0, 0, 0, 0, 0, 1, 2, 2, 1, 0, 0, 0, 0, 0], [0, 0, 0, 0, 0, 0, 0, 1, 2, 0, 0, 0, 0, 0, 0], [0, 0, 0, 0, 0, 0, 0, 0, 2, 0, 0, 0, 0, 0, 0], [0, 0, 0, 0, 0, 0, 0, 0, 0, 0, 0, 0, 0, 0, 0], [0, 0, 0, 0, 0, 0, 0, 0, 0, 0, 0, 0, 0, 0, 0], [0, 0, 0, 0, 0, 0, 0, 0, 0, 0, 0, 0, 0, 0, 0], [0, 0, 0, 0, 0, 0, 0, 0, 0, 0, 0, 0, 0, 0, 0], [0, 0, 0, 0, 0, 0, 0, 0, 0, 0, 0, 0, 0, 0, 0], [0, 0, 0, 0, 0, 0, 0, 0, 0, 0, 0, 0, 0, 0, 0]], 'turn_color': 1, 'move_count': 18, 'moves': [{'index': 1, 'row': 7, 'col': 7, 'color': 1, 'ts': 1779427906}, {'index': 2, 'row': 6, 'col': 8, 'color': 2, 'ts': 1779427908}, {'index': 3, 'row': 6, 'col': 9, 'color': 1, 'ts': 1779427912}, {'index': 4, 'row': 7, 'col': 8, 'color': 2, 'ts': 1779427918}, {'index': 5, 'row': 5, 'col': 8, 'color': 1, 'ts': 1779427937}, {'index': 6, 'row': 6, 'col': 7, 'color': 2, 'ts': 1779427944}, {'index': 7, 'row': 6, 'col': 6, 'color': 1, 'ts': 1779427947}, {'index': 8, 'row': 5, 'col': 6, 'color': 2, 'ts': 1779427953}, {'index': 9, 'row': 4, 'col': 5, 'color': 1, 'ts': 1779427957}, {'index': 10, 'row': 5, 'col': 7, 'color': 2, 'ts': 1779427965}, {'index': 11, 'row': 4, 'col': 7, 'color': 1, 'ts': 1779428004}, {'index': 12, 'row': 3, 'col': 6, 'color': 2, 'ts': 1779428008}, {'index': 13, 'row': 4, 'col': 6, 'color': 1, 'ts': 1779428013}, {'index': 14, 'row': 4, 'col': 8, 'color': 2, 'ts': 1779428020}, {'index': 15, 'row': 4, 'col': 4, 'color': 1, 'ts': 1779428029}, {'index': 16, 'row': 4, 'col': 3, 'color': 2, 'ts': 1779428031}, {'index': 17, 'row': 5, 'col': 5, 'color': 1, 'ts': 1779428036}, {'index': 18, 'row': 8, 'col': 8, 'color': 2, 'ts': 1779428044}], 'chat_log': [{'from': 'alice', 'text': 'hello'}, {'from': 'bob', 'text': 'hi'}, {'from': 'bob', 'text': 'x'}, {'from': 'bob', 'text': '笑死我了'}, {'from': 'alice', 'text': '也是在线聊上天了'}, {'from': 'bob', 'text': 'k可以可以'}, {'from': 'alice', 'text': '等会儿咱俩一人再开一个客户端呗'}, {'from': 'alice', 'text': '看看能不能开多个房间'}, {'from': 'bob', 'text': '啥意思'}, {'from': 'bob', 'text': '哦哦'}, {'from': 'bob', 'text': '可以'}, {'from': 'bob', 'text': '厉害害害害'}, {'from': 'alice', 'text': '除了cathy你有新注册用户吗'}, {'from': 'bob', 'text': '没'}, {'from': 'bob', 'text': '怎么注册'}, {'from': 'alice', 'text': '那你登cathy我注册一个新用户'}, {'from': 'bob', 'text': '好的'}, {'from': 'alice', 'text': '这个客户端先别关'}, {'from': 'bob', 'text': '还是这个ip吧'}, {'from': 'bob', 'text': '140.143.202.203'}], 'ended': False}
2026-05-22 13:44:06 [INFO] recv disconnected: peer closed during recv
2026-05-22 13:44:06 [INFO] connection closed
2026-05-22 13:46:42 [INFO] connection closed
2026-05-22 14:45:17 [INFO] <- S2C_LOBBY_INFO seq=0 data={'online': ['alice', 'lili'], 'online_count': 2, 'queue_size': 0, 'active_rooms': []}
2026-05-22 14:45:24 [INFO] -> C2S_SPECTATE_LIST seq=4 data={}
2026-05-22 14:45:24 [INFO] <- S2C_SPECTATE_LIST seq=4 data={'rooms': []}
2026-05-22 14:45:26 [INFO] -> C2S_RANK_LIST seq=5 data={'limit': 10}
2026-05-22 14:45:26 [INFO] <- S2C_RANK_LIST seq=5 data={'items': [{'rank': 1, 'username': 'alice', 'score': 1120, 'total': 18, 'win': 11}, {'rank': 2, 'username': 'cathy', 'score': 1000, 'total': 6, 'win': 3}, {'rank': 3, 'username': 'lili', 'score': 1000, 'total': 0, 'win': 0}, {'rank': 4, 'username': 'kevin', 'score': 970, 'total': 1, 'win': 0}, {'rank': 5, 'username': 'bob', 'score': 820, 'total': 12, 'win': 3}]}
2026-05-22 14:45:30 [INFO] -> C2S_MATCH_START seq=6 data={}
2026-05-22 14:45:30 [INFO] <- S2C_LOBBY_INFO seq=0 data={'online': ['alice', 'lili'], 'online_count': 2, 'queue_size': 1, 'active_rooms': []}
2026-05-22 14:45:31 [INFO] -> C2S_MATCH_STOP seq=7 data={}
2026-05-22 14:45:31 [INFO] <- S2C_LOBBY_INFO seq=0 data={'online': ['alice', 'lili'], 'online_count': 2, 'queue_size': 0, 'active_rooms': []}
2026-05-22 14:45:32 [INFO] -> C2S_REPLAY_LIST seq=8 data={'limit': 30, 'offset': 0}
2026-05-22 14:45:32 [INFO] <- S2C_REPLAY_LIST seq=8 data={'total': 0, 'items': []}
2026-05-22 14:46:28 [INFO] -> C2S_LOGOUT seq=9 data={}
2026-05-22 14:46:28 [INFO] connection closed
2026-05-22 14:46:46 [INFO] <- S2C_LOBBY_INFO seq=0 data={'online': ['alice', 'lili'], 'online_count': 2, 'queue_size': 0, 'active_rooms': []}
2026-05-22 14:46:50 [INFO] -> C2S_RANK_LIST seq=2 data={'limit': 10}
2026-05-22 14:46:50 [INFO] <- S2C_RANK_LIST seq=2 data={'items': [{'rank': 1, 'username': 'alice', 'score': 1120, 'total': 18, 'win': 11}, {'rank': 2, 'username': 'cathy', 'score': 1000, 'total': 6, 'win': 3}, {'rank': 3, 'username': 'lili', 'score': 1000, 'total': 0, 'win': 0}, {'rank': 4, 'username': 'kevin', 'score': 970, 'total': 1, 'win': 0}, {'rank': 5, 'username': 'bob', 'score': 820, 'total': 12, 'win': 3}]}
2026-05-22 14:47:06 [INFO] -> C2S_AI_MATCH_START seq=3 data={}
2026-05-22 14:47:06 [INFO] <- S2C_MATCH_OK seq=3 data={'room_id': 1, 'board_size': 15, 'you': 'lili', 'opponent': {'username': 'AI-Bot#1', 'score': 0}, 'your_color': 1, 'turn_color': 1}
2026-05-22 14:47:06 [INFO] <- S2C_CHAT_BCAST seq=0 data={'from': 'system', 'text': 'AI 对战开始，玩家执黑先行。'}
2026-05-22 14:47:41 [INFO] -> C2S_MOVE seq=4 data={'row': 7, 'col': 7}
2026-05-22 14:47:41 [INFO] <- S2C_MOVE_RESULT seq=0 data={'ok': True, 'row': 7, 'col': 7, 'color': 1, 'next_turn': 2, 'winner': 0}
2026-05-22 14:47:41 [INFO] <- S2C_MOVE_RESULT seq=0 data={'ok': True, 'row': 6, 'col': 7, 'color': 2, 'next_turn': 1, 'winner': 0}
2026-05-22 14:47:43 [INFO] -> C2S_MOVE seq=5 data={'row': 6, 'col': 8}
2026-05-22 14:47:43 [INFO] <- S2C_MOVE_RESULT seq=0 data={'ok': True, 'row': 6, 'col': 8, 'color': 1, 'next_turn': 2, 'winner': 0}
2026-05-22 14:47:43 [INFO] <- S2C_MOVE_RESULT seq=0 data={'ok': True, 'row': 8, 'col': 6, 'color': 2, 'next_turn': 1, 'winner': 0}
2026-05-22 14:47:46 [INFO] -> C2S_MOVE seq=6 data={'row': 7, 'col': 6}
2026-05-22 14:47:46 [INFO] <- S2C_MOVE_RESULT seq=0 data={'ok': True, 'row': 7, 'col': 6, 'color': 1, 'next_turn': 2, 'winner': 0}
2026-05-22 14:47:46 [INFO] <- S2C_MOVE_RESULT seq=0 data={'ok': True, 'row': 7, 'col': 8, 'color': 2, 'next_turn': 1, 'winner': 0}
2026-05-22 14:47:49 [INFO] -> C2S_MOVE seq=7 data={'row': 8, 'col': 9}
2026-05-22 14:47:49 [INFO] <- S2C_MOVE_RESULT seq=0 data={'ok': True, 'row': 8, 'col': 9, 'color': 1, 'next_turn': 2, 'winner': 0}
2026-05-22 14:47:49 [INFO] <- S2C_MOVE_RESULT seq=0 data={'ok': True, 'row': 7, 'col': 5, 'color': 2, 'next_turn': 1, 'winner': 0}
2026-05-22 14:47:54 [INFO] -> C2S_MOVE seq=8 data={'row': 6, 'col': 4}
2026-05-22 14:47:54 [INFO] <- S2C_MOVE_RESULT seq=0 data={'ok': True, 'row': 6, 'col': 4, 'color': 1, 'next_turn': 2, 'winner': 0}
2026-05-22 14:47:54 [INFO] <- S2C_MOVE_RESULT seq=0 data={'ok': True, 'row': 8, 'col': 7, 'color': 2, 'next_turn': 1, 'winner': 0}
2026-05-22 14:47:58 [INFO] -> C2S_MOVE seq=9 data={'row': 9, 'col': 6}
2026-05-22 14:47:58 [INFO] <- S2C_MOVE_RESULT seq=0 data={'ok': True, 'row': 9, 'col': 6, 'color': 1, 'next_turn': 2, 'winner': 0}
2026-05-22 14:47:58 [INFO] <- S2C_MOVE_RESULT seq=0 data={'ok': True, 'row': 8, 'col': 5, 'color': 2, 'next_turn': 1, 'winner': 0}
2026-05-22 14:48:01 [INFO] -> C2S_MOVE seq=10 data={'row': 8, 'col': 4}
2026-05-22 14:48:01 [INFO] <- S2C_MOVE_RESULT seq=0 data={'ok': True, 'row': 8, 'col': 4, 'color': 1, 'next_turn': 2, 'winner': 0}
2026-05-22 14:48:01 [INFO] <- S2C_MOVE_RESULT seq=0 data={'ok': True, 'row': 9, 'col': 5, 'color': 2, 'next_turn': 1, 'winner': 0}
2026-05-22 14:48:05 [INFO] -> C2S_MOVE seq=11 data={'row': 6, 'col': 5}
2026-05-22 14:48:05 [INFO] <- S2C_MOVE_RESULT seq=0 data={'ok': True, 'row': 6, 'col': 5, 'color': 1, 'next_turn': 2, 'winner': 0}
2026-05-22 14:48:05 [INFO] <- S2C_MOVE_RESULT seq=0 data={'ok': True, 'row': 10, 'col': 5, 'color': 2, 'next_turn': 1, 'winner': 0}
2026-05-22 14:48:06 [INFO] -> C2S_MOVE seq=12 data={'row': 11, 'col': 5}
2026-05-22 14:48:06 [INFO] <- S2C_MOVE_RESULT seq=0 data={'ok': True, 'row': 11, 'col': 5, 'color': 1, 'next_turn': 2, 'winner': 0}
2026-05-22 14:48:06 [INFO] <- S2C_MOVE_RESULT seq=0 data={'ok': True, 'row': 7, 'col': 4, 'color': 2, 'next_turn': 1, 'winner': 0}
2026-05-22 14:48:11 [INFO] -> C2S_MOVE seq=13 data={'row': 7, 'col': 3}
2026-05-22 14:48:11 [INFO] <- S2C_MOVE_RESULT seq=0 data={'ok': True, 'row': 7, 'col': 3, 'color': 1, 'next_turn': 2, 'winner': 0}
2026-05-22 14:48:11 [INFO] <- S2C_MOVE_RESULT seq=0 data={'ok': True, 'row': 6, 'col': 3, 'color': 2, 'next_turn': 1, 'winner': 0}
2026-05-22 14:48:13 [INFO] -> C2S_MOVE seq=14 data={'row': 5, 'col': 2}
2026-05-22 14:48:13 [INFO] <- S2C_MOVE_RESULT seq=0 data={'ok': True, 'row': 5, 'col': 2, 'color': 1, 'next_turn': 2, 'winner': 0}
2026-05-22 14:48:13 [INFO] <- S2C_MOVE_RESULT seq=0 data={'ok': True, 'row': 5, 'col': 5, 'color': 2, 'next_turn': 1, 'winner': 0}
2026-05-22 14:48:19 [INFO] -> C2S_MOVE seq=15 data={'row': 5, 'col': 6}
2026-05-22 14:48:19 [INFO] <- S2C_MOVE_RESULT seq=0 data={'ok': True, 'row': 5, 'col': 6, 'color': 1, 'next_turn': 2, 'winner': 0}
2026-05-22 14:48:19 [INFO] <- S2C_MOVE_RESULT seq=0 data={'ok': True, 'row': 10, 'col': 4, 'color': 2, 'next_turn': 1, 'winner': 0}
2026-05-22 14:48:24 [INFO] -> C2S_MOVE seq=16 data={'row': 11, 'col': 3}
2026-05-22 14:48:24 [INFO] <- S2C_MOVE_RESULT seq=0 data={'ok': True, 'row': 11, 'col': 3, 'color': 1, 'next_turn': 2, 'winner': 0}
2026-05-22 14:48:24 [INFO] <- S2C_MOVE_RESULT seq=0 data={'ok': True, 'row': 10, 'col': 6, 'color': 2, 'next_turn': 1, 'winner': 0}
2026-05-22 14:48:29 [INFO] -> C2S_MOVE seq=17 data={'row': 10, 'col': 7}
2026-05-22 14:48:29 [INFO] <- S2C_MOVE_RESULT seq=0 data={'ok': True, 'row': 10, 'col': 7, 'color': 1, 'next_turn': 2, 'winner': 0}
2026-05-22 14:48:29 [INFO] <- S2C_MOVE_RESULT seq=0 data={'ok': True, 'row': 10, 'col': 3, 'color': 2, 'next_turn': 1, 'winner': 0}
2026-05-22 14:48:30 [INFO] -> C2S_MOVE seq=18 data={'row': 10, 'col': 2}
2026-05-22 14:48:30 [INFO] <- S2C_MOVE_RESULT seq=0 data={'ok': True, 'row': 10, 'col': 2, 'color': 1, 'next_turn': 2, 'winner': 0}
2026-05-22 14:48:30 [INFO] <- S2C_MOVE_RESULT seq=0 data={'ok': True, 'row': 11, 'col': 4, 'color': 2, 'next_turn': 1, 'winner': 0}
2026-05-22 14:48:36 [INFO] -> C2S_MOVE seq=19 data={'row': 12, 'col': 5}
2026-05-22 14:48:36 [INFO] <- S2C_MOVE_RESULT seq=0 data={'ok': True, 'row': 12, 'col': 5, 'color': 1, 'next_turn': 2, 'winner': 0}
2026-05-22 14:48:36 [INFO] <- S2C_MOVE_RESULT seq=0 data={'ok': True, 'row': 12, 'col': 4, 'color': 2, 'next_turn': 1, 'winner': 0}
2026-05-22 14:48:39 [INFO] -> C2S_MOVE seq=20 data={'row': 13, 'col': 4}
2026-05-22 14:48:39 [INFO] <- S2C_MOVE_RESULT seq=0 data={'ok': True, 'row': 13, 'col': 4, 'color': 1, 'next_turn': 2, 'winner': 0}
2026-05-22 14:48:39 [INFO] <- S2C_MOVE_RESULT seq=0 data={'ok': True, 'row': 11, 'col': 6, 'color': 2, 'next_turn': 1, 'winner': 0}
2026-05-22 14:48:52 [INFO] -> C2S_MOVE seq=21 data={'row': 9, 'col': 4}
2026-05-22 14:48:52 [INFO] <- S2C_MOVE_RESULT seq=0 data={'ok': True, 'row': 9, 'col': 4, 'color': 1, 'next_turn': 2, 'winner': 0}
2026-05-22 14:48:52 [INFO] <- S2C_MOVE_RESULT seq=0 data={'ok': True, 'row': 12, 'col': 3, 'color': 2, 'next_turn': 1, 'winner': 0}
2026-05-22 14:48:57 [INFO] -> C2S_MOVE seq=22 data={'row': 13, 'col': 2}
2026-05-22 14:48:57 [INFO] <- S2C_MOVE_RESULT seq=0 data={'ok': True, 'row': 13, 'col': 2, 'color': 1, 'next_turn': 2, 'winner': 0}
2026-05-22 14:48:57 [INFO] <- S2C_MOVE_RESULT seq=0 data={'ok': True, 'row': 13, 'col': 3, 'color': 2, 'next_turn': 1, 'winner': 0}
2026-05-22 14:49:09 [INFO] -> C2S_MOVE seq=23 data={'row': 9, 'col': 8}
2026-05-22 14:49:09 [INFO] <- S2C_MOVE_RESULT seq=0 data={'ok': True, 'row': 9, 'col': 8, 'color': 1, 'next_turn': 2, 'winner': 0}
2026-05-22 14:49:09 [INFO] <- S2C_MOVE_RESULT seq=0 data={'ok': True, 'row': 7, 'col': 10, 'color': 2, 'next_turn': 1, 'winner': 0}
2026-05-22 14:49:19 [INFO] -> C2S_MOVE seq=24 data={'row': 7, 'col': 9}
2026-05-22 14:49:19 [INFO] <- S2C_MOVE_RESULT seq=0 data={'ok': True, 'row': 7, 'col': 9, 'color': 1, 'next_turn': 2, 'winner': 0}
2026-05-22 14:49:19 [INFO] <- S2C_MOVE_RESULT seq=0 data={'ok': True, 'row': 6, 'col': 9, 'color': 2, 'next_turn': 1, 'winner': 0}
2026-05-22 14:49:23 [INFO] -> C2S_MOVE seq=25 data={'row': 5, 'col': 7}
2026-05-22 14:49:23 [INFO] <- S2C_MOVE_RESULT seq=0 data={'ok': True, 'row': 5, 'col': 7, 'color': 1, 'next_turn': 2, 'winner': 0}
2026-05-22 14:49:23 [INFO] <- S2C_MOVE_RESULT seq=0 data={'ok': True, 'row': 8, 'col': 10, 'color': 2, 'next_turn': 1, 'winner': 0}
2026-05-22 14:49:26 [INFO] -> C2S_MOVE seq=26 data={'row': 4, 'col': 6}
2026-05-22 14:49:26 [INFO] <- S2C_MOVE_RESULT seq=0 data={'ok': True, 'row': 4, 'col': 6, 'color': 1, 'next_turn': 2, 'winner': 0}
2026-05-22 14:49:26 [INFO] <- S2C_MOVE_RESULT seq=0 data={'ok': True, 'row': 3, 'col': 5, 'color': 2, 'next_turn': 1, 'winner': 0}
2026-05-22 14:49:29 [INFO] -> C2S_MOVE seq=27 data={'row': 4, 'col': 5}
2026-05-22 14:49:29 [INFO] <- S2C_MOVE_RESULT seq=0 data={'ok': True, 'row': 4, 'col': 5, 'color': 1, 'next_turn': 2, 'winner': 0}
2026-05-22 14:49:29 [INFO] <- S2C_MOVE_RESULT seq=0 data={'ok': True, 'row': 5, 'col': 10, 'color': 2, 'next_turn': 1, 'winner': 0}
2026-05-22 14:49:33 [INFO] -> C2S_MOVE seq=28 data={'row': 6, 'col': 10}
2026-05-22 14:49:33 [INFO] <- S2C_MOVE_RESULT seq=0 data={'ok': True, 'row': 6, 'col': 10, 'color': 1, 'next_turn': 2, 'winner': 0}
2026-05-22 14:49:33 [INFO] <- S2C_MOVE_RESULT seq=0 data={'ok': True, 'row': 4, 'col': 11, 'color': 2, 'next_turn': 0, 'winner': 2}
2026-05-22 14:49:33 [INFO] <- S2C_ROOM_CLOSED seq=0 data={'reason': '对方五子连珠', 'your_result': 'lose'}
2026-05-22 14:49:33 [INFO] <- S2C_LOBBY_INFO seq=0 data={'online': ['alice', 'lili'], 'online_count': 2, 'queue_size': 0, 'active_rooms': []}
2026-05-22 14:50:02 [INFO] -> C2S_REPLAY_LIST seq=29 data={'limit': 30, 'offset': 0}
2026-05-22 14:50:02 [INFO] <- S2C_REPLAY_LIST seq=29 data={'total': 1, 'items': [{'replay_id': 22, 'players': ['lili', 'AI-Bot#1'], 'winner': 2, 'result': 'normal', 'ended_at': 1779432572, 'move_count': 50}]}
2026-05-22 14:50:08 [INFO] -> C2S_REPLAY_GET seq=30 data={'replay_id': 22}
2026-05-22 14:50:08 [INFO] <- S2C_REPLAY_DATA seq=30 data={'ok': True, 'replay': {'replay_id': 22, 'created_at': 1779432572, 'room_id': 1, 'players': ['lili', 'AI-Bot#1'], 'winner': 2, 'result': 'normal', 'started_at': 1779432426, 'ended_at': 1779432572, 'moves': [{'index': 1, 'row': 7, 'col': 7, 'color': 1, 'ts': 1779432461}, {'index': 2, 'row': 6, 'col': 7, 'color': 2, 'ts': 1779432461}, {'index': 3, 'row': 6, 'col': 8, 'color': 1, 'ts': 1779432462}, {'index': 4, 'row': 8, 'col': 6, 'color': 2, 'ts': 1779432462}, {'index': 5, 'row': 7, 'col': 6, 'color': 1, 'ts': 1779432466}, {'index': 6, 'row': 7, 'col': 8, 'color': 2, 'ts': 1779432466}, {'index': 7, 'row': 8, 'col': 9, 'color': 1, 'ts': 1779432469}, {'index': 8, 'row': 7, 'col': 5, 'color': 2, 'ts': 1779432469}, {'index': 9, 'row': 6, 'col': 4, 'color': 1, 'ts': 1779432473}, {'index': 10, 'row': 8, 'col': 7, 'color': 2, 'ts': 1779432473}, {'index': 11, 'row': 9, 'col': 6, 'color': 1, 'ts': 1779432478}, {'index': 12, 'row': 8, 'col': 5, 'color': 2, 'ts': 1779432478}, {'index': 13, 'row': 8, 'col': 4, 'color': 1, 'ts': 1779432481}, {'index': 14, 'row': 9, 'col': 5, 'color': 2, 'ts': 1779432481}, {'index': 15, 'row': 6, 'col': 5, 'color': 1, 'ts': 1779432484}, {'index': 16, 'row': 10, 'col': 5, 'color': 2, 'ts': 1779432484}, {'index': 17, 'row': 11, 'col': 5, 'color': 1, 'ts': 1779432486}, {'index': 18, 'row': 7, 'col': 4, 'color': 2, 'ts': 1779432486}, {'index': 19, 'row': 7, 'col': 3, 'color': 1, 'ts': 1779432490}, {'index': 20, 'row': 6, 'col': 3, 'color': 2, 'ts': 1779432490}, {'index': 21, 'row': 5, 'col': 2, 'color': 1, 'ts': 1779432492}, {'index': 22, 'row': 5, 'col': 5, 'color': 2, 'ts': 1779432492}, {'index': 23, 'row': 5, 'col': 6, 'color': 1, 'ts': 1779432499}, {'index': 24, 'row': 10, 'col': 4, 'color': 2, 'ts': 1779432499}, {'index': 25, 'row': 11, 'col': 3, 'color': 1, 'ts': 1779432504}, {'index': 26, 'row': 10, 'col': 6, 'color': 2, 'ts': 1779432504}, {'index': 27, 'row': 10, 'col': 7, 'color': 1, 'ts': 1779432508}, {'index': 28, 'row': 10, 'col': 3, 'color': 2, 'ts': 1779432508}, {'index': 29, 'row': 10, 'col': 2, 'color': 1, 'ts': 1779432510}, {'index': 30, 'row': 11, 'col': 4, 'color': 2, 'ts': 1779432510}, {'index': 31, 'row': 12, 'col': 5, 'color': 1, 'ts': 1779432515}, {'index': 32, 'row': 12, 'col': 4, 'color': 2, 'ts': 1779432515}, {'index': 33, 'row': 13, 'col': 4, 'color': 1, 'ts': 1779432518}, {'index': 34, 'row': 11, 'col': 6, 'color': 2, 'ts': 1779432518}, {'index': 35, 'row': 9, 'col': 4, 'color': 1, 'ts': 1779432532}, {'index': 36, 'row': 12, 'col': 3, 'color': 2, 'ts': 1779432532}, {'index': 37, 'row': 13, 'col': 2, 'color': 1, 'ts': 1779432536}, {'index': 38, 'row': 13, 'col': 3, 'color': 2, 'ts': 1779432536}, {'index': 39, 'row': 9, 'col': 8, 'color': 1, 'ts': 1779432549}, {'index': 40, 'row': 7, 'col': 10, 'color': 2, 'ts': 1779432549}, {'index': 41, 'row': 7, 'col': 9, 'color': 1, 'ts': 1779432559}, {'index': 42, 'row': 6, 'col': 9, 'color': 2, 'ts': 1779432559}, {'index': 43, 'row': 5, 'col': 7, 'color': 1, 'ts': 1779432563}, {'index': 44, 'row': 8, 'col': 10, 'color': 2, 'ts': 1779432563}, {'index': 45, 'row': 4, 'col': 6, 'color': 1, 'ts': 1779432566}, {'index': 46, 'row': 3, 'col': 5, 'color': 2, 'ts': 1779432566}, {'index': 47, 'row': 4, 'col': 5, 'color': 1, 'ts': 1779432568}, {'index': 48, 'row': 5, 'col': 10, 'color': 2, 'ts': 1779432568}, {'index': 49, 'row': 6, 'col': 10, 'color': 1, 'ts': 1779432572}, {'index': 50, 'row': 4, 'col': 11, 'color': 2, 'ts': 1779432572}]}}
2026-05-22 14:53:22 [INFO] -> C2S_REPLAY_LIST seq=31 data={'limit': 30, 'offset': 0}
2026-05-22 14:53:22 [INFO] <- S2C_REPLAY_LIST seq=31 data={'total': 1, 'items': [{'replay_id': 22, 'players': ['lili', 'AI-Bot#1'], 'winner': 2, 'result': 'normal', 'ended_at': 1779432572, 'move_count': 50}]}
2026-05-22 14:53:25 [INFO] -> C2S_REPLAY_GET seq=32 data={'replay_id': 22}
2026-05-22 14:53:25 [INFO] <- S2C_REPLAY_DATA seq=32 data={'ok': True, 'replay': {'replay_id': 22, 'created_at': 1779432572, 'room_id': 1, 'players': ['lili', 'AI-Bot#1'], 'winner': 2, 'result': 'normal', 'started_at': 1779432426, 'ended_at': 1779432572, 'moves': [{'index': 1, 'row': 7, 'col': 7, 'color': 1, 'ts': 1779432461}, {'index': 2, 'row': 6, 'col': 7, 'color': 2, 'ts': 1779432461}, {'index': 3, 'row': 6, 'col': 8, 'color': 1, 'ts': 1779432462}, {'index': 4, 'row': 8, 'col': 6, 'color': 2, 'ts': 1779432462}, {'index': 5, 'row': 7, 'col': 6, 'color': 1, 'ts': 1779432466}, {'index': 6, 'row': 7, 'col': 8, 'color': 2, 'ts': 1779432466}, {'index': 7, 'row': 8, 'col': 9, 'color': 1, 'ts': 1779432469}, {'index': 8, 'row': 7, 'col': 5, 'color': 2, 'ts': 1779432469}, {'index': 9, 'row': 6, 'col': 4, 'color': 1, 'ts': 1779432473}, {'index': 10, 'row': 8, 'col': 7, 'color': 2, 'ts': 1779432473}, {'index': 11, 'row': 9, 'col': 6, 'color': 1, 'ts': 1779432478}, {'index': 12, 'row': 8, 'col': 5, 'color': 2, 'ts': 1779432478}, {'index': 13, 'row': 8, 'col': 4, 'color': 1, 'ts': 1779432481}, {'index': 14, 'row': 9, 'col': 5, 'color': 2, 'ts': 1779432481}, {'index': 15, 'row': 6, 'col': 5, 'color': 1, 'ts': 1779432484}, {'index': 16, 'row': 10, 'col': 5, 'color': 2, 'ts': 1779432484}, {'index': 17, 'row': 11, 'col': 5, 'color': 1, 'ts': 1779432486}, {'index': 18, 'row': 7, 'col': 4, 'color': 2, 'ts': 1779432486}, {'index': 19, 'row': 7, 'col': 3, 'color': 1, 'ts': 1779432490}, {'index': 20, 'row': 6, 'col': 3, 'color': 2, 'ts': 1779432490}, {'index': 21, 'row': 5, 'col': 2, 'color': 1, 'ts': 1779432492}, {'index': 22, 'row': 5, 'col': 5, 'color': 2, 'ts': 1779432492}, {'index': 23, 'row': 5, 'col': 6, 'color': 1, 'ts': 1779432499}, {'index': 24, 'row': 10, 'col': 4, 'color': 2, 'ts': 1779432499}, {'index': 25, 'row': 11, 'col': 3, 'color': 1, 'ts': 1779432504}, {'index': 26, 'row': 10, 'col': 6, 'color': 2, 'ts': 1779432504}, {'index': 27, 'row': 10, 'col': 7, 'color': 1, 'ts': 1779432508}, {'index': 28, 'row': 10, 'col': 3, 'color': 2, 'ts': 1779432508}, {'index': 29, 'row': 10, 'col': 2, 'color': 1, 'ts': 1779432510}, {'index': 30, 'row': 11, 'col': 4, 'color': 2, 'ts': 1779432510}, {'index': 31, 'row': 12, 'col': 5, 'color': 1, 'ts': 1779432515}, {'index': 32, 'row': 12, 'col': 4, 'color': 2, 'ts': 1779432515}, {'index': 33, 'row': 13, 'col': 4, 'color': 1, 'ts': 1779432518}, {'index': 34, 'row': 11, 'col': 6, 'color': 2, 'ts': 1779432518}, {'index': 35, 'row': 9, 'col': 4, 'color': 1, 'ts': 1779432532}, {'index': 36, 'row': 12, 'col': 3, 'color': 2, 'ts': 1779432532}, {'index': 37, 'row': 13, 'col': 2, 'color': 1, 'ts': 1779432536}, {'index': 38, 'row': 13, 'col': 3, 'color': 2, 'ts': 1779432536}, {'index': 39, 'row': 9, 'col': 8, 'color': 1, 'ts': 1779432549}, {'index': 40, 'row': 7, 'col': 10, 'color': 2, 'ts': 1779432549}, {'index': 41, 'row': 7, 'col': 9, 'color': 1, 'ts': 1779432559}, {'index': 42, 'row': 6, 'col': 9, 'color': 2, 'ts': 1779432559}, {'index': 43, 'row': 5, 'col': 7, 'color': 1, 'ts': 1779432563}, {'index': 44, 'row': 8, 'col': 10, 'color': 2, 'ts': 1779432563}, {'index': 45, 'row': 4, 'col': 6, 'color': 1, 'ts': 1779432566}, {'index': 46, 'row': 3, 'col': 5, 'color': 2, 'ts': 1779432566}, {'index': 47, 'row': 4, 'col': 5, 'color': 1, 'ts': 1779432568}, {'index': 48, 'row': 5, 'col': 10, 'color': 2, 'ts': 1779432568}, {'index': 49, 'row': 6, 'col': 10, 'color': 1, 'ts': 1779432572}, {'index': 50, 'row': 4, 'col': 11, 'color': 2, 'ts': 1779432572}]}}
2026-05-22 14:56:54 [INFO] -> C2S_LOGOUT seq=33 data={}
2026-05-22 14:56:54 [INFO] connection closed
