2026-05-26 11:57:17 [INFO] -> C2S_RANK_LIST seq=4 data={'limit': 10}
2026-05-26 11:57:17 [INFO] <- S2C_RANK_LIST seq=4 data={'items': [{'rank': 1, 'username': 'ali', 'score': 1030, 'total': 1, 'win': 1}, {'rank': 2, 'username': 'aaa', 'score': 1000, 'total': 0, 'win': 0}, {'rank': 3, 'username': 'alice', 'score': 1000, 'total': 0, 'win': 0}, {'rank': 4, 'username': 'bob', 'score': 1000, 'total': 0, 'win': 0}, {'rank': 5, 'username': 'ccc', 'score': 1000, 'total': 0, 'win': 0}, {'rank': 6, 'username': 'bbb', 'score': 940, 'total': 2, 'win': 0}]}
2026-05-26 11:57:32 [INFO] <- S2C_LOBBY_INFO seq=0 data={'online': ['alice', 'bob'], 'online_count': 2, 'queue_size': 0, 'active_rooms': []}
2026-05-26 11:57:34 [INFO] <- S2C_LOBBY_INFO seq=0 data={'online': ['alice', 'bob'], 'online_count': 2, 'queue_size': 1, 'active_rooms': []}
2026-05-26 11:57:45 [INFO] -> C2S_MATCH_START seq=5 data={}
2026-05-26 11:57:45 [INFO] <- S2C_MATCH_OK seq=0 data={'room_id': 1, 'board_size': 15, 'you': 'alice', 'opponent': {'username': 'bob', 'score': 1000}, 'your_color': 1, 'turn_color': 1}
2026-05-26 11:57:50 [INFO] -> C2S_MOVE seq=6 data={'row': 7, 'col': 7}
2026-05-26 11:57:50 [INFO] <- S2C_MOVE_RESULT seq=0 data={'ok': True, 'row': 7, 'col': 7, 'color': 1, 'next_turn': 2, 'winner': 0}
2026-05-26 11:57:51 [INFO] <- S2C_MOVE_RESULT seq=0 data={'ok': True, 'row': 6, 'col': 8, 'color': 2, 'next_turn': 1, 'winner': 0}
2026-05-26 11:57:53 [INFO] -> C2S_MOVE seq=7 data={'row': 9, 'col': 11}
2026-05-26 11:57:53 [INFO] <- S2C_MOVE_RESULT seq=0 data={'ok': True, 'row': 9, 'col': 11, 'color': 1, 'next_turn': 2, 'winner': 0}
2026-05-26 11:58:04 [INFO] <- S2C_CHAT_BCAST seq=0 data={'from': 'bob', 'text': '到我了'}
2026-05-26 11:58:10 [INFO] -> C2S_CHAT seq=8 data={'text': '你来'}
2026-05-26 11:58:10 [INFO] <- S2C_CHAT_BCAST seq=0 data={'from': 'alice', 'text': '你来'}
2026-05-26 11:58:15 [INFO] <- S2C_MOVE_RESULT seq=0 data={'ok': True, 'row': 8, 'col': 9, 'color': 2, 'next_turn': 1, 'winner': 0}
2026-05-26 11:58:17 [INFO] -> C2S_MOVE seq=9 data={'row': 8, 'col': 12}
2026-05-26 11:58:17 [INFO] <- S2C_MOVE_RESULT seq=0 data={'ok': True, 'row': 8, 'col': 12, 'color': 1, 'next_turn': 2, 'winner': 0}
2026-05-26 11:58:27 [INFO] -> C2S_CHAT seq=10 data={'text': '我不想下了，先走了'}
2026-05-26 11:58:27 [INFO] <- S2C_CHAT_BCAST seq=0 data={'from': 'alice', 'text': '我不想下了，先走了'}
2026-05-26 11:58:31 [INFO] <- S2C_CHAT_BCAST seq=0 data={'from': 'bob', 'text': '好'}
2026-05-26 11:58:35 [INFO] -> C2S_LEAVE_ROOM seq=11 data={}
2026-05-26 11:58:35 [INFO] <- S2C_ROOM_CLOSED seq=0 data={'reason': '你已离开房间', 'your_result': 'lose'}
2026-05-26 11:58:35 [INFO] <- S2C_LOBBY_INFO seq=0 data={'online': ['alice', 'bob'], 'online_count': 2, 'queue_size': 0, 'active_rooms': []}
2026-05-26 11:58:45 [INFO] -> C2S_AI_MATCH_START seq=12 data={}
2026-05-26 11:58:45 [INFO] <- S2C_MATCH_OK seq=12 data={'room_id': 2, 'board_size': 15, 'you': 'alice', 'opponent': {'username': 'AI-Bot#1', 'score': 0}, 'your_color': 1, 'turn_color': 1}
2026-05-26 11:58:45 [INFO] <- S2C_CHAT_BCAST seq=0 data={'from': 'system', 'text': 'AI 对战开始，玩家执黑先行。'}
2026-05-26 11:58:47 [INFO] -> C2S_MOVE seq=13 data={'row': 7, 'col': 7}
2026-05-26 11:58:47 [INFO] <- S2C_MOVE_RESULT seq=0 data={'ok': True, 'row': 7, 'col': 7, 'color': 1, 'next_turn': 2, 'winner': 0}
2026-05-26 11:58:47 [INFO] <- S2C_MOVE_RESULT seq=0 data={'ok': True, 'row': 6, 'col': 7, 'color': 2, 'next_turn': 1, 'winner': 0}
2026-05-26 11:58:48 [INFO] -> C2S_MOVE seq=14 data={'row': 6, 'col': 8}
2026-05-26 11:58:48 [INFO] <- S2C_MOVE_RESULT seq=0 data={'ok': True, 'row': 6, 'col': 8, 'color': 1, 'next_turn': 2, 'winner': 0}
2026-05-26 11:58:48 [INFO] <- S2C_MOVE_RESULT seq=0 data={'ok': True, 'row': 8, 'col': 6, 'color': 2, 'next_turn': 1, 'winner': 0}
2026-05-26 11:58:49 [INFO] -> C2S_MOVE seq=15 data={'row': 8, 'col': 8}
2026-05-26 11:58:49 [INFO] <- S2C_MOVE_RESULT seq=0 data={'ok': True, 'row': 8, 'col': 8, 'color': 1, 'next_turn': 2, 'winner': 0}
2026-05-26 11:58:49 [INFO] <- S2C_MOVE_RESULT seq=0 data={'ok': True, 'row': 7, 'col': 8, 'color': 2, 'next_turn': 1, 'winner': 0}
2026-05-26 11:58:50 [INFO] -> C2S_MOVE seq=16 data={'row': 9, 'col': 8}
2026-05-26 11:58:50 [INFO] <- S2C_MOVE_RESULT seq=0 data={'ok': True, 'row': 9, 'col': 8, 'color': 1, 'next_turn': 2, 'winner': 0}
2026-05-26 11:58:50 [INFO] <- S2C_MOVE_RESULT seq=0 data={'ok': True, 'row': 8, 'col': 9, 'color': 2, 'next_turn': 1, 'winner': 0}
2026-05-26 11:58:51 [INFO] -> C2S_MOVE seq=17 data={'row': 9, 'col': 9}
2026-05-26 11:58:51 [INFO] <- S2C_MOVE_RESULT seq=0 data={'ok': True, 'row': 9, 'col': 9, 'color': 1, 'next_turn': 2, 'winner': 0}
2026-05-26 11:58:51 [INFO] <- S2C_MOVE_RESULT seq=0 data={'ok': True, 'row': 9, 'col': 10, 'color': 2, 'next_turn': 1, 'winner': 0}
2026-05-26 11:58:52 [INFO] -> C2S_MOVE seq=18 data={'row': 10, 'col': 10}
2026-05-26 11:58:52 [INFO] <- S2C_MOVE_RESULT seq=0 data={'ok': True, 'row': 10, 'col': 10, 'color': 1, 'next_turn': 2, 'winner': 0}
2026-05-26 11:58:52 [INFO] <- S2C_MOVE_RESULT seq=0 data={'ok': True, 'row': 5, 'col': 6, 'color': 2, 'next_turn': 0, 'winner': 2}
2026-05-26 11:58:52 [INFO] <- S2C_ROOM_CLOSED seq=0 data={'reason': '对方五子连珠', 'your_result': 'lose'}
2026-05-26 11:58:52 [INFO] <- S2C_LOBBY_INFO seq=0 data={'online': ['alice', 'bob'], 'online_count': 2, 'queue_size': 0, 'active_rooms': []}
2026-05-26 11:58:56 [INFO] -> C2S_LOGOUT seq=19 data={}
2026-05-26 11:58:56 [INFO] recv disconnected: peer closed during recv
2026-05-26 11:58:56 [INFO] connection closed
2026-05-27 14:41:49 [INFO] -> C2S_LOGOUT seq=2 data={}
2026-05-27 14:41:49 [INFO] recv disconnected: peer closed during recv
2026-05-27 14:41:49 [INFO] connection closed
2026-05-27 14:45:28 [INFO] -> C2S_AI_MATCH_START seq=2 data={}
2026-05-27 14:45:28 [INFO] <- S2C_MATCH_OK seq=2 data={'room_id': 1, 'board_size': 15, 'you': 'alice', 'opponent': {'username': 'AI-Bot#1', 'score': 0}, 'your_color': 1, 'turn_color': 1}
2026-05-27 14:45:28 [INFO] <- S2C_CHAT_BCAST seq=0 data={'from': 'system', 'text': 'AI 对战开始，玩家执黑先行。'}
2026-05-27 14:45:30 [INFO] -> C2S_MOVE seq=3 data={'row': 7, 'col': 7}
2026-05-27 14:45:30 [INFO] <- S2C_MOVE_RESULT seq=0 data={'ok': True, 'row': 7, 'col': 7, 'color': 1, 'next_turn': 2, 'winner': 0}
2026-05-27 14:45:30 [INFO] <- S2C_MOVE_RESULT seq=0 data={'ok': True, 'row': 6, 'col': 7, 'color': 2, 'next_turn': 1, 'winner': 0}
2026-05-27 14:45:31 [INFO] -> C2S_MOVE seq=4 data={'row': 8, 'col': 8}
2026-05-27 14:45:31 [INFO] <- S2C_MOVE_RESULT seq=0 data={'ok': True, 'row': 8, 'col': 8, 'color': 1, 'next_turn': 2, 'winner': 0}
2026-05-27 14:45:31 [INFO] <- S2C_MOVE_RESULT seq=0 data={'ok': True, 'row': 6, 'col': 6, 'color': 2, 'next_turn': 1, 'winner': 0}
2026-05-27 14:45:33 [INFO] -> C2S_MOVE seq=5 data={'row': 6, 'col': 5}
2026-05-27 14:45:33 [INFO] <- S2C_MOVE_RESULT seq=0 data={'ok': True, 'row': 6, 'col': 5, 'color': 1, 'next_turn': 2, 'winner': 0}
2026-05-27 14:45:33 [INFO] <- S2C_MOVE_RESULT seq=0 data={'ok': True, 'row': 7, 'col': 6, 'color': 2, 'next_turn': 1, 'winner': 0}
2026-05-27 14:45:35 [INFO] -> C2S_MOVE seq=6 data={'row': 8, 'col': 6}
2026-05-27 14:45:35 [INFO] <- S2C_MOVE_RESULT seq=0 data={'ok': True, 'row': 8, 'col': 6, 'color': 1, 'next_turn': 2, 'winner': 0}
2026-05-27 14:45:35 [INFO] <- S2C_MOVE_RESULT seq=0 data={'ok': True, 'row': 6, 'col': 8, 'color': 2, 'next_turn': 1, 'winner': 0}
2026-05-27 14:45:36 [INFO] -> C2S_MOVE seq=7 data={'row': 6, 'col': 9}
2026-05-27 14:45:36 [INFO] <- S2C_MOVE_RESULT seq=0 data={'ok': True, 'row': 6, 'col': 9, 'color': 1, 'next_turn': 2, 'winner': 0}
2026-05-27 14:45:36 [INFO] <- S2C_MOVE_RESULT seq=0 data={'ok': True, 'row': 5, 'col': 8, 'color': 2, 'next_turn': 1, 'winner': 0}
2026-05-27 14:45:38 [INFO] -> C2S_MOVE seq=8 data={'row': 4, 'col': 9}
2026-05-27 14:45:38 [INFO] <- S2C_MOVE_RESULT seq=0 data={'ok': True, 'row': 4, 'col': 9, 'color': 1, 'next_turn': 2, 'winner': 0}
2026-05-27 14:45:38 [INFO] <- S2C_MOVE_RESULT seq=0 data={'ok': True, 'row': 8, 'col': 5, 'color': 2, 'next_turn': 1, 'winner': 0}
2026-05-27 14:45:39 [INFO] -> C2S_MOVE seq=9 data={'row': 9, 'col': 4}
2026-05-27 14:45:39 [INFO] <- S2C_MOVE_RESULT seq=0 data={'ok': True, 'row': 9, 'col': 4, 'color': 1, 'next_turn': 2, 'winner': 0}
2026-05-27 14:45:39 [INFO] <- S2C_MOVE_RESULT seq=0 data={'ok': True, 'row': 4, 'col': 8, 'color': 2, 'next_turn': 1, 'winner': 0}
2026-05-27 14:45:48 [INFO] -> C2S_MOVE seq=10 data={'row': 5, 'col': 7}
2026-05-27 14:45:48 [INFO] <- S2C_MOVE_RESULT seq=0 data={'ok': True, 'row': 5, 'col': 7, 'color': 1, 'next_turn': 2, 'winner': 0}
2026-05-27 14:45:48 [INFO] <- S2C_MOVE_RESULT seq=0 data={'ok': True, 'row': 3, 'col': 8, 'color': 2, 'next_turn': 1, 'winner': 0}
2026-05-27 14:45:58 [INFO] -> C2S_MOVE seq=11 data={'row': 7, 'col': 8}
2026-05-27 14:45:58 [INFO] <- S2C_MOVE_RESULT seq=0 data={'ok': True, 'row': 7, 'col': 8, 'color': 1, 'next_turn': 2, 'winner': 0}
2026-05-27 14:45:58 [INFO] <- S2C_MOVE_RESULT seq=0 data={'ok': True, 'row': 2, 'col': 8, 'color': 2, 'next_turn': 0, 'winner': 2}
2026-05-27 14:45:58 [INFO] <- S2C_ROOM_CLOSED seq=0 data={'reason': '对方五子连珠', 'your_result': 'lose'}
2026-05-27 14:45:58 [INFO] <- S2C_LOBBY_INFO seq=0 data={'online': ['alice'], 'online_count': 1, 'queue_size': 0, 'active_rooms': []}
2026-05-27 14:46:03 [INFO] -> C2S_REPLAY_LIST seq=12 data={'limit': 30, 'offset': 0}
2026-05-27 14:46:03 [INFO] <- S2C_REPLAY_LIST seq=12 data={'total': 3, 'items': [{'replay_id': 5, 'players': ['alice', 'AI-Bot#1'], 'winner': 2, 'result': 'normal', 'ended_at': 1779864358, 'move_count': 18}, {'replay_id': 4, 'players': ['alice', 'AI-Bot#1'], 'winner': 2, 'result': 'normal', 'ended_at': 1779767932, 'move_count': 12}, {'replay_id': 3, 'players': ['alice', 'bob'], 'winner': 2, 'result': 'abort', 'ended_at': 1779767915, 'move_count': 5}]}
2026-05-27 14:46:05 [INFO] -> C2S_REPLAY_GET seq=13 data={'replay_id': 5}
2026-05-27 14:46:05 [INFO] <- S2C_REPLAY_DATA seq=13 data={'ok': True, 'replay': {'replay_id': 5, 'created_at': 1779864358, 'room_id': 1, 'players': ['alice', 'AI-Bot#1'], 'winner': 2, 'result': 'normal', 'started_at': 1779864328, 'ended_at': 1779864358, 'moves': [{'index': 1, 'row': 7, 'col': 7, 'color': 1, 'ts': 1779864330}, {'index': 2, 'row': 6, 'col': 7, 'color': 2, 'ts': 1779864330}, {'index': 3, 'row': 8, 'col': 8, 'color': 1, 'ts': 1779864331}, {'index': 4, 'row': 6, 'col': 6, 'color': 2, 'ts': 1779864331}, {'index': 5, 'row': 6, 'col': 5, 'color': 1, 'ts': 1779864333}, {'index': 6, 'row': 7, 'col': 6, 'color': 2, 'ts': 1779864333}, {'index': 7, 'row': 8, 'col': 6, 'color': 1, 'ts': 1779864335}, {'index': 8, 'row': 6, 'col': 8, 'color': 2, 'ts': 1779864335}, {'index': 9, 'row': 6, 'col': 9, 'color': 1, 'ts': 1779864336}, {'index': 10, 'row': 5, 'col': 8, 'color': 2, 'ts': 1779864336}, {'index': 11, 'row': 4, 'col': 9, 'color': 1, 'ts': 1779864338}, {'index': 12, 'row': 8, 'col': 5, 'color': 2, 'ts': 1779864338}, {'index': 13, 'row': 9, 'col': 4, 'color': 1, 'ts': 1779864339}, {'index': 14, 'row': 4, 'col': 8, 'color': 2, 'ts': 1779864339}, {'index': 15, 'row': 5, 'col': 7, 'color': 1, 'ts': 1779864348}, {'index': 16, 'row': 3, 'col': 8, 'color': 2, 'ts': 1779864348}, {'index': 17, 'row': 7, 'col': 8, 'color': 1, 'ts': 1779864358}, {'index': 18, 'row': 2, 'col': 8, 'color': 2, 'ts': 1779864358}]}}
2026-05-27 14:46:23 [INFO] -> C2S_AI_MATCH_START seq=14 data={}
2026-05-27 14:46:23 [INFO] <- S2C_MATCH_OK seq=14 data={'room_id': 2, 'board_size': 15, 'you': 'alice', 'opponent': {'username': 'AI-Bot#2', 'score': 0}, 'your_color': 1, 'turn_color': 1}
2026-05-27 14:46:23 [INFO] <- S2C_CHAT_BCAST seq=0 data={'from': 'system', 'text': 'AI 对战开始，玩家执黑先行。'}
2026-05-27 14:46:37 [INFO] -> C2S_MOVE seq=15 data={'row': 7, 'col': 7}
2026-05-27 14:46:37 [INFO] <- S2C_MOVE_RESULT seq=0 data={'ok': True, 'row': 7, 'col': 7, 'color': 1, 'next_turn': 2, 'winner': 0}
2026-05-27 14:46:37 [INFO] <- S2C_MOVE_RESULT seq=0 data={'ok': True, 'row': 6, 'col': 7, 'color': 2, 'next_turn': 1, 'winner': 0}
2026-05-27 14:46:48 [INFO] -> C2S_MOVE seq=16 data={'row': 8, 'col': 6}
2026-05-27 14:46:48 [INFO] <- S2C_MOVE_RESULT seq=0 data={'ok': True, 'row': 8, 'col': 6, 'color': 1, 'next_turn': 2, 'winner': 0}
2026-05-27 14:46:48 [INFO] <- S2C_MOVE_RESULT seq=0 data={'ok': True, 'row': 6, 'col': 8, 'color': 2, 'next_turn': 1, 'winner': 0}
2026-05-27 14:46:51 [INFO] -> C2S_MOVE seq=17 data={'row': 6, 'col': 6}
2026-05-27 14:46:51 [INFO] <- S2C_MOVE_RESULT seq=0 data={'ok': True, 'row': 6, 'col': 6, 'color': 1, 'next_turn': 2, 'winner': 0}
2026-05-27 14:46:51 [INFO] <- S2C_MOVE_RESULT seq=0 data={'ok': True, 'row': 7, 'col': 6, 'color': 2, 'next_turn': 1, 'winner': 0}
2026-05-27 14:46:52 [INFO] -> C2S_MOVE seq=18 data={'row': 5, 'col': 8}
2026-05-27 14:46:52 [INFO] <- S2C_MOVE_RESULT seq=0 data={'ok': True, 'row': 5, 'col': 8, 'color': 1, 'next_turn': 2, 'winner': 0}
2026-05-27 14:46:52 [INFO] <- S2C_MOVE_RESULT seq=0 data={'ok': True, 'row': 8, 'col': 8, 'color': 2, 'next_turn': 1, 'winner': 0}
2026-05-27 14:46:58 [INFO] -> C2S_MOVE seq=19 data={'row': 7, 'col': 8}
2026-05-27 14:46:58 [INFO] <- S2C_MOVE_RESULT seq=0 data={'ok': True, 'row': 7, 'col': 8, 'color': 1, 'next_turn': 2, 'winner': 0}
2026-05-27 14:46:58 [INFO] <- S2C_MOVE_RESULT seq=0 data={'ok': True, 'row': 6, 'col': 9, 'color': 2, 'next_turn': 1, 'winner': 0}
2026-05-27 14:47:00 [INFO] -> C2S_MOVE seq=20 data={'row': 6, 'col': 10}
2026-05-27 14:47:00 [INFO] <- S2C_MOVE_RESULT seq=0 data={'ok': True, 'row': 6, 'col': 10, 'color': 1, 'next_turn': 2, 'winner': 0}
2026-05-27 14:47:00 [INFO] <- S2C_MOVE_RESULT seq=0 data={'ok': True, 'row': 7, 'col': 9, 'color': 2, 'next_turn': 1, 'winner': 0}
2026-05-27 14:47:02 [INFO] -> C2S_MOVE seq=21 data={'row': 5, 'col': 7}
2026-05-27 14:47:02 [INFO] <- S2C_MOVE_RESULT seq=0 data={'ok': True, 'row': 5, 'col': 7, 'color': 1, 'next_turn': 2, 'winner': 0}
2026-05-27 14:47:02 [INFO] <- S2C_MOVE_RESULT seq=0 data={'ok': True, 'row': 5, 'col': 9, 'color': 2, 'next_turn': 1, 'winner': 0}
2026-05-27 14:47:05 [INFO] -> C2S_MOVE seq=22 data={'row': 4, 'col': 9}
2026-05-27 14:47:05 [INFO] <- S2C_MOVE_RESULT seq=0 data={'ok': True, 'row': 4, 'col': 9, 'color': 1, 'next_turn': 2, 'winner': 0}
2026-05-27 14:47:05 [INFO] <- S2C_MOVE_RESULT seq=0 data={'ok': True, 'row': 8, 'col': 9, 'color': 2, 'next_turn': 1, 'winner': 0}
2026-05-27 14:47:07 [INFO] -> C2S_MOVE seq=23 data={'row': 9, 'col': 9}
2026-05-27 14:47:07 [INFO] <- S2C_MOVE_RESULT seq=0 data={'ok': True, 'row': 9, 'col': 9, 'color': 1, 'next_turn': 2, 'winner': 0}
2026-05-27 14:47:07 [INFO] <- S2C_MOVE_RESULT seq=0 data={'ok': True, 'row': 8, 'col': 10, 'color': 2, 'next_turn': 1, 'winner': 0}
2026-05-27 14:47:14 [INFO] -> C2S_MOVE seq=24 data={'row': 8, 'col': 11}
2026-05-27 14:47:14 [INFO] <- S2C_MOVE_RESULT seq=0 data={'ok': True, 'row': 8, 'col': 11, 'color': 1, 'next_turn': 2, 'winner': 0}
2026-05-27 14:47:14 [INFO] <- S2C_MOVE_RESULT seq=0 data={'ok': True, 'row': 9, 'col': 11, 'color': 2, 'next_turn': 1, 'winner': 0}
2026-05-27 14:47:16 [INFO] -> C2S_MOVE seq=25 data={'row': 10, 'col': 12}
2026-05-27 14:47:16 [INFO] <- S2C_MOVE_RESULT seq=0 data={'ok': True, 'row': 10, 'col': 12, 'color': 1, 'next_turn': 2, 'winner': 0}
2026-05-27 14:47:16 [INFO] <- S2C_MOVE_RESULT seq=0 data={'ok': True, 'row': 4, 'col': 8, 'color': 2, 'next_turn': 1, 'winner': 0}
2026-05-27 14:47:36 [INFO] -> C2S_MOVE seq=26 data={'row': 7, 'col': 5}
2026-05-27 14:47:36 [INFO] <- S2C_MOVE_RESULT seq=0 data={'ok': True, 'row': 7, 'col': 5, 'color': 1, 'next_turn': 2, 'winner': 0}
2026-05-27 14:47:36 [INFO] <- S2C_MOVE_RESULT seq=0 data={'ok': True, 'row': 8, 'col': 4, 'color': 2, 'next_turn': 1, 'winner': 0}
2026-05-27 14:47:38 [INFO] -> C2S_MOVE seq=27 data={'row': 9, 'col': 7}
2026-05-27 14:47:38 [INFO] <- S2C_MOVE_RESULT seq=0 data={'ok': True, 'row': 9, 'col': 7, 'color': 1, 'next_turn': 2, 'winner': 0}
2026-05-27 14:47:38 [INFO] <- S2C_MOVE_RESULT seq=0 data={'ok': True, 'row': 10, 'col': 8, 'color': 2, 'next_turn': 1, 'winner': 0}
2026-05-27 14:47:41 [INFO] -> C2S_MOVE seq=28 data={'row': 6, 'col': 4}
2026-05-27 14:47:41 [INFO] <- S2C_MOVE_RESULT seq=0 data={'ok': True, 'row': 6, 'col': 4, 'color': 1, 'next_turn': 2, 'winner': 0}
2026-05-27 14:47:41 [INFO] <- S2C_MOVE_RESULT seq=0 data={'ok': True, 'row': 5, 'col': 3, 'color': 2, 'next_turn': 1, 'winner': 0}
2026-05-27 14:47:53 [INFO] -> C2S_MOVE seq=29 data={'row': 9, 'col': 8}
2026-05-27 14:47:53 [INFO] <- S2C_MOVE_RESULT seq=0 data={'ok': True, 'row': 9, 'col': 8, 'color': 1, 'next_turn': 2, 'winner': 0}
2026-05-27 14:47:53 [INFO] <- S2C_MOVE_RESULT seq=0 data={'ok': True, 'row': 9, 'col': 6, 'color': 2, 'next_turn': 1, 'winner': 0}
2026-05-27 14:48:38 [INFO] -> C2S_MOVE seq=30 data={'row': 9, 'col': 5}
2026-05-27 14:48:38 [INFO] <- S2C_MOVE_RESULT seq=0 data={'ok': True, 'row': 9, 'col': 5, 'color': 1, 'next_turn': 2, 'winner': 0}
2026-05-27 14:48:38 [INFO] <- S2C_MOVE_RESULT seq=0 data={'ok': True, 'row': 10, 'col': 4, 'color': 2, 'next_turn': 1, 'winner': 0}
2026-05-27 14:48:57 [INFO] -> C2S_MOVE seq=31 data={'row': 10, 'col': 7}
2026-05-27 14:48:57 [INFO] <- S2C_MOVE_RESULT seq=0 data={'ok': True, 'row': 10, 'col': 7, 'color': 1, 'next_turn': 2, 'winner': 0}
2026-05-27 14:48:57 [INFO] <- S2C_MOVE_RESULT seq=0 data={'ok': True, 'row': 8, 'col': 7, 'color': 2, 'next_turn': 1, 'winner': 0}
2026-05-27 14:49:28 [INFO] -> C2S_MOVE seq=32 data={'row': 10, 'col': 5}
2026-05-27 14:49:28 [INFO] <- S2C_MOVE_RESULT seq=0 data={'ok': True, 'row': 10, 'col': 5, 'color': 1, 'next_turn': 2, 'winner': 0}
2026-05-27 14:49:28 [INFO] <- S2C_MOVE_RESULT seq=0 data={'ok': True, 'row': 8, 'col': 5, 'color': 2, 'next_turn': 1, 'winner': 0}
2026-05-27 14:49:40 [INFO] -> C2S_MOVE seq=33 data={'row': 5, 'col': 5}
2026-05-27 14:49:40 [INFO] <- S2C_MOVE_RESULT seq=0 data={'ok': True, 'row': 5, 'col': 5, 'color': 1, 'next_turn': 2, 'winner': 0}
2026-05-27 14:49:40 [INFO] <- S2C_MOVE_RESULT seq=0 data={'ok': True, 'row': 9, 'col': 4, 'color': 2, 'next_turn': 1, 'winner': 0}
2026-05-27 14:50:13 [INFO] -> C2S_LEAVE_ROOM seq=34 data={}
2026-05-27 14:50:13 [INFO] <- S2C_ROOM_CLOSED seq=0 data={'reason': '你已离开房间', 'your_result': 'lose'}
2026-05-27 14:50:13 [INFO] <- S2C_LOBBY_INFO seq=0 data={'online': ['alice'], 'online_count': 1, 'queue_size': 0, 'active_rooms': []}
2026-05-27 14:50:18 [INFO] -> C2S_AI_MATCH_START seq=35 data={}
2026-05-27 14:50:18 [INFO] <- S2C_MATCH_OK seq=35 data={'room_id': 3, 'board_size': 15, 'you': 'alice', 'opponent': {'username': 'AI-Bot#3', 'score': 0}, 'your_color': 1, 'turn_color': 1}
2026-05-27 14:50:18 [INFO] <- S2C_CHAT_BCAST seq=0 data={'from': 'system', 'text': 'AI 对战开始，玩家执黑先行。'}
2026-05-27 14:50:21 [INFO] -> C2S_MOVE seq=36 data={'row': 7, 'col': 7}
2026-05-27 14:50:21 [INFO] <- S2C_MOVE_RESULT seq=0 data={'ok': True, 'row': 7, 'col': 7, 'color': 1, 'next_turn': 2, 'winner': 0}
2026-05-27 14:50:21 [INFO] <- S2C_MOVE_RESULT seq=0 data={'ok': True, 'row': 6, 'col': 7, 'color': 2, 'next_turn': 1, 'winner': 0}
2026-05-27 14:50:25 [INFO] -> C2S_MOVE seq=37 data={'row': 8, 'col': 6}
2026-05-27 14:50:25 [INFO] <- S2C_MOVE_RESULT seq=0 data={'ok': True, 'row': 8, 'col': 6, 'color': 1, 'next_turn': 2, 'winner': 0}
2026-05-27 14:50:25 [INFO] <- S2C_MOVE_RESULT seq=0 data={'ok': True, 'row': 6, 'col': 8, 'color': 2, 'next_turn': 1, 'winner': 0}
2026-05-27 14:50:27 [INFO] -> C2S_MOVE seq=38 data={'row': 6, 'col': 6}
2026-05-27 14:50:27 [INFO] <- S2C_MOVE_RESULT seq=0 data={'ok': True, 'row': 6, 'col': 6, 'color': 1, 'next_turn': 2, 'winner': 0}
2026-05-27 14:50:27 [INFO] <- S2C_MOVE_RESULT seq=0 data={'ok': True, 'row': 7, 'col': 6, 'color': 2, 'next_turn': 1, 'winner': 0}
2026-05-27 14:50:29 [INFO] -> C2S_MOVE seq=39 data={'row': 5, 'col': 8}
2026-05-27 14:50:29 [INFO] <- S2C_MOVE_RESULT seq=0 data={'ok': True, 'row': 5, 'col': 8, 'color': 1, 'next_turn': 2, 'winner': 0}
2026-05-27 14:50:29 [INFO] <- S2C_MOVE_RESULT seq=0 data={'ok': True, 'row': 8, 'col': 8, 'color': 2, 'next_turn': 1, 'winner': 0}
2026-05-27 14:50:30 [INFO] -> C2S_MOVE seq=40 data={'row': 8, 'col': 7}
2026-05-27 14:50:30 [INFO] <- S2C_MOVE_RESULT seq=0 data={'ok': True, 'row': 8, 'col': 7, 'color': 1, 'next_turn': 2, 'winner': 0}
2026-05-27 14:50:30 [INFO] <- S2C_MOVE_RESULT seq=0 data={'ok': True, 'row': 8, 'col': 5, 'color': 2, 'next_turn': 1, 'winner': 0}
2026-05-27 14:50:32 [INFO] -> C2S_MOVE seq=41 data={'row': 9, 'col': 4}
2026-05-27 14:50:32 [INFO] <- S2C_MOVE_RESULT seq=0 data={'ok': True, 'row': 9, 'col': 4, 'color': 1, 'next_turn': 2, 'winner': 0}
2026-05-27 14:50:32 [INFO] <- S2C_MOVE_RESULT seq=0 data={'ok': True, 'row': 7, 'col': 8, 'color': 2, 'next_turn': 1, 'winner': 0}
2026-05-27 14:50:34 [INFO] -> C2S_MOVE seq=42 data={'row': 9, 'col': 8}
2026-05-27 14:50:34 [INFO] <- S2C_MOVE_RESULT seq=0 data={'ok': True, 'row': 9, 'col': 8, 'color': 1, 'next_turn': 2, 'winner': 0}
2026-05-27 14:50:34 [INFO] <- S2C_MOVE_RESULT seq=0 data={'ok': True, 'row': 8, 'col': 9, 'color': 2, 'next_turn': 1, 'winner': 0}
2026-05-27 14:50:37 [INFO] -> C2S_MOVE seq=43 data={'row': 5, 'col': 6}
2026-05-27 14:50:37 [INFO] <- S2C_MOVE_RESULT seq=0 data={'ok': True, 'row': 5, 'col': 6, 'color': 1, 'next_turn': 2, 'winner': 0}
2026-05-27 14:50:37 [INFO] <- S2C_MOVE_RESULT seq=0 data={'ok': True, 'row': 9, 'col': 10, 'color': 2, 'next_turn': 1, 'winner': 0}
2026-05-27 14:50:38 [INFO] -> C2S_MOVE seq=44 data={'row': 10, 'col': 11}
2026-05-27 14:50:38 [INFO] <- S2C_MOVE_RESULT seq=0 data={'ok': True, 'row': 10, 'col': 11, 'color': 1, 'next_turn': 2, 'winner': 0}
2026-05-27 14:50:38 [INFO] <- S2C_MOVE_RESULT seq=0 data={'ok': True, 'row': 5, 'col': 7, 'color': 2, 'next_turn': 1, 'winner': 0}
2026-05-27 14:50:41 [INFO] -> C2S_MOVE seq=45 data={'row': 7, 'col': 9}
2026-05-27 14:50:41 [INFO] <- S2C_MOVE_RESULT seq=0 data={'ok': True, 'row': 7, 'col': 9, 'color': 1, 'next_turn': 2, 'winner': 0}
2026-05-27 14:50:41 [INFO] <- S2C_MOVE_RESULT seq=0 data={'ok': True, 'row': 4, 'col': 6, 'color': 2, 'next_turn': 1, 'winner': 0}
2026-05-27 14:50:43 [INFO] -> C2S_MOVE seq=46 data={'row': 3, 'col': 5}
2026-05-27 14:50:43 [INFO] <- S2C_MOVE_RESULT seq=0 data={'ok': True, 'row': 3, 'col': 5, 'color': 1, 'next_turn': 2, 'winner': 0}
2026-05-27 14:50:43 [INFO] <- S2C_MOVE_RESULT seq=0 data={'ok': True, 'row': 4, 'col': 7, 'color': 2, 'next_turn': 1, 'winner': 0}
2026-05-27 14:50:45 [INFO] -> C2S_MOVE seq=47 data={'row': 4, 'col': 8}
2026-05-27 14:50:45 [INFO] <- S2C_MOVE_RESULT seq=0 data={'ok': True, 'row': 4, 'col': 8, 'color': 1, 'next_turn': 2, 'winner': 0}
2026-05-27 14:50:45 [INFO] <- S2C_MOVE_RESULT seq=0 data={'ok': True, 'row': 3, 'col': 7, 'color': 2, 'next_turn': 1, 'winner': 0}
2026-05-27 14:50:46 [INFO] -> C2S_MOVE seq=48 data={'row': 2, 'col': 7}
2026-05-27 14:50:46 [INFO] <- S2C_MOVE_RESULT seq=0 data={'ok': True, 'row': 2, 'col': 7, 'color': 1, 'next_turn': 2, 'winner': 0}
2026-05-27 14:50:46 [INFO] <- S2C_MOVE_RESULT seq=0 data={'ok': True, 'row': 5, 'col': 5, 'color': 2, 'next_turn': 1, 'winner': 0}
2026-05-27 14:50:51 [INFO] -> C2S_MOVE seq=49 data={'row': 2, 'col': 8}
2026-05-27 14:50:51 [INFO] <- S2C_MOVE_RESULT seq=0 data={'ok': True, 'row': 2, 'col': 8, 'color': 1, 'next_turn': 2, 'winner': 0}
2026-05-27 14:50:51 [INFO] <- S2C_MOVE_RESULT seq=0 data={'ok': True, 'row': 6, 'col': 4, 'color': 2, 'next_turn': 1, 'winner': 0}
2026-05-27 14:50:53 [INFO] -> C2S_MOVE seq=50 data={'row': 7, 'col': 3}
2026-05-27 14:50:53 [INFO] <- S2C_MOVE_RESULT seq=0 data={'ok': True, 'row': 7, 'col': 3, 'color': 1, 'next_turn': 2, 'winner': 0}
2026-05-27 14:50:53 [INFO] <- S2C_MOVE_RESULT seq=0 data={'ok': True, 'row': 3, 'col': 8, 'color': 2, 'next_turn': 1, 'winner': 0}
2026-05-27 14:51:03 [INFO] -> C2S_MOVE seq=51 data={'row': 3, 'col': 9}
2026-05-27 14:51:03 [INFO] <- S2C_MOVE_RESULT seq=0 data={'ok': True, 'row': 3, 'col': 9, 'color': 1, 'next_turn': 2, 'winner': 0}
2026-05-27 14:51:03 [INFO] <- S2C_MOVE_RESULT seq=0 data={'ok': True, 'row': 2, 'col': 9, 'color': 2, 'next_turn': 1, 'winner': 0}
2026-05-27 14:51:05 [INFO] -> C2S_MOVE seq=52 data={'row': 1, 'col': 10}
2026-05-27 14:51:05 [INFO] <- S2C_MOVE_RESULT seq=0 data={'ok': True, 'row': 1, 'col': 10, 'color': 1, 'next_turn': 2, 'winner': 0}
2026-05-27 14:51:05 [INFO] <- S2C_MOVE_RESULT seq=0 data={'ok': True, 'row': 1, 'col': 7, 'color': 2, 'next_turn': 1, 'winner': 0}
2026-05-27 14:51:26 [INFO] -> C2S_MOVE seq=53 data={'row': 9, 'col': 5}
2026-05-27 14:51:26 [INFO] <- S2C_MOVE_RESULT seq=0 data={'ok': True, 'row': 9, 'col': 5, 'color': 1, 'next_turn': 2, 'winner': 0}
2026-05-27 14:51:26 [INFO] <- S2C_MOVE_RESULT seq=0 data={'ok': True, 'row': 10, 'col': 4, 'color': 2, 'next_turn': 1, 'winner': 0}
2026-05-27 14:51:32 [INFO] -> C2S_MOVE seq=54 data={'row': 9, 'col': 7}
2026-05-27 14:51:32 [INFO] <- S2C_MOVE_RESULT seq=0 data={'ok': True, 'row': 9, 'col': 7, 'color': 1, 'next_turn': 2, 'winner': 0}
2026-05-27 14:51:32 [INFO] <- S2C_MOVE_RESULT seq=0 data={'ok': True, 'row': 9, 'col': 6, 'color': 2, 'next_turn': 1, 'winner': 0}
2026-05-27 14:51:38 [INFO] -> C2S_MOVE seq=55 data={'row': 10, 'col': 7}
2026-05-27 14:51:38 [INFO] <- S2C_MOVE_RESULT seq=0 data={'ok': True, 'row': 10, 'col': 7, 'color': 1, 'next_turn': 2, 'winner': 0}
2026-05-27 14:51:38 [INFO] <- S2C_MOVE_RESULT seq=0 data={'ok': True, 'row': 11, 'col': 7, 'color': 2, 'next_turn': 1, 'winner': 0}
2026-05-27 14:51:50 [INFO] -> C2S_MOVE seq=56 data={'row': 10, 'col': 8}
2026-05-27 14:51:50 [INFO] <- S2C_MOVE_RESULT seq=0 data={'ok': True, 'row': 10, 'col': 8, 'color': 1, 'next_turn': 2, 'winner': 0}
2026-05-27 14:51:50 [INFO] <- S2C_MOVE_RESULT seq=0 data={'ok': True, 'row': 11, 'col': 9, 'color': 2, 'next_turn': 1, 'winner': 0}
2026-05-27 14:51:57 [INFO] -> C2S_MOVE seq=57 data={'row': 10, 'col': 9}
2026-05-27 14:51:57 [INFO] <- S2C_MOVE_RESULT seq=0 data={'ok': True, 'row': 10, 'col': 9, 'color': 1, 'next_turn': 2, 'winner': 0}
2026-05-27 14:51:57 [INFO] <- S2C_MOVE_RESULT seq=0 data={'ok': True, 'row': 10, 'col': 10, 'color': 2, 'next_turn': 1, 'winner': 0}
2026-05-27 14:52:06 [INFO] -> C2S_MOVE seq=58 data={'row': 10, 'col': 6}
2026-05-27 14:52:06 [INFO] <- S2C_MOVE_RESULT seq=0 data={'ok': True, 'row': 10, 'col': 6, 'color': 1, 'next_turn': 2, 'winner': 0}
2026-05-27 14:52:06 [INFO] <- S2C_MOVE_RESULT seq=0 data={'ok': True, 'row': 10, 'col': 5, 'color': 2, 'next_turn': 1, 'winner': 0}
2026-05-27 14:52:19 [INFO] -> C2S_MOVE seq=59 data={'row': 8, 'col': 4}
2026-05-27 14:52:19 [INFO] <- S2C_MOVE_RESULT seq=0 data={'ok': True, 'row': 8, 'col': 4, 'color': 1, 'next_turn': 2, 'winner': 0}
2026-05-27 14:52:19 [INFO] <- S2C_MOVE_RESULT seq=0 data={'ok': True, 'row': 6, 'col': 2, 'color': 2, 'next_turn': 1, 'winner': 0}
2026-05-27 14:52:26 [INFO] -> C2S_MOVE seq=60 data={'row': 6, 'col': 3}
2026-05-27 14:52:26 [INFO] <- S2C_MOVE_RESULT seq=0 data={'ok': True, 'row': 6, 'col': 3, 'color': 1, 'next_turn': 2, 'winner': 0}
2026-05-27 14:52:26 [INFO] <- S2C_MOVE_RESULT seq=0 data={'ok': True, 'row': 11, 'col': 10, 'color': 2, 'next_turn': 1, 'winner': 0}
2026-05-27 14:52:34 [INFO] -> C2S_MOVE seq=61 data={'row': 8, 'col': 10}
2026-05-27 14:52:34 [INFO] <- S2C_MOVE_RESULT seq=0 data={'ok': True, 'row': 8, 'col': 10, 'color': 1, 'next_turn': 2, 'winner': 0}
2026-05-27 14:52:34 [INFO] <- S2C_MOVE_RESULT seq=0 data={'ok': True, 'row': 11, 'col': 8, 'color': 2, 'next_turn': 1, 'winner': 0}
2026-05-27 14:52:39 [INFO] -> C2S_LEAVE_ROOM seq=62 data={}
2026-05-27 14:52:39 [INFO] <- S2C_ROOM_CLOSED seq=0 data={'reason': '你已离开房间', 'your_result': 'lose'}
2026-05-27 14:52:39 [INFO] <- S2C_LOBBY_INFO seq=0 data={'online': ['alice'], 'online_count': 1, 'queue_size': 0, 'active_rooms': []}
2026-05-27 14:52:42 [INFO] -> C2S_AI_MATCH_START seq=63 data={}
2026-05-27 14:52:42 [INFO] <- S2C_MATCH_OK seq=63 data={'room_id': 4, 'board_size': 15, 'you': 'alice', 'opponent': {'username': 'AI-Bot#4', 'score': 0}, 'your_color': 1, 'turn_color': 1}
2026-05-27 14:52:42 [INFO] <- S2C_CHAT_BCAST seq=0 data={'from': 'system', 'text': 'AI 对战开始，玩家执黑先行。'}
2026-05-27 14:52:43 [INFO] -> C2S_MOVE seq=64 data={'row': 7, 'col': 7}
2026-05-27 14:52:43 [INFO] <- S2C_MOVE_RESULT seq=0 data={'ok': True, 'row': 7, 'col': 7, 'color': 1, 'next_turn': 2, 'winner': 0}
2026-05-27 14:52:43 [INFO] <- S2C_MOVE_RESULT seq=0 data={'ok': True, 'row': 6, 'col': 7, 'color': 2, 'next_turn': 1, 'winner': 0}
2026-05-27 14:52:44 [INFO] -> C2S_MOVE seq=65 data={'row': 7, 'col': 6}
2026-05-27 14:52:44 [INFO] <- S2C_MOVE_RESULT seq=0 data={'ok': True, 'row': 7, 'col': 6, 'color': 1, 'next_turn': 2, 'winner': 0}
2026-05-27 14:52:44 [INFO] <- S2C_MOVE_RESULT seq=0 data={'ok': True, 'row': 7, 'col': 8, 'color': 2, 'next_turn': 1, 'winner': 0}
2026-05-27 14:52:46 [INFO] -> C2S_MOVE seq=66 data={'row': 6, 'col': 8}
2026-05-27 14:52:46 [INFO] <- S2C_MOVE_RESULT seq=0 data={'ok': True, 'row': 6, 'col': 8, 'color': 1, 'next_turn': 2, 'winner': 0}
2026-05-27 14:52:46 [INFO] <- S2C_MOVE_RESULT seq=0 data={'ok': True, 'row': 8, 'col': 9, 'color': 2, 'next_turn': 1, 'winner': 0}
2026-05-27 14:52:47 [INFO] -> C2S_MOVE seq=67 data={'row': 5, 'col': 6}
2026-05-27 14:52:47 [INFO] <- S2C_MOVE_RESULT seq=0 data={'ok': True, 'row': 5, 'col': 6, 'color': 1, 'next_turn': 2, 'winner': 0}
2026-05-27 14:52:47 [INFO] <- S2C_MOVE_RESULT seq=0 data={'ok': True, 'row': 9, 'col': 10, 'color': 2, 'next_turn': 1, 'winner': 0}
2026-05-27 14:52:49 [INFO] -> C2S_MOVE seq=68 data={'row': 10, 'col': 11}
2026-05-27 14:52:49 [INFO] <- S2C_MOVE_RESULT seq=0 data={'ok': True, 'row': 10, 'col': 11, 'color': 1, 'next_turn': 2, 'winner': 0}
2026-05-27 14:52:49 [INFO] <- S2C_MOVE_RESULT seq=0 data={'ok': True, 'row': 6, 'col': 6, 'color': 2, 'next_turn': 1, 'winner': 0}
2026-05-27 14:52:53 [INFO] -> C2S_MOVE seq=69 data={'row': 8, 'col': 8}
2026-05-27 14:52:53 [INFO] <- S2C_MOVE_RESULT seq=0 data={'ok': True, 'row': 8, 'col': 8, 'color': 1, 'next_turn': 2, 'winner': 0}
2026-05-27 14:52:53 [INFO] <- S2C_MOVE_RESULT seq=0 data={'ok': True, 'row': 8, 'col': 6, 'color': 2, 'next_turn': 1, 'winner': 0}
2026-05-27 14:52:58 [INFO] -> C2S_MOVE seq=70 data={'row': 9, 'col': 9}
2026-05-27 14:52:58 [INFO] <- S2C_MOVE_RESULT seq=0 data={'ok': True, 'row': 9, 'col': 9, 'color': 1, 'next_turn': 2, 'winner': 0}
2026-05-27 14:52:58 [INFO] <- S2C_MOVE_RESULT seq=0 data={'ok': True, 'row': 10, 'col': 10, 'color': 2, 'next_turn': 1, 'winner': 0}
2026-05-27 14:52:59 [INFO] -> C2S_MOVE seq=71 data={'row': 8, 'col': 10}
2026-05-27 14:52:59 [INFO] <- S2C_MOVE_RESULT seq=0 data={'ok': True, 'row': 8, 'col': 10, 'color': 1, 'next_turn': 2, 'winner': 0}
2026-05-27 14:52:59 [INFO] <- S2C_MOVE_RESULT seq=0 data={'ok': True, 'row': 7, 'col': 9, 'color': 2, 'next_turn': 1, 'winner': 0}
2026-05-27 14:53:11 [INFO] -> C2S_MOVE seq=72 data={'row': 10, 'col': 8}
2026-05-27 14:53:11 [INFO] <- S2C_MOVE_RESULT seq=0 data={'ok': True, 'row': 10, 'col': 8, 'color': 1, 'next_turn': 2, 'winner': 0}
2026-05-27 14:53:11 [INFO] <- S2C_MOVE_RESULT seq=0 data={'ok': True, 'row': 11, 'col': 7, 'color': 2, 'next_turn': 1, 'winner': 0}
2026-05-27 14:53:24 [INFO] -> C2S_MOVE seq=73 data={'row': 7, 'col': 11}
2026-05-27 14:53:24 [INFO] <- S2C_MOVE_RESULT seq=0 data={'ok': True, 'row': 7, 'col': 11, 'color': 1, 'next_turn': 2, 'winner': 0}
2026-05-27 14:53:24 [INFO] <- S2C_MOVE_RESULT seq=0 data={'ok': True, 'row': 6, 'col': 12, 'color': 2, 'next_turn': 1, 'winner': 0}
2026-05-27 14:53:33 [INFO] -> C2S_MOVE seq=74 data={'row': 9, 'col': 8}
2026-05-27 14:53:33 [INFO] <- S2C_MOVE_RESULT seq=0 data={'ok': True, 'row': 9, 'col': 8, 'color': 1, 'next_turn': 2, 'winner': 0}
2026-05-27 14:53:33 [INFO] <- S2C_MOVE_RESULT seq=0 data={'ok': True, 'row': 11, 'col': 8, 'color': 2, 'next_turn': 1, 'winner': 0}
2026-05-27 14:53:39 [INFO] -> C2S_MOVE seq=75 data={'row': 11, 'col': 9}
2026-05-27 14:53:39 [INFO] <- S2C_MOVE_RESULT seq=0 data={'ok': True, 'row': 11, 'col': 9, 'color': 1, 'next_turn': 2, 'winner': 0}
2026-05-27 14:53:39 [INFO] <- S2C_MOVE_RESULT seq=0 data={'ok': True, 'row': 10, 'col': 9, 'color': 2, 'next_turn': 1, 'winner': 0}
2026-05-27 14:53:45 [INFO] -> C2S_MOVE seq=76 data={'row': 8, 'col': 11}
2026-05-27 14:53:45 [INFO] <- S2C_MOVE_RESULT seq=0 data={'ok': True, 'row': 8, 'col': 11, 'color': 1, 'next_turn': 2, 'winner': 0}
2026-05-27 14:53:45 [INFO] <- S2C_MOVE_RESULT seq=0 data={'ok': True, 'row': 9, 'col': 11, 'color': 2, 'next_turn': 1, 'winner': 0}
2026-05-27 14:53:56 [INFO] -> C2S_MOVE seq=77 data={'row': 9, 'col': 7}
2026-05-27 14:53:56 [INFO] <- S2C_MOVE_RESULT seq=0 data={'ok': True, 'row': 9, 'col': 7, 'color': 1, 'next_turn': 2, 'winner': 0}
2026-05-27 14:53:56 [INFO] <- S2C_MOVE_RESULT seq=0 data={'ok': True, 'row': 12, 'col': 7, 'color': 2, 'next_turn': 1, 'winner': 0}
2026-05-27 14:53:58 [INFO] -> C2S_MOVE seq=78 data={'row': 13, 'col': 6}
2026-05-27 14:53:58 [INFO] <- S2C_MOVE_RESULT seq=0 data={'ok': True, 'row': 13, 'col': 6, 'color': 1, 'next_turn': 2, 'winner': 0}
2026-05-27 14:53:58 [INFO] <- S2C_MOVE_RESULT seq=0 data={'ok': True, 'row': 9, 'col': 6, 'color': 2, 'next_turn': 1, 'winner': 0}
2026-05-27 14:54:01 [INFO] -> C2S_MOVE seq=79 data={'row': 10, 'col': 7}
2026-05-27 14:54:01 [INFO] <- S2C_MOVE_RESULT seq=0 data={'ok': True, 'row': 10, 'col': 7, 'color': 1, 'next_turn': 2, 'winner': 0}
2026-05-27 14:54:01 [INFO] <- S2C_MOVE_RESULT seq=0 data={'ok': True, 'row': 12, 'col': 10, 'color': 2, 'next_turn': 1, 'winner': 0}
2026-05-27 14:54:04 [INFO] -> C2S_MOVE seq=80 data={'row': 11, 'col': 10}
2026-05-27 14:54:04 [INFO] <- S2C_MOVE_RESULT seq=0 data={'ok': True, 'row': 11, 'col': 10, 'color': 1, 'next_turn': 2, 'winner': 0}
2026-05-27 14:54:04 [INFO] <- S2C_MOVE_RESULT seq=0 data={'ok': True, 'row': 8, 'col': 7, 'color': 2, 'next_turn': 1, 'winner': 0}
2026-05-27 14:54:21 [INFO] -> C2S_MOVE seq=81 data={'row': 10, 'col': 5}
2026-05-27 14:54:21 [INFO] <- S2C_MOVE_RESULT seq=0 data={'ok': True, 'row': 10, 'col': 5, 'color': 1, 'next_turn': 2, 'winner': 0}
2026-05-27 14:54:21 [INFO] <- S2C_MOVE_RESULT seq=0 data={'ok': True, 'row': 6, 'col': 9, 'color': 2, 'next_turn': 1, 'winner': 0}
2026-05-27 14:54:27 [INFO] -> C2S_MOVE seq=82 data={'row': 5, 'col': 10}
2026-05-27 14:54:27 [INFO] <- S2C_MOVE_RESULT seq=0 data={'ok': True, 'row': 5, 'col': 10, 'color': 1, 'next_turn': 2, 'winner': 0}
2026-05-27 14:54:27 [INFO] <- S2C_MOVE_RESULT seq=0 data={'ok': True, 'row': 5, 'col': 9, 'color': 2, 'next_turn': 1, 'winner': 0}
2026-05-27 14:54:30 [INFO] -> C2S_MOVE seq=83 data={'row': 4, 'col': 9}
2026-05-27 14:54:30 [INFO] <- S2C_MOVE_RESULT seq=0 data={'ok': True, 'row': 4, 'col': 9, 'color': 1, 'next_turn': 2, 'winner': 0}
2026-05-27 14:54:30 [INFO] <- S2C_MOVE_RESULT seq=0 data={'ok': True, 'row': 10, 'col': 6, 'color': 2, 'next_turn': 1, 'winner': 0}
2026-05-27 14:54:36 [INFO] -> C2S_MOVE seq=84 data={'row': 11, 'col': 6}
2026-05-27 14:54:36 [INFO] <- S2C_MOVE_RESULT seq=0 data={'ok': True, 'row': 11, 'col': 6, 'color': 1, 'next_turn': 2, 'winner': 0}
2026-05-27 14:54:36 [INFO] <- S2C_MOVE_RESULT seq=0 data={'ok': True, 'row': 12, 'col': 5, 'color': 2, 'next_turn': 1, 'winner': 0}
2026-05-27 14:54:42 [INFO] -> C2S_MOVE seq=85 data={'row': 12, 'col': 6}
2026-05-27 14:54:42 [INFO] <- S2C_MOVE_RESULT seq=0 data={'ok': True, 'row': 12, 'col': 6, 'color': 1, 'next_turn': 2, 'winner': 0}
2026-05-27 14:54:42 [INFO] <- S2C_MOVE_RESULT seq=0 data={'ok': True, 'row': 9, 'col': 12, 'color': 2, 'next_turn': 1, 'winner': 0}
2026-05-27 14:54:47 [INFO] -> C2S_MOVE seq=86 data={'row': 8, 'col': 12}
2026-05-27 14:54:47 [INFO] <- S2C_MOVE_RESULT seq=0 data={'ok': True, 'row': 8, 'col': 12, 'color': 1, 'next_turn': 2, 'winner': 0}
2026-05-27 14:54:47 [INFO] <- S2C_MOVE_RESULT seq=0 data={'ok': True, 'row': 9, 'col': 13, 'color': 2, 'next_turn': 1, 'winner': 0}
2026-05-27 14:54:49 [INFO] -> C2S_MOVE seq=87 data={'row': 9, 'col': 14}
2026-05-27 14:54:49 [INFO] <- S2C_MOVE_RESULT seq=0 data={'ok': True, 'row': 9, 'col': 14, 'color': 1, 'next_turn': 2, 'winner': 0}
2026-05-27 14:54:49 [INFO] <- S2C_MOVE_RESULT seq=0 data={'ok': True, 'row': 8, 'col': 13, 'color': 2, 'next_turn': 1, 'winner': 0}
2026-05-27 14:54:58 [INFO] -> C2S_MOVE seq=88 data={'row': 7, 'col': 13}
2026-05-27 14:54:58 [INFO] <- S2C_MOVE_RESULT seq=0 data={'ok': True, 'row': 7, 'col': 13, 'color': 1, 'next_turn': 2, 'winner': 0}
2026-05-27 14:54:58 [INFO] <- S2C_MOVE_RESULT seq=0 data={'ok': True, 'row': 6, 'col': 11, 'color': 2, 'next_turn': 1, 'winner': 0}
2026-05-27 14:55:03 [INFO] -> C2S_MOVE seq=89 data={'row': 6, 'col': 10}
2026-05-27 14:55:03 [INFO] <- S2C_MOVE_RESULT seq=0 data={'ok': True, 'row': 6, 'col': 10, 'color': 1, 'next_turn': 2, 'winner': 0}
2026-05-27 14:55:03 [INFO] <- S2C_MOVE_RESULT seq=0 data={'ok': True, 'row': 7, 'col': 10, 'color': 2, 'next_turn': 1, 'winner': 0}
2026-05-27 14:55:35 [INFO] -> C2S_MOVE seq=90 data={'row': 3, 'col': 8}
2026-05-27 14:55:35 [INFO] <- S2C_MOVE_RESULT seq=0 data={'ok': True, 'row': 3, 'col': 8, 'color': 1, 'next_turn': 2, 'winner': 0}
2026-05-27 14:55:35 [INFO] <- S2C_MOVE_RESULT seq=0 data={'ok': True, 'row': 5, 'col': 12, 'color': 2, 'next_turn': 1, 'winner': 0}
2026-05-27 14:55:37 [INFO] -> C2S_MOVE seq=91 data={'row': 4, 'col': 13}
2026-05-27 14:55:37 [INFO] <- S2C_MOVE_RESULT seq=0 data={'ok': True, 'row': 4, 'col': 13, 'color': 1, 'next_turn': 2, 'winner': 0}
2026-05-27 14:55:37 [INFO] <- S2C_MOVE_RESULT seq=0 data={'ok': True, 'row': 2, 'col': 7, 'color': 2, 'next_turn': 1, 'winner': 0}
2026-05-27 14:55:50 [INFO] -> C2S_MOVE seq=92 data={'row': 4, 'col': 12}
2026-05-27 14:55:50 [INFO] <- S2C_MOVE_RESULT seq=0 data={'ok': True, 'row': 4, 'col': 12, 'color': 1, 'next_turn': 2, 'winner': 0}
2026-05-27 14:55:50 [INFO] <- S2C_MOVE_RESULT seq=0 data={'ok': True, 'row': 9, 'col': 5, 'color': 2, 'next_turn': 1, 'winner': 0}
2026-05-27 14:56:03 [INFO] -> C2S_MOVE seq=93 data={'row': 4, 'col': 11}
2026-05-27 14:56:03 [INFO] <- S2C_MOVE_RESULT seq=0 data={'ok': True, 'row': 4, 'col': 11, 'color': 1, 'next_turn': 2, 'winner': 0}
2026-05-27 14:56:03 [INFO] <- S2C_MOVE_RESULT seq=0 data={'ok': True, 'row': 4, 'col': 10, 'color': 2, 'next_turn': 1, 'winner': 0}
2026-05-27 14:56:27 [INFO] -> C2S_MOVE seq=94 data={'row': 8, 'col': 4}
2026-05-27 14:56:27 [INFO] <- S2C_MOVE_RESULT seq=0 data={'ok': True, 'row': 8, 'col': 4, 'color': 1, 'next_turn': 2, 'winner': 0}
2026-05-27 14:56:27 [INFO] <- S2C_MOVE_RESULT seq=0 data={'ok': True, 'row': 12, 'col': 8, 'color': 2, 'next_turn': 1, 'winner': 0}
2026-05-27 14:56:43 [INFO] -> C2S_MOVE seq=95 data={'row': 13, 'col': 9}
2026-05-27 14:56:43 [INFO] <- S2C_MOVE_RESULT seq=0 data={'ok': True, 'row': 13, 'col': 9, 'color': 1, 'next_turn': 2, 'winner': 0}
2026-05-27 14:56:43 [INFO] <- S2C_MOVE_RESULT seq=0 data={'ok': True, 'row': 12, 'col': 9, 'color': 2, 'next_turn': 1, 'winner': 0}
2026-05-27 14:56:44 [INFO] -> C2S_MOVE seq=96 data={'row': 12, 'col': 11}
2026-05-27 14:56:44 [INFO] <- S2C_MOVE_RESULT seq=0 data={'ok': True, 'row': 12, 'col': 11, 'color': 1, 'next_turn': 2, 'winner': 0}
2026-05-27 14:56:44 [INFO] <- S2C_MOVE_RESULT seq=0 data={'ok': True, 'row': 4, 'col': 7, 'color': 2, 'next_turn': 1, 'winner': 0}
2026-05-27 14:56:59 [INFO] -> C2S_MOVE seq=97 data={'row': 3, 'col': 7}
2026-05-27 14:56:59 [INFO] <- S2C_MOVE_RESULT seq=0 data={'ok': True, 'row': 3, 'col': 7, 'color': 1, 'next_turn': 2, 'winner': 0}
2026-05-27 14:56:59 [INFO] <- S2C_MOVE_RESULT seq=0 data={'ok': True, 'row': 5, 'col': 8, 'color': 2, 'next_turn': 1, 'winner': 0}
2026-05-27 14:57:01 [INFO] -> C2S_MOVE seq=98 data={'row': 3, 'col': 6}
2026-05-27 14:57:01 [INFO] <- S2C_MOVE_RESULT seq=0 data={'ok': True, 'row': 3, 'col': 6, 'color': 1, 'next_turn': 2, 'winner': 0}
2026-05-27 14:57:01 [INFO] <- S2C_MOVE_RESULT seq=0 data={'ok': True, 'row': 3, 'col': 9, 'color': 2, 'next_turn': 1, 'winner': 0}
2026-05-27 14:57:10 [INFO] -> C2S_MOVE seq=99 data={'row': 2, 'col': 8}
2026-05-27 14:57:10 [INFO] <- S2C_MOVE_RESULT seq=0 data={'ok': True, 'row': 2, 'col': 8, 'color': 1, 'next_turn': 2, 'winner': 0}
2026-05-27 14:57:10 [INFO] <- S2C_MOVE_RESULT seq=0 data={'ok': True, 'row': 3, 'col': 5, 'color': 2, 'next_turn': 1, 'winner': 0}
2026-05-27 14:57:16 [INFO] -> C2S_MOVE seq=100 data={'row': 4, 'col': 6}
2026-05-27 14:57:16 [INFO] <- S2C_MOVE_RESULT seq=0 data={'ok': True, 'row': 4, 'col': 6, 'color': 1, 'next_turn': 2, 'winner': 0}
2026-05-27 14:57:16 [INFO] <- S2C_MOVE_RESULT seq=0 data={'ok': True, 'row': 5, 'col': 5, 'color': 2, 'next_turn': 1, 'winner': 0}
2026-05-27 14:57:19 [INFO] -> C2S_MOVE seq=101 data={'row': 1, 'col': 9}
2026-05-27 14:57:19 [INFO] <- S2C_MOVE_RESULT seq=0 data={'ok': True, 'row': 1, 'col': 9, 'color': 1, 'next_turn': 2, 'winner': 0}
2026-05-27 14:57:19 [INFO] <- S2C_MOVE_RESULT seq=0 data={'ok': True, 'row': 0, 'col': 10, 'color': 2, 'next_turn': 1, 'winner': 0}
2026-05-27 14:57:33 [INFO] -> C2S_MOVE seq=102 data={'row': 2, 'col': 10}
2026-05-27 14:57:33 [INFO] <- S2C_MOVE_RESULT seq=0 data={'ok': True, 'row': 2, 'col': 10, 'color': 1, 'next_turn': 2, 'winner': 0}
2026-05-27 14:57:33 [INFO] <- S2C_MOVE_RESULT seq=0 data={'ok': True, 'row': 3, 'col': 11, 'color': 2, 'next_turn': 1, 'winner': 0}
2026-05-27 14:57:47 [INFO] -> C2S_MOVE seq=103 data={'row': 2, 'col': 12}
2026-05-27 14:57:47 [INFO] <- S2C_MOVE_RESULT seq=0 data={'ok': True, 'row': 2, 'col': 12, 'color': 1, 'next_turn': 2, 'winner': 0}
2026-05-27 14:57:47 [INFO] <- S2C_MOVE_RESULT seq=0 data={'ok': True, 'row': 2, 'col': 6, 'color': 2, 'next_turn': 1, 'winner': 0}
2026-05-27 14:57:56 [INFO] -> C2S_MOVE seq=104 data={'row': 1, 'col': 7}
2026-05-27 14:57:56 [INFO] <- S2C_MOVE_RESULT seq=0 data={'ok': True, 'row': 1, 'col': 7, 'color': 1, 'next_turn': 2, 'winner': 0}
2026-05-27 14:57:56 [INFO] <- S2C_MOVE_RESULT seq=0 data={'ok': True, 'row': 1, 'col': 8, 'color': 2, 'next_turn': 1, 'winner': 0}
2026-05-27 14:58:19 [INFO] -> C2S_MOVE seq=105 data={'row': 7, 'col': 5}
2026-05-27 14:58:19 [INFO] <- S2C_MOVE_RESULT seq=0 data={'ok': True, 'row': 7, 'col': 5, 'color': 1, 'next_turn': 2, 'winner': 0}
2026-05-27 14:58:19 [INFO] <- S2C_MOVE_RESULT seq=0 data={'ok': True, 'row': 7, 'col': 4, 'color': 2, 'next_turn': 1, 'winner': 0}
2026-05-27 14:58:22 [INFO] -> C2S_MOVE seq=106 data={'row': 9, 'col': 3}
2026-05-27 14:58:22 [INFO] <- S2C_MOVE_RESULT seq=0 data={'ok': True, 'row': 9, 'col': 3, 'color': 1, 'next_turn': 2, 'winner': 0}
2026-05-27 14:58:22 [INFO] <- S2C_MOVE_RESULT seq=0 data={'ok': True, 'row': 10, 'col': 2, 'color': 2, 'next_turn': 1, 'winner': 0}
2026-05-27 14:58:31 [INFO] -> C2S_MOVE seq=107 data={'row': 11, 'col': 5}
2026-05-27 14:58:31 [INFO] <- S2C_MOVE_RESULT seq=0 data={'ok': True, 'row': 11, 'col': 5, 'color': 1, 'next_turn': 2, 'winner': 0}
2026-05-27 14:58:31 [INFO] <- S2C_MOVE_RESULT seq=0 data={'ok': True, 'row': 10, 'col': 4, 'color': 2, 'next_turn': 1, 'winner': 0}
2026-05-27 14:58:33 [INFO] -> C2S_MOVE seq=108 data={'row': 11, 'col': 3}
2026-05-27 14:58:33 [INFO] <- S2C_MOVE_RESULT seq=0 data={'ok': True, 'row': 11, 'col': 3, 'color': 1, 'next_turn': 2, 'winner': 0}
2026-05-27 14:58:33 [INFO] <- S2C_MOVE_RESULT seq=0 data={'ok': True, 'row': 11, 'col': 4, 'color': 2, 'next_turn': 1, 'winner': 0}
2026-05-27 14:58:37 [INFO] -> C2S_MOVE seq=109 data={'row': 9, 'col': 4}
2026-05-27 14:58:37 [INFO] <- S2C_MOVE_RESULT seq=0 data={'ok': True, 'row': 9, 'col': 4, 'color': 1, 'next_turn': 2, 'winner': 0}
2026-05-27 14:58:37 [INFO] <- S2C_MOVE_RESULT seq=0 data={'ok': True, 'row': 8, 'col': 3, 'color': 2, 'next_turn': 1, 'winner': 0}
2026-05-27 14:58:40 [INFO] -> C2S_MOVE seq=110 data={'row': 9, 'col': 2}
2026-05-27 14:58:40 [INFO] <- S2C_MOVE_RESULT seq=0 data={'ok': True, 'row': 9, 'col': 2, 'color': 1, 'next_turn': 2, 'winner': 0}
2026-05-27 14:58:40 [INFO] <- S2C_MOVE_RESULT seq=0 data={'ok': True, 'row': 9, 'col': 1, 'color': 2, 'next_turn': 1, 'winner': 0}
2026-05-27 14:59:05 [INFO] -> C2S_MOVE seq=111 data={'row': 13, 'col': 7}
2026-05-27 14:59:05 [INFO] <- S2C_MOVE_RESULT seq=0 data={'ok': True, 'row': 13, 'col': 7, 'color': 1, 'next_turn': 2, 'winner': 0}
2026-05-27 14:59:05 [INFO] <- S2C_MOVE_RESULT seq=0 data={'ok': True, 'row': 13, 'col': 8, 'color': 2, 'next_turn': 1, 'winner': 0}
2026-05-27 14:59:10 [INFO] -> C2S_MOVE seq=112 data={'row': 13, 'col': 5}
2026-05-27 14:59:10 [INFO] <- S2C_MOVE_RESULT seq=0 data={'ok': True, 'row': 13, 'col': 5, 'color': 1, 'next_turn': 2, 'winner': 0}
2026-05-27 14:59:10 [INFO] <- S2C_MOVE_RESULT seq=0 data={'ok': True, 'row': 13, 'col': 4, 'color': 2, 'next_turn': 1, 'winner': 0}
2026-05-27 14:59:13 [INFO] -> C2S_MOVE seq=113 data={'row': 12, 'col': 4}
2026-05-27 14:59:13 [INFO] <- S2C_MOVE_RESULT seq=0 data={'ok': True, 'row': 12, 'col': 4, 'color': 1, 'next_turn': 2, 'winner': 0}
2026-05-27 14:59:13 [INFO] <- S2C_MOVE_RESULT seq=0 data={'ok': True, 'row': 4, 'col': 5, 'color': 2, 'next_turn': 1, 'winner': 0}
2026-05-27 14:59:21 [INFO] -> C2S_MOVE seq=114 data={'row': 2, 'col': 5}
2026-05-27 14:59:21 [INFO] <- S2C_MOVE_RESULT seq=0 data={'ok': True, 'row': 2, 'col': 5, 'color': 1, 'next_turn': 2, 'winner': 0}
2026-05-27 14:59:21 [INFO] <- S2C_MOVE_RESULT seq=0 data={'ok': True, 'row': 2, 'col': 11, 'color': 2, 'next_turn': 1, 'winner': 0}
2026-05-27 14:59:26 [INFO] -> C2S_MOVE seq=115 data={'row': 1, 'col': 11}
2026-05-27 14:59:26 [INFO] <- S2C_MOVE_RESULT seq=0 data={'ok': True, 'row': 1, 'col': 11, 'color': 1, 'next_turn': 2, 'winner': 0}
2026-05-27 14:59:26 [INFO] <- S2C_MOVE_RESULT seq=0 data={'ok': True, 'row': 3, 'col': 12, 'color': 2, 'next_turn': 1, 'winner': 0}
2026-05-27 14:59:35 [INFO] -> C2S_MOVE seq=116 data={'row': 3, 'col': 13}
2026-05-27 14:59:35 [INFO] <- S2C_MOVE_RESULT seq=0 data={'ok': True, 'row': 3, 'col': 13, 'color': 1, 'next_turn': 2, 'winner': 0}
2026-05-27 14:59:35 [INFO] <- S2C_MOVE_RESULT seq=0 data={'ok': True, 'row': 5, 'col': 11, 'color': 2, 'next_turn': 1, 'winner': 0}
2026-05-27 14:59:54 [INFO] -> C2S_MOVE seq=117 data={'row': 12, 'col': 3}
2026-05-27 14:59:54 [INFO] <- S2C_MOVE_RESULT seq=0 data={'ok': True, 'row': 12, 'col': 3, 'color': 1, 'next_turn': 2, 'winner': 0}
2026-05-27 14:59:54 [INFO] <- S2C_MOVE_RESULT seq=0 data={'ok': True, 'row': 10, 'col': 3, 'color': 2, 'next_turn': 1, 'winner': 0}
2026-05-27 14:59:59 [INFO] -> C2S_MOVE seq=118 data={'row': 10, 'col': 1}
2026-05-27 14:59:59 [INFO] <- S2C_MOVE_RESULT seq=0 data={'ok': True, 'row': 10, 'col': 1, 'color': 1, 'next_turn': 2, 'winner': 0}
2026-05-27 14:59:59 [INFO] <- S2C_MOVE_RESULT seq=0 data={'ok': True, 'row': 5, 'col': 13, 'color': 2, 'next_turn': 1, 'winner': 0}
2026-05-27 15:00:11 [INFO] -> C2S_MOVE seq=119 data={'row': 5, 'col': 14}
2026-05-27 15:00:11 [INFO] <- S2C_MOVE_RESULT seq=0 data={'ok': True, 'row': 5, 'col': 14, 'color': 1, 'next_turn': 2, 'winner': 0}
2026-05-27 15:00:11 [INFO] <- S2C_MOVE_RESULT seq=0 data={'ok': True, 'row': 4, 'col': 4, 'color': 2, 'next_turn': 1, 'winner': 0}
2026-05-27 15:00:14 [INFO] -> C2S_MOVE seq=120 data={'row': 5, 'col': 3}
2026-05-27 15:00:14 [INFO] <- S2C_MOVE_RESULT seq=0 data={'ok': True, 'row': 5, 'col': 3, 'color': 1, 'next_turn': 2, 'winner': 0}
2026-05-27 15:00:14 [INFO] <- S2C_MOVE_RESULT seq=0 data={'ok': True, 'row': 3, 'col': 3, 'color': 2, 'next_turn': 1, 'winner': 0}
2026-05-27 15:00:16 [INFO] -> C2S_MOVE seq=121 data={'row': 2, 'col': 2}
2026-05-27 15:00:16 [INFO] <- S2C_MOVE_RESULT seq=0 data={'ok': True, 'row': 2, 'col': 2, 'color': 1, 'next_turn': 2, 'winner': 0}
2026-05-27 15:00:16 [INFO] <- S2C_MOVE_RESULT seq=0 data={'ok': True, 'row': 1, 'col': 10, 'color': 2, 'next_turn': 1, 'winner': 0}
2026-05-27 15:00:23 [INFO] -> C2S_MOVE seq=122 data={'row': 0, 'col': 9}
2026-05-27 15:00:23 [INFO] <- S2C_MOVE_RESULT seq=0 data={'ok': True, 'row': 0, 'col': 9, 'color': 1, 'next_turn': 2, 'winner': 0}
2026-05-27 15:00:23 [INFO] <- S2C_MOVE_RESULT seq=0 data={'ok': True, 'row': 11, 'col': 11, 'color': 2, 'next_turn': 1, 'winner': 0}
2026-05-27 15:00:26 [INFO] -> C2S_MOVE seq=123 data={'row': 10, 'col': 12}
2026-05-27 15:00:26 [INFO] <- S2C_MOVE_RESULT seq=0 data={'ok': True, 'row': 10, 'col': 12, 'color': 1, 'next_turn': 2, 'winner': 0}
2026-05-27 15:00:26 [INFO] <- S2C_MOVE_RESULT seq=0 data={'ok': True, 'row': 10, 'col': 13, 'color': 2, 'next_turn': 1, 'winner': 0}
2026-05-27 15:00:28 [INFO] -> C2S_MOVE seq=124 data={'row': 11, 'col': 13}
2026-05-27 15:00:28 [INFO] <- S2C_MOVE_RESULT seq=0 data={'ok': True, 'row': 11, 'col': 13, 'color': 1, 'next_turn': 2, 'winner': 0}
2026-05-27 15:00:28 [INFO] <- S2C_MOVE_RESULT seq=0 data={'ok': True, 'row': 3, 'col': 4, 'color': 2, 'next_turn': 1, 'winner': 0}
2026-05-27 15:00:35 [INFO] -> C2S_MOVE seq=125 data={'row': 2, 'col': 4}
2026-05-27 15:00:35 [INFO] <- S2C_MOVE_RESULT seq=0 data={'ok': True, 'row': 2, 'col': 4, 'color': 1, 'next_turn': 2, 'winner': 0}
2026-05-27 15:00:35 [INFO] <- S2C_MOVE_RESULT seq=0 data={'ok': True, 'row': 3, 'col': 2, 'color': 2, 'next_turn': 1, 'winner': 0}
2026-05-27 15:00:37 [INFO] -> C2S_MOVE seq=126 data={'row': 3, 'col': 1}
2026-05-27 15:00:37 [INFO] <- S2C_MOVE_RESULT seq=0 data={'ok': True, 'row': 3, 'col': 1, 'color': 1, 'next_turn': 2, 'winner': 0}
2026-05-27 15:00:37 [INFO] <- S2C_MOVE_RESULT seq=0 data={'ok': True, 'row': 2, 'col': 3, 'color': 2, 'next_turn': 1, 'winner': 0}
2026-05-27 15:00:49 [INFO] -> C2S_MOVE seq=127 data={'row': 1, 'col': 3}
2026-05-27 15:00:49 [INFO] <- S2C_MOVE_RESULT seq=0 data={'ok': True, 'row': 1, 'col': 3, 'color': 1, 'next_turn': 2, 'winner': 0}
2026-05-27 15:00:49 [INFO] <- S2C_MOVE_RESULT seq=0 data={'ok': True, 'row': 1, 'col': 2, 'color': 2, 'next_turn': 1, 'winner': 0}
2026-05-27 15:00:52 [INFO] -> C2S_MOVE seq=128 data={'row': 0, 'col': 1}
2026-05-27 15:00:52 [INFO] <- S2C_MOVE_RESULT seq=0 data={'ok': True, 'row': 0, 'col': 1, 'color': 1, 'next_turn': 2, 'winner': 0}
2026-05-27 15:00:52 [INFO] <- S2C_MOVE_RESULT seq=0 data={'ok': True, 'row': 4, 'col': 0, 'color': 2, 'next_turn': 1, 'winner': 0}
2026-05-27 15:00:56 [INFO] -> C2S_MOVE seq=129 data={'row': 4, 'col': 1}
2026-05-27 15:00:56 [INFO] <- S2C_MOVE_RESULT seq=0 data={'ok': True, 'row': 4, 'col': 1, 'color': 1, 'next_turn': 2, 'winner': 0}
2026-05-27 15:00:56 [INFO] <- S2C_MOVE_RESULT seq=0 data={'ok': True, 'row': 2, 'col': 1, 'color': 2, 'next_turn': 1, 'winner': 0}
2026-05-27 15:01:00 [INFO] -> C2S_MOVE seq=130 data={'row': 4, 'col': 3}
2026-05-27 15:01:00 [INFO] <- S2C_MOVE_RESULT seq=0 data={'ok': True, 'row': 4, 'col': 3, 'color': 1, 'next_turn': 2, 'winner': 0}
2026-05-27 15:01:00 [INFO] <- S2C_MOVE_RESULT seq=0 data={'ok': True, 'row': 4, 'col': 2, 'color': 2, 'next_turn': 1, 'winner': 0}
2026-05-27 15:01:06 [INFO] -> C2S_MOVE seq=131 data={'row': 5, 'col': 2}
2026-05-27 15:01:06 [INFO] <- S2C_MOVE_RESULT seq=0 data={'ok': True, 'row': 5, 'col': 2, 'color': 1, 'next_turn': 2, 'winner': 0}
2026-05-27 15:01:06 [INFO] <- S2C_MOVE_RESULT seq=0 data={'ok': True, 'row': 5, 'col': 1, 'color': 2, 'next_turn': 1, 'winner': 0}
2026-05-27 15:01:10 [INFO] -> C2S_MOVE seq=132 data={'row': 6, 'col': 2}
2026-05-27 15:01:10 [INFO] <- S2C_MOVE_RESULT seq=0 data={'ok': True, 'row': 6, 'col': 2, 'color': 1, 'next_turn': 2, 'winner': 0}
2026-05-27 15:01:10 [INFO] <- S2C_MOVE_RESULT seq=0 data={'ok': True, 'row': 3, 'col': 0, 'color': 2, 'next_turn': 1, 'winner': 0}
2026-05-27 15:01:13 [INFO] -> C2S_MOVE seq=133 data={'row': 2, 'col': 0}
2026-05-27 15:01:13 [INFO] <- S2C_MOVE_RESULT seq=0 data={'ok': True, 'row': 2, 'col': 0, 'color': 1, 'next_turn': 2, 'winner': 0}
2026-05-27 15:01:13 [INFO] <- S2C_MOVE_RESULT seq=0 data={'ok': True, 'row': 1, 'col': 4, 'color': 2, 'next_turn': 1, 'winner': 0}
2026-05-27 15:01:27 [INFO] -> C2S_MOVE seq=134 data={'row': 8, 'col': 2}
2026-05-27 15:01:27 [INFO] <- S2C_MOVE_RESULT seq=0 data={'ok': True, 'row': 8, 'col': 2, 'color': 1, 'next_turn': 2, 'winner': 0}
2026-05-27 15:01:27 [INFO] <- S2C_MOVE_RESULT seq=0 data={'ok': True, 'row': 7, 'col': 2, 'color': 2, 'next_turn': 1, 'winner': 0}
2026-05-27 15:01:37 [INFO] -> C2S_MOVE seq=135 data={'row': 6, 'col': 3}
2026-05-27 15:01:37 [INFO] <- S2C_MOVE_RESULT seq=0 data={'ok': True, 'row': 6, 'col': 3, 'color': 1, 'next_turn': 2, 'winner': 0}
2026-05-27 15:01:37 [INFO] <- S2C_MOVE_RESULT seq=0 data={'ok': True, 'row': 6, 'col': 1, 'color': 2, 'next_turn': 1, 'winner': 0}
2026-05-27 15:01:50 [INFO] -> C2S_MOVE seq=136 data={'row': 6, 'col': 4}
2026-05-27 15:01:50 [INFO] <- S2C_MOVE_RESULT seq=0 data={'ok': True, 'row': 6, 'col': 4, 'color': 1, 'next_turn': 2, 'winner': 0}
2026-05-27 15:01:50 [INFO] <- S2C_MOVE_RESULT seq=0 data={'ok': True, 'row': 7, 'col': 1, 'color': 2, 'next_turn': 1, 'winner': 0}
2026-05-27 15:01:53 [INFO] -> C2S_MOVE seq=137 data={'row': 8, 'col': 1}
2026-05-27 15:01:53 [INFO] <- S2C_MOVE_RESULT seq=0 data={'ok': True, 'row': 8, 'col': 1, 'color': 1, 'next_turn': 2, 'winner': 0}
2026-05-27 15:01:53 [INFO] <- S2C_MOVE_RESULT seq=0 data={'ok': True, 'row': 7, 'col': 3, 'color': 2, 'next_turn': 1, 'winner': 0}
2026-05-27 15:01:55 [INFO] -> C2S_MOVE seq=138 data={'row': 7, 'col': 0}
2026-05-27 15:01:55 [INFO] <- S2C_MOVE_RESULT seq=0 data={'ok': True, 'row': 7, 'col': 0, 'color': 1, 'next_turn': 2, 'winner': 0}
2026-05-27 15:01:55 [INFO] <- S2C_MOVE_RESULT seq=0 data={'ok': True, 'row': 13, 'col': 3, 'color': 2, 'next_turn': 1, 'winner': 0}
2026-05-27 15:02:02 [INFO] -> C2S_MOVE seq=139 data={'row': 13, 'col': 2}
2026-05-27 15:02:02 [INFO] <- S2C_MOVE_RESULT seq=0 data={'ok': True, 'row': 13, 'col': 2, 'color': 1, 'next_turn': 2, 'winner': 0}
2026-05-27 15:02:02 [INFO] <- S2C_MOVE_RESULT seq=0 data={'ok': True, 'row': 12, 'col': 2, 'color': 2, 'next_turn': 1, 'winner': 0}
2026-05-27 15:02:04 [INFO] -> C2S_MOVE seq=140 data={'row': 11, 'col': 1}
2026-05-27 15:02:04 [INFO] <- S2C_MOVE_RESULT seq=0 data={'ok': True, 'row': 11, 'col': 1, 'color': 1, 'next_turn': 2, 'winner': 0}
2026-05-27 15:02:04 [INFO] <- S2C_MOVE_RESULT seq=0 data={'ok': True, 'row': 11, 'col': 2, 'color': 2, 'next_turn': 1, 'winner': 0}
2026-05-27 15:02:08 [INFO] -> C2S_MOVE seq=141 data={'row': 12, 'col': 1}
2026-05-27 15:02:08 [INFO] <- S2C_MOVE_RESULT seq=0 data={'ok': True, 'row': 12, 'col': 1, 'color': 1, 'next_turn': 2, 'winner': 0}
2026-05-27 15:02:08 [INFO] <- S2C_MOVE_RESULT seq=0 data={'ok': True, 'row': 13, 'col': 1, 'color': 2, 'next_turn': 1, 'winner': 0}
2026-05-27 15:02:11 [INFO] -> C2S_MOVE seq=142 data={'row': 14, 'col': 2}
2026-05-27 15:02:11 [INFO] <- S2C_MOVE_RESULT seq=0 data={'ok': True, 'row': 14, 'col': 2, 'color': 1, 'next_turn': 2, 'winner': 0}
2026-05-27 15:02:11 [INFO] <- S2C_MOVE_RESULT seq=0 data={'ok': True, 'row': 13, 'col': 10, 'color': 2, 'next_turn': 1, 'winner': 0}
2026-05-27 15:02:14 [INFO] -> C2S_MOVE seq=143 data={'row': 14, 'col': 10}
2026-05-27 15:02:14 [INFO] <- S2C_MOVE_RESULT seq=0 data={'ok': True, 'row': 14, 'col': 10, 'color': 1, 'next_turn': 2, 'winner': 0}
2026-05-27 15:02:14 [INFO] <- S2C_MOVE_RESULT seq=0 data={'ok': True, 'row': 12, 'col': 12, 'color': 2, 'next_turn': 1, 'winner': 0}
2026-05-27 15:02:17 [INFO] -> C2S_MOVE seq=144 data={'row': 13, 'col': 13}
2026-05-27 15:02:17 [INFO] <- S2C_MOVE_RESULT seq=0 data={'ok': True, 'row': 13, 'col': 13, 'color': 1, 'next_turn': 2, 'winner': 0}
2026-05-27 15:02:17 [INFO] <- S2C_MOVE_RESULT seq=0 data={'ok': True, 'row': 13, 'col': 12, 'color': 2, 'next_turn': 1, 'winner': 0}
2026-05-27 15:02:19 [INFO] -> C2S_MOVE seq=145 data={'row': 14, 'col': 12}
2026-05-27 15:02:19 [INFO] <- S2C_MOVE_RESULT seq=0 data={'ok': True, 'row': 14, 'col': 12, 'color': 1, 'next_turn': 2, 'winner': 0}
2026-05-27 15:02:19 [INFO] <- S2C_MOVE_RESULT seq=0 data={'ok': True, 'row': 14, 'col': 11, 'color': 2, 'next_turn': 1, 'winner': 0}
2026-05-27 15:02:22 [INFO] -> C2S_MOVE seq=146 data={'row': 13, 'col': 11}
2026-05-27 15:02:22 [INFO] <- S2C_MOVE_RESULT seq=0 data={'ok': True, 'row': 13, 'col': 11, 'color': 1, 'next_turn': 2, 'winner': 0}
2026-05-27 15:02:22 [INFO] <- S2C_MOVE_RESULT seq=0 data={'ok': True, 'row': 12, 'col': 13, 'color': 2, 'next_turn': 1, 'winner': 0}
2026-05-27 15:02:24 [INFO] -> C2S_MOVE seq=147 data={'row': 11, 'col': 14}
2026-05-27 15:02:24 [INFO] <- S2C_MOVE_RESULT seq=0 data={'ok': True, 'row': 11, 'col': 14, 'color': 1, 'next_turn': 2, 'winner': 0}
2026-05-27 15:02:24 [INFO] <- S2C_MOVE_RESULT seq=0 data={'ok': True, 'row': 10, 'col': 14, 'color': 2, 'next_turn': 1, 'winner': 0}
2026-05-27 15:02:26 [INFO] -> C2S_MOVE seq=148 data={'row': 12, 'col': 14}
2026-05-27 15:02:26 [INFO] <- S2C_MOVE_RESULT seq=0 data={'ok': True, 'row': 12, 'col': 14, 'color': 1, 'next_turn': 2, 'winner': 0}
2026-05-27 15:02:26 [INFO] <- S2C_MOVE_RESULT seq=0 data={'ok': True, 'row': 6, 'col': 13, 'color': 2, 'next_turn': 1, 'winner': 0}
2026-05-27 15:02:29 [INFO] -> C2S_MOVE seq=149 data={'row': 6, 'col': 14}
2026-05-27 15:02:29 [INFO] <- S2C_MOVE_RESULT seq=0 data={'ok': True, 'row': 6, 'col': 14, 'color': 1, 'next_turn': 2, 'winner': 0}
2026-05-27 15:02:29 [INFO] <- S2C_MOVE_RESULT seq=0 data={'ok': True, 'row': 7, 'col': 14, 'color': 2, 'next_turn': 1, 'winner': 0}
2026-05-27 15:02:31 [INFO] -> C2S_MOVE seq=150 data={'row': 8, 'col': 14}
2026-05-27 15:02:31 [INFO] <- S2C_MOVE_RESULT seq=0 data={'ok': True, 'row': 8, 'col': 14, 'color': 1, 'next_turn': 2, 'winner': 0}
2026-05-27 15:02:31 [INFO] <- S2C_MOVE_RESULT seq=0 data={'ok': True, 'row': 14, 'col': 3, 'color': 2, 'next_turn': 1, 'winner': 0}
2026-05-27 15:02:33 [INFO] -> C2S_MOVE seq=151 data={'row': 14, 'col': 4}
2026-05-27 15:02:33 [INFO] <- S2C_MOVE_RESULT seq=0 data={'ok': True, 'row': 14, 'col': 4, 'color': 1, 'next_turn': 2, 'winner': 0}
2026-05-27 15:02:33 [INFO] <- S2C_MOVE_RESULT seq=0 data={'ok': True, 'row': 2, 'col': 13, 'color': 2, 'next_turn': 1, 'winner': 0}
2026-05-27 15:02:35 [INFO] -> C2S_MOVE seq=152 data={'row': 1, 'col': 14}
2026-05-27 15:02:35 [INFO] <- S2C_MOVE_RESULT seq=0 data={'ok': True, 'row': 1, 'col': 14, 'color': 1, 'next_turn': 2, 'winner': 0}
2026-05-27 15:02:35 [INFO] <- S2C_MOVE_RESULT seq=0 data={'ok': True, 'row': 5, 'col': 0, 'color': 2, 'next_turn': 1, 'winner': 0}
2026-05-27 15:02:37 [INFO] -> C2S_MOVE seq=153 data={'row': 6, 'col': 0}
2026-05-27 15:02:37 [INFO] <- S2C_MOVE_RESULT seq=0 data={'ok': True, 'row': 6, 'col': 0, 'color': 1, 'next_turn': 2, 'winner': 0}
2026-05-27 15:02:37 [INFO] <- S2C_MOVE_RESULT seq=0 data={'ok': True, 'row': 1, 'col': 12, 'color': 2, 'next_turn': 1, 'winner': 0}
2026-05-27 15:02:39 [INFO] -> C2S_MOVE seq=154 data={'row': 0, 'col': 12}
2026-05-27 15:02:39 [INFO] <- S2C_MOVE_RESULT seq=0 data={'ok': True, 'row': 0, 'col': 12, 'color': 1, 'next_turn': 2, 'winner': 0}
2026-05-27 15:02:39 [INFO] <- S2C_MOVE_RESULT seq=0 data={'ok': True, 'row': 0, 'col': 13, 'color': 2, 'next_turn': 1, 'winner': 0}
2026-05-27 15:02:41 [INFO] -> C2S_MOVE seq=155 data={'row': 3, 'col': 10}
2026-05-27 15:02:41 [INFO] <- S2C_MOVE_RESULT seq=0 data={'ok': True, 'row': 3, 'col': 10, 'color': 1, 'next_turn': 2, 'winner': 0}
2026-05-27 15:02:41 [INFO] <- S2C_MOVE_RESULT seq=0 data={'ok': True, 'row': 0, 'col': 11, 'color': 2, 'next_turn': 1, 'winner': 0}
2026-05-27 15:02:43 [INFO] -> C2S_MOVE seq=156 data={'row': 3, 'col': 14}
2026-05-27 15:02:43 [INFO] <- S2C_MOVE_RESULT seq=0 data={'ok': True, 'row': 3, 'col': 14, 'color': 1, 'next_turn': 2, 'winner': 0}
2026-05-27 15:02:43 [INFO] <- S2C_MOVE_RESULT seq=0 data={'ok': True, 'row': 4, 'col': 14, 'color': 2, 'next_turn': 1, 'winner': 0}
2026-05-27 15:02:46 [INFO] -> C2S_MOVE seq=157 data={'row': 1, 'col': 13}
2026-05-27 15:02:46 [INFO] <- S2C_MOVE_RESULT seq=0 data={'ok': True, 'row': 1, 'col': 13, 'color': 1, 'next_turn': 2, 'winner': 0}
2026-05-27 15:02:46 [INFO] <- S2C_MOVE_RESULT seq=0 data={'ok': True, 'row': 13, 'col': 14, 'color': 2, 'next_turn': 1, 'winner': 0}
2026-05-27 15:02:48 [INFO] -> C2S_MOVE seq=158 data={'row': 14, 'col': 14}
2026-05-27 15:02:48 [INFO] <- S2C_MOVE_RESULT seq=0 data={'ok': True, 'row': 14, 'col': 14, 'color': 1, 'next_turn': 2, 'winner': 0}
2026-05-27 15:02:48 [INFO] <- S2C_MOVE_RESULT seq=0 data={'ok': True, 'row': 8, 'col': 0, 'color': 2, 'next_turn': 1, 'winner': 0}
2026-05-27 15:02:50 [INFO] -> C2S_MOVE seq=159 data={'row': 9, 'col': 0}
2026-05-27 15:02:50 [INFO] <- S2C_MOVE_RESULT seq=0 data={'ok': True, 'row': 9, 'col': 0, 'color': 1, 'next_turn': 2, 'winner': 0}
2026-05-27 15:02:50 [INFO] <- S2C_MOVE_RESULT seq=0 data={'ok': True, 'row': 2, 'col': 14, 'color': 2, 'next_turn': 1, 'winner': 0}
2026-05-27 15:02:51 [INFO] -> C2S_MOVE seq=160 data={'row': 0, 'col': 14}
2026-05-27 15:02:51 [INFO] <- S2C_MOVE_RESULT seq=0 data={'ok': True, 'row': 0, 'col': 14, 'color': 1, 'next_turn': 2, 'winner': 0}
2026-05-27 15:02:52 [INFO] <- S2C_MOVE_RESULT seq=0 data={'ok': True, 'row': 1, 'col': 6, 'color': 2, 'next_turn': 1, 'winner': 0}
2026-05-27 15:02:56 [INFO] -> C2S_MOVE seq=161 data={'row': 0, 'col': 6}
2026-05-27 15:02:56 [INFO] <- S2C_MOVE_RESULT seq=0 data={'ok': True, 'row': 0, 'col': 6, 'color': 1, 'next_turn': 2, 'winner': 0}
2026-05-27 15:02:56 [INFO] <- S2C_MOVE_RESULT seq=0 data={'ok': True, 'row': 0, 'col': 7, 'color': 2, 'next_turn': 1, 'winner': 0}
2026-05-27 15:02:58 [INFO] -> C2S_MOVE seq=162 data={'row': 0, 'col': 4}
2026-05-27 15:02:58 [INFO] <- S2C_MOVE_RESULT seq=0 data={'ok': True, 'row': 0, 'col': 4, 'color': 1, 'next_turn': 2, 'winner': 0}
2026-05-27 15:02:58 [INFO] <- S2C_MOVE_RESULT seq=0 data={'ok': True, 'row': 0, 'col': 5, 'color': 2, 'next_turn': 1, 'winner': 0}
2026-05-27 15:03:00 [INFO] -> C2S_MOVE seq=163 data={'row': 1, 'col': 5}
2026-05-27 15:03:00 [INFO] <- S2C_MOVE_RESULT seq=0 data={'ok': True, 'row': 1, 'col': 5, 'color': 1, 'next_turn': 2, 'winner': 0}
2026-05-27 15:03:00 [INFO] <- S2C_MOVE_RESULT seq=0 data={'ok': True, 'row': 0, 'col': 2, 'color': 2, 'next_turn': 1, 'winner': 0}
2026-05-27 15:03:02 [INFO] -> C2S_MOVE seq=164 data={'row': 0, 'col': 3}
2026-05-27 15:03:02 [INFO] <- S2C_MOVE_RESULT seq=0 data={'ok': True, 'row': 0, 'col': 3, 'color': 1, 'next_turn': 2, 'winner': 0}
2026-05-27 15:03:02 [INFO] <- S2C_MOVE_RESULT seq=0 data={'ok': True, 'row': 6, 'col': 5, 'color': 2, 'next_turn': 1, 'winner': 0}
2026-05-27 15:03:04 [INFO] -> C2S_MOVE seq=165 data={'row': 5, 'col': 4}
2026-05-27 15:03:04 [INFO] <- S2C_MOVE_RESULT seq=0 data={'ok': True, 'row': 5, 'col': 4, 'color': 1, 'next_turn': 2, 'winner': 0}
2026-05-27 15:03:04 [INFO] <- S2C_MOVE_RESULT seq=0 data={'ok': True, 'row': 1, 'col': 1, 'color': 2, 'next_turn': 1, 'winner': 0}
2026-05-27 15:03:05 [INFO] -> C2S_MOVE seq=166 data={'row': 1, 'col': 0}
2026-05-27 15:03:05 [INFO] <- S2C_MOVE_RESULT seq=0 data={'ok': True, 'row': 1, 'col': 0, 'color': 1, 'next_turn': 2, 'winner': 0}
2026-05-27 15:03:05 [INFO] <- S2C_MOVE_RESULT seq=0 data={'ok': True, 'row': 5, 'col': 7, 'color': 2, 'next_turn': 1, 'winner': 0}
2026-05-27 15:03:07 [INFO] -> C2S_MOVE seq=167 data={'row': 4, 'col': 8}
2026-05-27 15:03:07 [INFO] <- S2C_MOVE_RESULT seq=0 data={'ok': True, 'row': 4, 'col': 8, 'color': 1, 'next_turn': 2, 'winner': 0}
2026-05-27 15:03:07 [INFO] <- S2C_MOVE_RESULT seq=0 data={'ok': True, 'row': 14, 'col': 9, 'color': 2, 'next_turn': 1, 'winner': 0}
2026-05-27 15:03:10 [INFO] -> C2S_MOVE seq=168 data={'row': 14, 'col': 8}
2026-05-27 15:03:10 [INFO] <- S2C_MOVE_RESULT seq=0 data={'ok': True, 'row': 14, 'col': 8, 'color': 1, 'next_turn': 2, 'winner': 0}
2026-05-27 15:03:10 [INFO] <- S2C_MOVE_RESULT seq=0 data={'ok': True, 'row': 14, 'col': 7, 'color': 2, 'next_turn': 1, 'winner': 0}
2026-05-27 15:03:11 [INFO] -> C2S_MOVE seq=169 data={'row': 14, 'col': 6}
2026-05-27 15:03:11 [INFO] <- S2C_MOVE_RESULT seq=0 data={'ok': True, 'row': 14, 'col': 6, 'color': 1, 'next_turn': 2, 'winner': 0}
2026-05-27 15:03:11 [INFO] <- S2C_MOVE_RESULT seq=0 data={'ok': True, 'row': 10, 'col': 0, 'color': 2, 'next_turn': 1, 'winner': 0}
2026-05-27 15:03:12 [INFO] -> C2S_MOVE seq=170 data={'row': 11, 'col': 0}
2026-05-27 15:03:12 [INFO] <- S2C_MOVE_RESULT seq=0 data={'ok': True, 'row': 11, 'col': 0, 'color': 1, 'next_turn': 2, 'winner': 0}
2026-05-27 15:03:12 [INFO] <- S2C_MOVE_RESULT seq=0 data={'ok': True, 'row': 14, 'col': 1, 'color': 2, 'next_turn': 1, 'winner': 0}
2026-05-27 15:03:14 [INFO] -> C2S_MOVE seq=171 data={'row': 12, 'col': 0}
2026-05-27 15:03:14 [INFO] <- S2C_MOVE_RESULT seq=0 data={'ok': True, 'row': 12, 'col': 0, 'color': 1, 'next_turn': 2, 'winner': 0}
2026-05-27 15:03:14 [INFO] <- S2C_MOVE_RESULT seq=0 data={'ok': True, 'row': 13, 'col': 0, 'color': 2, 'next_turn': 1, 'winner': 0}
2026-05-27 15:03:15 [INFO] -> C2S_MOVE seq=172 data={'row': 14, 'col': 0}
2026-05-27 15:03:15 [INFO] <- S2C_MOVE_RESULT seq=0 data={'ok': True, 'row': 14, 'col': 0, 'color': 1, 'next_turn': 2, 'winner': 0}
2026-05-27 15:03:15 [INFO] <- S2C_MOVE_RESULT seq=0 data={'ok': True, 'row': 8, 'col': 5, 'color': 2, 'next_turn': 1, 'winner': 0}
2026-05-27 15:03:17 [INFO] -> C2S_MOVE seq=173 data={'row': 14, 'col': 5}
2026-05-27 15:03:17 [INFO] <- S2C_MOVE_RESULT seq=0 data={'ok': True, 'row': 14, 'col': 5, 'color': 1, 'next_turn': 2, 'winner': 0}
2026-05-27 15:03:17 [INFO] <- S2C_MOVE_RESULT seq=0 data={'ok': True, 'row': 7, 'col': 12, 'color': 2, 'next_turn': 1, 'winner': 0}
2026-05-27 15:03:19 [INFO] -> C2S_MOVE seq=174 data={'row': 11, 'col': 12}
2026-05-27 15:03:19 [INFO] <- S2C_MOVE_RESULT seq=0 data={'ok': True, 'row': 11, 'col': 12, 'color': 1, 'next_turn': 2, 'winner': 0}
2026-05-27 15:03:19 [INFO] <- S2C_MOVE_RESULT seq=0 data={'ok': True, 'row': 2, 'col': 9, 'color': 2, 'next_turn': 1, 'winner': 0}
2026-05-27 15:03:20 [INFO] -> C2S_MOVE seq=175 data={'row': 14, 'col': 13}
2026-05-27 15:03:20 [INFO] <- S2C_MOVE_RESULT seq=0 data={'ok': True, 'row': 14, 'col': 13, 'color': 1, 'next_turn': 2, 'winner': 0}
2026-05-27 15:03:20 [INFO] <- S2C_MOVE_RESULT seq=0 data={'ok': True, 'row': 0, 'col': 8, 'color': 2, 'next_turn': 1, 'winner': 0}
2026-05-27 15:03:23 [INFO] -> C2S_MOVE seq=176 data={'row': 0, 'col': 0}
2026-05-27 15:03:23 [INFO] <- S2C_MOVE_RESULT seq=0 data={'ok': True, 'row': 0, 'col': 0, 'color': 1, 'next_turn': 0, 'winner': 3}
2026-05-27 15:03:23 [INFO] <- S2C_ROOM_CLOSED seq=0 data={'reason': '和棋', 'your_result': 'draw'}
2026-05-27 15:03:23 [INFO] <- S2C_LOBBY_INFO seq=0 data={'online': ['alice'], 'online_count': 1, 'queue_size': 0, 'active_rooms': []}
2026-05-27 15:03:29 [INFO] -> C2S_REPLAY_LIST seq=177 data={'limit': 30, 'offset': 0}
2026-05-27 15:03:29 [INFO] <- S2C_REPLAY_LIST seq=177 data={'total': 6, 'items': [{'replay_id': 8, 'players': ['alice', 'AI-Bot#4'], 'winner': 3, 'result': 'normal', 'ended_at': 1779865403, 'move_count': 225}, {'replay_id': 7, 'players': ['alice', 'AI-Bot#3'], 'winner': 2, 'result': 'abort', 'ended_at': 1779864759, 'move_count': 52}, {'replay_id': 6, 'players': ['alice', 'AI-Bot#2'], 'winner': 2, 'result': 'abort', 'ended_at': 1779864613, 'move_count': 38}, {'replay_id': 5, 'players': ['alice', 'AI-Bot#1'], 'winner': 2, 'result': 'normal', 'ended_at': 1779864358, 'move_count': 18}, {'replay_id': 4, 'players': ['alice', 'AI-Bot#1'], 'winner': 2, 'result': 'normal', 'ended_at': 1779767932, 'move_count': 12}, {'replay_id': 3, 'players': ['alice', 'bob'], 'winner': 2, 'result': 'abort', 'ended_at': 1779767915, 'move_count': 5}]}
2026-05-27 15:03:31 [INFO] -> C2S_REPLAY_GET seq=178 data={'replay_id': 8}
2026-05-27 15:03:31 [INFO] <- S2C_REPLAY_DATA seq=178 data={'ok': True, 'replay': {'replay_id': 8, 'created_at': 1779865403, 'room_id': 4, 'players': ['alice', 'AI-Bot#4'], 'winner': 3, 'result': 'normal', 'started_at': 1779864762, 'ended_at': 1779865403, 'moves': [{'index': 1, 'row': 7, 'col': 7, 'color': 1, 'ts': 1779864763}, {'index': 2, 'row': 6, 'col': 7, 'color': 2, 'ts': 1779864763}, {'index': 3, 'row': 7, 'col': 6, 'color': 1, 'ts': 1779864764}, {'index': 4, 'row': 7, 'col': 8, 'color': 2, 'ts': 1779864764}, {'index': 5, 'row': 6, 'col': 8, 'color': 1, 'ts': 1779864766}, {'index': 6, 'row': 8, 'col': 9, 'color': 2, 'ts': 1779864766}, {'index': 7, 'row': 5, 'col': 6, 'color': 1, 'ts': 1779864767}, {'index': 8, 'row': 9, 'col': 10, 'color': 2, 'ts': 1779864767}, {'index': 9, 'row': 10, 'col': 11, 'color': 1, 'ts': 1779864769}, {'index': 10, 'row': 6, 'col': 6, 'color': 2, 'ts': 1779864769}, {'index': 11, 'row': 8, 'col': 8, 'color': 1, 'ts': 1779864773}, {'index': 12, 'row': 8, 'col': 6, 'color': 2, 'ts': 1779864773}, {'index': 13, 'row': 9, 'col': 9, 'color': 1, 'ts': 1779864778}, {'index': 14, 'row': 10, 'col': 10, 'color': 2, 'ts': 1779864778}, {'index': 15, 'row': 8, 'col': 10, 'color': 1, 'ts': 1779864779}, {'index': 16, 'row': 7, 'col': 9, 'color': 2, 'ts': 1779864779}, {'index': 17, 'row': 10, 'col': 8, 'color': 1, 'ts': 1779864791}, {'index': 18, 'row': 11, 'col': 7, 'color': 2, 'ts': 1779864791}, {'index': 19, 'row': 7, 'col': 11, 'color': 1, 'ts': 1779864804}, {'index': 20, 'row': 6, 'col': 12, 'color': 2, 'ts': 1779864804}, {'index': 21, 'row': 9, 'col': 8, 'color': 1, 'ts': 1779864813}, {'index': 22, 'row': 11, 'col': 8, 'color': 2, 'ts': 1779864813}, {'index': 23, 'row': 11, 'col': 9, 'color': 1, 'ts': 1779864819}, {'index': 24, 'row': 10, 'col': 9, 'color': 2, 'ts': 1779864819}, {'index': 25, 'row': 8, 'col': 11, 'color': 1, 'ts': 1779864825}, {'index': 26, 'row': 9, 'col': 11, 'color': 2, 'ts': 1779864825}, {'index': 27, 'row': 9, 'col': 7, 'color': 1, 'ts': 1779864836}, {'index': 28, 'row': 12, 'col': 7, 'color': 2, 'ts': 1779864836}, {'index': 29, 'row': 13, 'col': 6, 'color': 1, 'ts': 1779864838}, {'index': 30, 'row': 9, 'col': 6, 'color': 2, 'ts': 1779864838}, {'index': 31, 'row': 10, 'col': 7, 'color': 1, 'ts': 1779864841}, {'index': 32, 'row': 12, 'col': 10, 'color': 2, 'ts': 1779864841}, {'index': 33, 'row': 11, 'col': 10, 'color': 1, 'ts': 1779864844}, {'index': 34, 'row': 8, 'col': 7, 'color': 2, 'ts': 1779864844}, {'index': 35, 'row': 10, 'col': 5, 'color': 1, 'ts': 1779864861}, {'index': 36, 'row': 6, 'col': 9, 'color': 2, 'ts': 1779864861}, {'index': 37, 'row': 5, 'col': 10, 'color': 1, 'ts': 1779864867}, {'index': 38, 'row': 5, 'col': 9, 'color': 2, 'ts': 1779864867}, {'index': 39, 'row': 4, 'col': 9, 'color': 1, 'ts': 1779864870}, {'index': 40, 'row': 10, 'col': 6, 'color': 2, 'ts': 1779864870}, {'index': 41, 'row': 11, 'col': 6, 'color': 1, 'ts': 1779864876}, {'index': 42, 'row': 12, 'col': 5, 'color': 2, 'ts': 1779864876}, {'index': 43, 'row': 12, 'col': 6, 'color': 1, 'ts': 1779864882}, {'index': 44, 'row': 9, 'col': 12, 'color': 2, 'ts': 1779864882}, {'index': 45, 'row': 8, 'col': 12, 'color': 1, 'ts': 1779864887}, {'index': 46, 'row': 9, 'col': 13, 'color': 2, 'ts': 1779864887}, {'index': 47, 'row': 9, 'col': 14, 'color': 1, 'ts': 1779864889}, {'index': 48, 'row': 8, 'col': 13, 'color': 2, 'ts': 1779864889}, {'index': 49, 'row': 7, 'col': 13, 'color': 1, 'ts': 1779864898}, {'index': 50, 'row': 6, 'col': 11, 'color': 2, 'ts': 1779864898}, {'index': 51, 'row': 6, 'col': 10, 'color': 1, 'ts': 1779864903}, {'index': 52, 'row': 7, 'col': 10, 'color': 2, 'ts': 1779864903}, {'index': 53, 'row': 3, 'col': 8, 'color': 1, 'ts': 1779864935}, {'index': 54, 'row': 5, 'col': 12, 'color': 2, 'ts': 1779864935}, {'index': 55, 'row': 4, 'col': 13, 'color': 1, 'ts': 1779864937}, {'index': 56, 'row': 2, 'col': 7, 'color': 2, 'ts': 1779864937}, {'index': 57, 'row': 4, 'col': 12, 'color': 1, 'ts': 1779864950}, {'index': 58, 'row': 9, 'col': 5, 'color': 2, 'ts': 1779864950}, {'index': 59, 'row': 4, 'col': 11, 'color': 1, 'ts': 1779864963}, {'index': 60, 'row': 4, 'col': 10, 'color': 2, 'ts': 1779864963}, {'index': 61, 'row': 8, 'col': 4, 'color': 1, 'ts': 1779864987}, {'index': 62, 'row': 12, 'col': 8, 'color': 2, 'ts': 1779864987}, {'index': 63, 'row': 13, 'col': 9, 'color': 1, 'ts': 1779865003}, {'index': 64, 'row': 12, 'col': 9, 'color': 2, 'ts': 1779865003}, {'index': 65, 'row': 12, 'col': 11, 'color': 1, 'ts': 1779865004}, {'index': 66, 'row': 4, 'col': 7, 'color': 2, 'ts': 1779865004}, {'index': 67, 'row': 3, 'col': 7, 'color': 1, 'ts': 1779865019}, {'index': 68, 'row': 5, 'col': 8, 'color': 2, 'ts': 1779865019}, {'index': 69, 'row': 3, 'col': 6, 'color': 1, 'ts': 1779865021}, {'index': 70, 'row': 3, 'col': 9, 'color': 2, 'ts': 1779865021}, {'index': 71, 'row': 2, 'col': 8, 'color': 1, 'ts': 1779865030}, {'index': 72, 'row': 3, 'col': 5, 'color': 2, 'ts': 1779865030}, {'index': 73, 'row': 4, 'col': 6, 'color': 1, 'ts': 1779865036}, {'index': 74, 'row': 5, 'col': 5, 'color': 2, 'ts': 1779865036}, {'index': 75, 'row': 1, 'col': 9, 'color': 1, 'ts': 1779865039}, {'index': 76, 'row': 0, 'col': 10, 'color': 2, 'ts': 1779865039}, {'index': 77, 'row': 2, 'col': 10, 'color': 1, 'ts': 1779865053}, {'index': 78, 'row': 3, 'col': 11, 'color': 2, 'ts': 1779865053}, {'index': 79, 'row': 2, 'col': 12, 'color': 1, 'ts': 1779865067}, {'index': 80, 'row': 2, 'col': 6, 'color': 2, 'ts': 1779865067}, {'index': 81, 'row': 1, 'col': 7, 'color': 1, 'ts': 1779865076}, {'index': 82, 'row': 1, 'col': 8, 'color': 2, 'ts': 1779865076}, {'index': 83, 'row': 7, 'col': 5, 'color': 1, 'ts': 1779865099}, {'index': 84, 'row': 7, 'col': 4, 'color': 2, 'ts': 1779865099}, {'index': 85, 'row': 9, 'col': 3, 'color': 1, 'ts': 1779865102}, {'index': 86, 'row': 10, 'col': 2, 'color': 2, 'ts': 1779865102}, {'index': 87, 'row': 11, 'col': 5, 'color': 1, 'ts': 1779865111}, {'index': 88, 'row': 10, 'col': 4, 'color': 2, 'ts': 1779865111}, {'index': 89, 'row': 11, 'col': 3, 'color': 1, 'ts': 1779865113}, {'index': 90, 'row': 11, 'col': 4, 'color': 2, 'ts': 1779865113}, {'index': 91, 'row': 9, 'col': 4, 'color': 1, 'ts': 1779865117}, {'index': 92, 'row': 8, 'col': 3, 'color': 2, 'ts': 1779865117}, {'index': 93, 'row': 9, 'col': 2, 'color': 1, 'ts': 1779865120}, {'index': 94, 'row': 9, 'col': 1, 'color': 2, 'ts': 1779865120}, {'index': 95, 'row': 13, 'col': 7, 'color': 1, 'ts': 1779865145}, {'index': 96, 'row': 13, 'col': 8, 'color': 2, 'ts': 1779865145}, {'index': 97, 'row': 13, 'col': 5, 'color': 1, 'ts': 1779865150}, {'index': 98, 'row': 13, 'col': 4, 'color': 2, 'ts': 1779865150}, {'index': 99, 'row': 12, 'col': 4, 'color': 1, 'ts': 1779865153}, {'index': 100, 'row': 4, 'col': 5, 'color': 2, 'ts': 1779865153}, {'index': 101, 'row': 2, 'col': 5, 'color': 1, 'ts': 1779865161}, {'index': 102, 'row': 2, 'col': 11, 'color': 2, 'ts': 1779865161}, {'index': 103, 'row': 1, 'col': 11, 'color': 1, 'ts': 1779865166}, {'index': 104, 'row': 3, 'col': 12, 'color': 2, 'ts': 1779865166}, {'index': 105, 'row': 3, 'col': 13, 'color': 1, 'ts': 1779865175}, {'index': 106, 'row': 5, 'col': 11, 'color': 2, 'ts': 1779865175}, {'index': 107, 'row': 12, 'col': 3, 'color': 1, 'ts': 1779865194}, {'index': 108, 'row': 10, 'col': 3, 'color': 2, 'ts': 1779865194}, {'index': 109, 'row': 10, 'col': 1, 'color': 1, 'ts': 1779865199}, {'index': 110, 'row': 5, 'col': 13, 'color': 2, 'ts': 1779865199}, {'index': 111, 'row': 5, 'col': 14, 'color': 1, 'ts': 1779865211}, {'index': 112, 'row': 4, 'col': 4, 'color': 2, 'ts': 1779865211}, {'index': 113, 'row': 5, 'col': 3, 'color': 1, 'ts': 1779865214}, {'index': 114, 'row': 3, 'col': 3, 'color': 2, 'ts': 1779865214}, {'index': 115, 'row': 2, 'col': 2, 'color': 1, 'ts': 1779865216}, {'index': 116, 'row': 1, 'col': 10, 'color': 2, 'ts': 1779865216}, {'index': 117, 'row': 0, 'col': 9, 'color': 1, 'ts': 1779865223}, {'index': 118, 'row': 11, 'col': 11, 'color': 2, 'ts': 1779865223}, {'index': 119, 'row': 10, 'col': 12, 'color': 1, 'ts': 1779865226}, {'index': 120, 'row': 10, 'col': 13, 'color': 2, 'ts': 1779865226}, {'index': 121, 'row': 11, 'col': 13, 'color': 1, 'ts': 1779865228}, {'index': 122, 'row': 3, 'col': 4, 'color': 2, 'ts': 1779865228}, {'index': 123, 'row': 2, 'col': 4, 'color': 1, 'ts': 1779865235}, {'index': 124, 'row': 3, 'col': 2, 'color': 2, 'ts': 1779865235}, {'index': 125, 'row': 3, 'col': 1, 'color': 1, 'ts': 1779865237}, {'index': 126, 'row': 2, 'col': 3, 'color': 2, 'ts': 1779865237}, {'index': 127, 'row': 1, 'col': 3, 'color': 1, 'ts': 1779865249}, {'index': 128, 'row': 1, 'col': 2, 'color': 2, 'ts': 1779865249}, {'index': 129, 'row': 0, 'col': 1, 'color': 1, 'ts': 1779865252}, {'index': 130, 'row': 4, 'col': 0, 'color': 2, 'ts': 1779865252}, {'index': 131, 'row': 4, 'col': 1, 'color': 1, 'ts': 1779865256}, {'index': 132, 'row': 2, 'col': 1, 'color': 2, 'ts': 1779865256}, {'index': 133, 'row': 4, 'col': 3, 'color': 1, 'ts': 1779865260}, {'index': 134, 'row': 4, 'col': 2, 'color': 2, 'ts': 1779865260}, {'index': 135, 'row': 5, 'col': 2, 'color': 1, 'ts': 1779865266}, {'index': 136, 'row': 5, 'col': 1, 'color': 2, 'ts': 1779865266}, {'index': 137, 'row': 6, 'col': 2, 'color': 1, 'ts': 1779865270}, {'index': 138, 'row': 3, 'col': 0, 'color': 2, 'ts': 1779865270}, {'index': 139, 'row': 2, 'col': 0, 'color': 1, 'ts': 1779865273}, {'index': 140, 'row': 1, 'col': 4, 'color': 2, 'ts': 1779865273}, {'index': 141, 'row': 8, 'col': 2, 'color': 1, 'ts': 1779865287}, {'index': 142, 'row': 7, 'col': 2, 'color': 2, 'ts': 1779865287}, {'index': 143, 'row': 6, 'col': 3, 'color': 1, 'ts': 1779865297}, {'index': 144, 'row': 6, 'col': 1, 'color': 2, 'ts': 1779865297}, {'index': 145, 'row': 6, 'col': 4, 'color': 1, 'ts': 1779865310}, {'index': 146, 'row': 7, 'col': 1, 'color': 2, 'ts': 1779865310}, {'index': 147, 'row': 8, 'col': 1, 'color': 1, 'ts': 1779865313}, {'index': 148, 'row': 7, 'col': 3, 'color': 2, 'ts': 1779865313}, {'index': 149, 'row': 7, 'col': 0, 'color': 1, 'ts': 1779865315}, {'index': 150, 'row': 13, 'col': 3, 'color': 2, 'ts': 1779865315}, {'index': 151, 'row': 13, 'col': 2, 'color': 1, 'ts': 1779865322}, {'index': 152, 'row': 12, 'col': 2, 'color': 2, 'ts': 1779865322}, {'index': 153, 'row': 11, 'col': 1, 'color': 1, 'ts': 1779865324}, {'index': 154, 'row': 11, 'col': 2, 'color': 2, 'ts': 1779865324}, {'index': 155, 'row': 12, 'col': 1, 'color': 1, 'ts': 1779865328}, {'index': 156, 'row': 13, 'col': 1, 'color': 2, 'ts': 1779865328}, {'index': 157, 'row': 14, 'col': 2, 'color': 1, 'ts': 1779865331}, {'index': 158, 'row': 13, 'col': 10, 'color': 2, 'ts': 1779865331}, {'index': 159, 'row': 14, 'col': 10, 'color': 1, 'ts': 1779865334}, {'index': 160, 'row': 12, 'col': 12, 'color': 2, 'ts': 1779865334}, {'index': 161, 'row': 13, 'col': 13, 'color': 1, 'ts': 1779865337}, {'index': 162, 'row': 13, 'col': 12, 'color': 2, 'ts': 1779865337}, {'index': 163, 'row': 14, 'col': 12, 'color': 1, 'ts': 1779865339}, {'index': 164, 'row': 14, 'col': 11, 'color': 2, 'ts': 1779865339}, {'index': 165, 'row': 13, 'col': 11, 'color': 1, 'ts': 1779865342}, {'index': 166, 'row': 12, 'col': 13, 'color': 2, 'ts': 1779865342}, {'index': 167, 'row': 11, 'col': 14, 'color': 1, 'ts': 1779865344}, {'index': 168, 'row': 10, 'col': 14, 'color': 2, 'ts': 1779865344}, {'index': 169, 'row': 12, 'col': 14, 'color': 1, 'ts': 1779865346}, {'index': 170, 'row': 6, 'col': 13, 'color': 2, 'ts': 1779865346}, {'index': 171, 'row': 6, 'col': 14, 'color': 1, 'ts': 1779865349}, {'index': 172, 'row': 7, 'col': 14, 'color': 2, 'ts': 1779865349}, {'index': 173, 'row': 8, 'col': 14, 'color': 1, 'ts': 1779865351}, {'index': 174, 'row': 14, 'col': 3, 'color': 2, 'ts': 1779865351}, {'index': 175, 'row': 14, 'col': 4, 'color': 1, 'ts': 1779865353}, {'index': 176, 'row': 2, 'col': 13, 'color': 2, 'ts': 1779865353}, {'index': 177, 'row': 1, 'col': 14, 'color': 1, 'ts': 1779865355}, {'index': 178, 'row': 5, 'col': 0, 'color': 2, 'ts': 1779865355}, {'index': 179, 'row': 6, 'col': 0, 'color': 1, 'ts': 1779865357}, {'index': 180, 'row': 1, 'col': 12, 'color': 2, 'ts': 1779865357}, {'index': 181, 'row': 0, 'col': 12, 'color': 1, 'ts': 1779865359}, {'index': 182, 'row': 0, 'col': 13, 'color': 2, 'ts': 1779865359}, {'index': 183, 'row': 3, 'col': 10, 'color': 1, 'ts': 1779865361}, {'index': 184, 'row': 0, 'col': 11, 'color': 2, 'ts': 1779865361}, {'index': 185, 'row': 3, 'col': 14, 'color': 1, 'ts': 1779865363}, {'index': 186, 'row': 4, 'col': 14, 'color': 2, 'ts': 1779865363}, {'index': 187, 'row': 1, 'col': 13, 'color': 1, 'ts': 1779865366}, {'index': 188, 'row': 13, 'col': 14, 'color': 2, 'ts': 1779865366}, {'index': 189, 'row': 14, 'col': 14, 'color': 1, 'ts': 1779865368}, {'index': 190, 'row': 8, 'col': 0, 'color': 2, 'ts': 1779865368}, {'index': 191, 'row': 9, 'col': 0, 'color': 1, 'ts': 1779865370}, {'index': 192, 'row': 2, 'col': 14, 'color': 2, 'ts': 1779865370}, {'index': 193, 'row': 0, 'col': 14, 'color': 1, 'ts': 1779865371}, {'index': 194, 'row': 1, 'col': 6, 'color': 2, 'ts': 1779865371}, {'index': 195, 'row': 0, 'col': 6, 'color': 1, 'ts': 1779865376}, {'index': 196, 'row': 0, 'col': 7, 'color': 2, 'ts': 1779865376}, {'index': 197, 'row': 0, 'col': 4, 'color': 1, 'ts': 1779865378}, {'index': 198, 'row': 0, 'col': 5, 'color': 2, 'ts': 1779865378}, {'index': 199, 'row': 1, 'col': 5, 'color': 1, 'ts': 1779865380}, {'index': 200, 'row': 0, 'col': 2, 'color': 2, 'ts': 1779865380}, {'index': 201, 'row': 0, 'col': 3, 'color': 1, 'ts': 1779865382}, {'index': 202, 'row': 6, 'col': 5, 'color': 2, 'ts': 1779865382}, {'index': 203, 'row': 5, 'col': 4, 'color': 1, 'ts': 1779865384}, {'index': 204, 'row': 1, 'col': 1, 'color': 2, 'ts': 1779865384}, {'index': 205, 'row': 1, 'col': 0, 'color': 1, 'ts': 1779865385}, {'index': 206, 'row': 5, 'col': 7, 'color': 2, 'ts': 1779865385}, {'index': 207, 'row': 4, 'col': 8, 'color': 1, 'ts': 1779865387}, {'index': 208, 'row': 14, 'col': 9, 'color': 2, 'ts': 1779865387}, {'index': 209, 'row': 14, 'col': 8, 'color': 1, 'ts': 1779865390}, {'index': 210, 'row': 14, 'col': 7, 'color': 2, 'ts': 1779865390}, {'index': 211, 'row': 14, 'col': 6, 'color': 1, 'ts': 1779865391}, {'index': 212, 'row': 10, 'col': 0, 'color': 2, 'ts': 1779865391}, {'index': 213, 'row': 11, 'col': 0, 'color': 1, 'ts': 1779865392}, {'index': 214, 'row': 14, 'col': 1, 'color': 2, 'ts': 1779865392}, {'index': 215, 'row': 12, 'col': 0, 'color': 1, 'ts': 1779865394}, {'index': 216, 'row': 13, 'col': 0, 'color': 2, 'ts': 1779865394}, {'index': 217, 'row': 14, 'col': 0, 'color': 1, 'ts': 1779865395}, {'index': 218, 'row': 8, 'col': 5, 'color': 2, 'ts': 1779865395}, {'index': 219, 'row': 14, 'col': 5, 'color': 1, 'ts': 1779865397}, {'index': 220, 'row': 7, 'col': 12, 'color': 2, 'ts': 1779865397}, {'index': 221, 'row': 11, 'col': 12, 'color': 1, 'ts': 1779865399}, {'index': 222, 'row': 2, 'col': 9, 'color': 2, 'ts': 1779865399}, {'index': 223, 'row': 14, 'col': 13, 'color': 1, 'ts': 1779865400}, {'index': 224, 'row': 0, 'col': 8, 'color': 2, 'ts': 1779865400}, {'index': 225, 'row': 0, 'col': 0, 'color': 1, 'ts': 1779865403}]}}
2026-05-27 15:04:49 [INFO] -> C2S_LOGOUT seq=179 data={}
2026-05-27 15:04:49 [INFO] recv disconnected: peer closed during recv
2026-05-27 15:04:49 [INFO] connection closed
2026-05-27 16:07:54 [INFO] <- S2C_LOBBY_INFO seq=0 data={'online': ['alice', 'bob'], 'online_count': 2, 'queue_size': 0, 'active_rooms': []}
2026-05-27 16:08:36 [INFO] -> C2S_MATCH_START seq=2 data={}
2026-05-27 16:08:36 [INFO] <- S2C_LOBBY_INFO seq=0 data={'online': ['alice', 'bob'], 'online_count': 2, 'queue_size': 1, 'active_rooms': []}
2026-05-27 16:08:43 [INFO] <- S2C_MATCH_OK seq=0 data={'room_id': 1, 'board_size': 15, 'you': 'alice', 'opponent': {'username': 'bob', 'score': 1030}, 'your_color': 1, 'turn_color': 1}
2026-05-27 16:08:55 [INFO] -> C2S_MOVE seq=3 data={'row': 7, 'col': 7}
2026-05-27 16:08:55 [INFO] <- S2C_MOVE_RESULT seq=0 data={'ok': True, 'row': 7, 'col': 7, 'color': 1, 'next_turn': 2, 'winner': 0}
2026-05-27 16:08:57 [INFO] <- S2C_MOVE_RESULT seq=0 data={'ok': True, 'row': 6, 'col': 8, 'color': 2, 'next_turn': 1, 'winner': 0}
2026-05-27 16:08:58 [INFO] -> C2S_MOVE seq=4 data={'row': 7, 'col': 9}
2026-05-27 16:08:58 [INFO] <- S2C_MOVE_RESULT seq=0 data={'ok': True, 'row': 7, 'col': 9, 'color': 1, 'next_turn': 2, 'winner': 0}
2026-05-27 16:09:00 [INFO] <- S2C_MOVE_RESULT seq=0 data={'ok': True, 'row': 8, 'col': 8, 'color': 2, 'next_turn': 1, 'winner': 0}
2026-05-27 16:09:01 [INFO] -> C2S_MOVE seq=5 data={'row': 6, 'col': 10}
2026-05-27 16:09:01 [INFO] <- S2C_MOVE_RESULT seq=0 data={'ok': True, 'row': 6, 'col': 10, 'color': 1, 'next_turn': 2, 'winner': 0}
2026-05-27 16:09:04 [INFO] <- S2C_MOVE_RESULT seq=0 data={'ok': True, 'row': 8, 'col': 6, 'color': 2, 'next_turn': 1, 'winner': 0}
2026-05-27 16:09:06 [INFO] -> C2S_MOVE seq=6 data={'row': 5, 'col': 11}
2026-05-27 16:09:06 [INFO] <- S2C_MOVE_RESULT seq=0 data={'ok': True, 'row': 5, 'col': 11, 'color': 1, 'next_turn': 2, 'winner': 0}
2026-05-27 16:09:07 [INFO] <- S2C_MOVE_RESULT seq=0 data={'ok': True, 'row': 8, 'col': 7, 'color': 2, 'next_turn': 1, 'winner': 0}
2026-05-27 16:09:09 [INFO] -> C2S_MOVE seq=7 data={'row': 4, 'col': 12}
2026-05-27 16:09:09 [INFO] <- S2C_MOVE_RESULT seq=0 data={'ok': True, 'row': 4, 'col': 12, 'color': 1, 'next_turn': 2, 'winner': 0}
2026-05-27 16:09:10 [INFO] <- S2C_MOVE_RESULT seq=0 data={'ok': True, 'row': 8, 'col': 9, 'color': 2, 'next_turn': 1, 'winner': 0}
2026-05-27 16:09:12 [INFO] -> C2S_MOVE seq=8 data={'row': 3, 'col': 13}
2026-05-27 16:09:12 [INFO] <- S2C_MOVE_RESULT seq=0 data={'ok': True, 'row': 3, 'col': 13, 'color': 1, 'next_turn': 0, 'winner': 1}
2026-05-27 16:09:12 [INFO] <- S2C_ROOM_CLOSED seq=0 data={'reason': '五子连珠', 'your_result': 'win'}
2026-05-27 16:09:12 [INFO] <- S2C_LOBBY_INFO seq=0 data={'online': ['alice', 'bob'], 'online_count': 2, 'queue_size': 0, 'active_rooms': []}
2026-05-27 16:09:21 [INFO] -> C2S_RANK_LIST seq=9 data={'limit': 10}
2026-05-27 16:09:21 [INFO] <- S2C_RANK_LIST seq=9 data={'items': [{'rank': 1, 'username': 'ali', 'score': 1030, 'total': 1, 'win': 1}, {'rank': 2, 'username': 'bob', 'score': 1000, 'total': 2, 'win': 1}, {'rank': 3, 'username': 'aaa', 'score': 1000, 'total': 0, 'win': 0}, {'rank': 4, 'username': 'ccc', 'score': 1000, 'total': 0, 'win': 0}, {'rank': 5, 'username': 'bbb', 'score': 940, 'total': 2, 'win': 0}, {'rank': 6, 'username': 'alice', 'score': 880, 'total': 7, 'win': 1}]}
2026-05-27 16:09:22 [INFO] -> C2S_LOGOUT seq=10 data={}
2026-05-27 16:09:22 [INFO] recv disconnected: peer closed during recv
2026-05-27 16:09:22 [INFO] connection closed
